Archive member included to satisfy reference by file (symbol)

/opt/homebrew/Cellar/arm-none-eabi-gcc/10.3-2021.07/gcc/bin/../lib/gcc/arm-none-eabi/10.3.1/thumb/v6-m/nofp/libgcc.a(_dvmd_tls.o)
                              CMakeFiles/adc_display.dir/Users/thetragedyofdarthwise/pico/pico-sdk/src/rp2_common/pico_divider/divider.S.obj (__aeabi_idiv0)
/opt/homebrew/Cellar/arm-none-eabi-gcc/10.3-2021.07/gcc/bin/../lib/gcc/arm-none-eabi/10.3.1/../../../../arm-none-eabi/lib/thumb/v6-m/nofp/libc.a(lib_a-calloc.o)
                              CMakeFiles/adc_display.dir/Users/thetragedyofdarthwise/pico/pico-sdk/src/rp2_common/pico_malloc/pico_malloc.c.obj (calloc)
/opt/homebrew/Cellar/arm-none-eabi-gcc/10.3-2021.07/gcc/bin/../lib/gcc/arm-none-eabi/10.3.1/../../../../arm-none-eabi/lib/thumb/v6-m/nofp/libc.a(lib_a-callocr.o)
                              /opt/homebrew/Cellar/arm-none-eabi-gcc/10.3-2021.07/gcc/bin/../lib/gcc/arm-none-eabi/10.3.1/../../../../arm-none-eabi/lib/thumb/v6-m/nofp/libc.a(lib_a-calloc.o) (_calloc_r)
/opt/homebrew/Cellar/arm-none-eabi-gcc/10.3-2021.07/gcc/bin/../lib/gcc/arm-none-eabi/10.3.1/../../../../arm-none-eabi/lib/thumb/v6-m/nofp/libc.a(lib_a-errno.o)
                              /opt/homebrew/Cellar/arm-none-eabi-gcc/10.3-2021.07/gcc/bin/../lib/gcc/arm-none-eabi/10.3.1/../../../../arm-none-eabi/lib/thumb/v6-m/nofp/libc.a(lib_a-callocr.o) (__errno)
/opt/homebrew/Cellar/arm-none-eabi-gcc/10.3-2021.07/gcc/bin/../lib/gcc/arm-none-eabi/10.3.1/../../../../arm-none-eabi/lib/thumb/v6-m/nofp/libc.a(lib_a-impure.o)
                              /opt/homebrew/Cellar/arm-none-eabi-gcc/10.3-2021.07/gcc/bin/../lib/gcc/arm-none-eabi/10.3.1/../../../../arm-none-eabi/lib/thumb/v6-m/nofp/libc.a(lib_a-calloc.o) (_impure_ptr)
/opt/homebrew/Cellar/arm-none-eabi-gcc/10.3-2021.07/gcc/bin/../lib/gcc/arm-none-eabi/10.3.1/../../../../arm-none-eabi/lib/thumb/v6-m/nofp/libc.a(lib_a-init.o)
                              /opt/homebrew/Cellar/arm-none-eabi-gcc/10.3-2021.07/gcc/bin/../lib/gcc/arm-none-eabi/10.3.1/../../../../arm-none-eabi/lib/thumb/v6-m/nofp/crt0.o (__libc_init_array)
/opt/homebrew/Cellar/arm-none-eabi-gcc/10.3-2021.07/gcc/bin/../lib/gcc/arm-none-eabi/10.3.1/../../../../arm-none-eabi/lib/thumb/v6-m/nofp/libc.a(lib_a-malloc.o)
                              CMakeFiles/adc_display.dir/Users/thetragedyofdarthwise/pico/pico-sdk/src/rp2_common/pico_malloc/pico_malloc.c.obj (malloc)
/opt/homebrew/Cellar/arm-none-eabi-gcc/10.3-2021.07/gcc/bin/../lib/gcc/arm-none-eabi/10.3.1/../../../../arm-none-eabi/lib/thumb/v6-m/nofp/libc.a(lib_a-mallocr.o)
                              /opt/homebrew/Cellar/arm-none-eabi-gcc/10.3-2021.07/gcc/bin/../lib/gcc/arm-none-eabi/10.3.1/../../../../arm-none-eabi/lib/thumb/v6-m/nofp/libc.a(lib_a-callocr.o) (_malloc_r)
/opt/homebrew/Cellar/arm-none-eabi-gcc/10.3-2021.07/gcc/bin/../lib/gcc/arm-none-eabi/10.3.1/../../../../arm-none-eabi/lib/thumb/v6-m/nofp/libc.a(lib_a-mlock.o)
                              /opt/homebrew/Cellar/arm-none-eabi-gcc/10.3-2021.07/gcc/bin/../lib/gcc/arm-none-eabi/10.3.1/../../../../arm-none-eabi/lib/thumb/v6-m/nofp/libc.a(lib_a-mallocr.o) (__malloc_lock)
/opt/homebrew/Cellar/arm-none-eabi-gcc/10.3-2021.07/gcc/bin/../lib/gcc/arm-none-eabi/10.3.1/../../../../arm-none-eabi/lib/thumb/v6-m/nofp/libc.a(lib_a-realloc.o)
                              CMakeFiles/adc_display.dir/Users/thetragedyofdarthwise/pico/pico-sdk/src/rp2_common/pico_malloc/pico_malloc.c.obj (realloc)
/opt/homebrew/Cellar/arm-none-eabi-gcc/10.3-2021.07/gcc/bin/../lib/gcc/arm-none-eabi/10.3.1/../../../../arm-none-eabi/lib/thumb/v6-m/nofp/libc.a(lib_a-reallocr.o)
                              /opt/homebrew/Cellar/arm-none-eabi-gcc/10.3-2021.07/gcc/bin/../lib/gcc/arm-none-eabi/10.3.1/../../../../arm-none-eabi/lib/thumb/v6-m/nofp/libc.a(lib_a-realloc.o) (_realloc_r)
/opt/homebrew/Cellar/arm-none-eabi-gcc/10.3-2021.07/gcc/bin/../lib/gcc/arm-none-eabi/10.3.1/../../../../arm-none-eabi/lib/thumb/v6-m/nofp/libc.a(lib_a-sbrkr.o)
                              /opt/homebrew/Cellar/arm-none-eabi-gcc/10.3-2021.07/gcc/bin/../lib/gcc/arm-none-eabi/10.3.1/../../../../arm-none-eabi/lib/thumb/v6-m/nofp/libc.a(lib_a-mallocr.o) (_sbrk_r)
/opt/homebrew/Cellar/arm-none-eabi-gcc/10.3-2021.07/gcc/bin/../lib/gcc/arm-none-eabi/10.3.1/../../../../arm-none-eabi/lib/thumb/v6-m/nofp/libc.a(lib_a-strlen-stub.o)
                              CMakeFiles/adc_display.dir/Users/thetragedyofdarthwise/pico/pico-sdk/src/rp2_common/pico_stdio/stdio.c.obj (strlen)
/opt/homebrew/Cellar/arm-none-eabi-gcc/10.3-2021.07/gcc/bin/../lib/gcc/arm-none-eabi/10.3.1/../../../../arm-none-eabi/lib/thumb/v6-m/nofp/libc.a(lib_a-freer.o)
                              /opt/homebrew/Cellar/arm-none-eabi-gcc/10.3-2021.07/gcc/bin/../lib/gcc/arm-none-eabi/10.3.1/../../../../arm-none-eabi/lib/thumb/v6-m/nofp/libc.a(lib_a-malloc.o) (_free_r)
[...]
Memory Configuration

Name             Origin             Length             Attributes
FLASH            0x0000000010000000 0x0000000000200000 xr
RAM              0x0000000020000000 0x0000000000040000 xrw
SCRATCH_X        0x0000000020040000 0x0000000000001000 xrw
SCRATCH_Y        0x0000000020041000 0x0000000000001000 xrw
*default*        0x0000000000000000 0xffffffffffffffff

Linker script and memory map

LOAD /opt/homebrew/Cellar/arm-none-eabi-gcc/10.3-2021.07/gcc/bin/../lib/gcc/arm-none-eabi/10.3.1/thumb/v6-m/nofp/crti.o
LOAD /opt/homebrew/Cellar/arm-none-eabi-gcc/10.3-2021.07/gcc/bin/../lib/gcc/arm-none-eabi/10.3.1/thumb/v6-m/nofp/crtbegin.o
LOAD /opt/homebrew/Cellar/arm-none-eabi-gcc/10.3-2021.07/gcc/bin/../lib/gcc/arm-none-eabi/10.3.1/../../../../arm-none-eabi/lib/thumb/v6-m/nofp/crt0.o

.flash_begin    0x0000000010000000        0x0
                0x0000000010000000                __flash_binary_start = .

.boot2          0x0000000010000000      0x100
                0x0000000010000000                __boot2_start__ = .
 *(.boot2)
 .boot2         0x0000000010000000      0x100 /var/folders/v4/7zxsd_212rv0j7qc8whpzjbm0000gn/T//cciiYMhJ.o
                0x0000000010000100                __boot2_end__ = .
                0x0000000000000001                ASSERT (((__boot2_end__ - __boot2_start__) == 0x100), ERROR: Pico second stage bootloader must be 256 bytes in size)

.text           0x0000000010000100     0x7868
                0x0000000010000100                __logical_binary_start = .
 *(.vectors)
 .vectors       0x0000000010000100       0xd4 CMakeFiles/adc_display.dir/Users/thetragedyofdarthwise/pico/pico-sdk/src/rp2_common/pico_standard_link/crt0.S.obj
                0x0000000010000100                __VECTOR_TABLE
                0x0000000010000100                __vectors
                0x00000000100001c0                __default_isrs_start
                0x00000000100001c0                isr_invalid
                0x00000000100001c2                isr_nmi
                0x00000000100001c4                isr_hardfault
                0x00000000100001c6                isr_svcall
                0x00000000100001c8                isr_pendsv
                0x00000000100001ca                isr_systick
                0x00000000100001cc                isr_irq28
                0x00000000100001cc                isr_irq19
                0x00000000100001cc                isr_irq0
                0x00000000100001cc                isr_irq6
                0x00000000100001cc                isr_irq22
                0x00000000100001cc                isr_irq17
                0x00000000100001cc                isr_irq14
                0x00000000100001cc                isr_irq2
                0x00000000100001cc                isr_irq10
                0x00000000100001cc                isr_irq8
                0x00000000100001cc                isr_irq24
                0x00000000100001cc                isr_irq1
                0x00000000100001cc                isr_irq7
                0x00000000100001cc                isr_irq21
                0x00000000100001cc                isr_irq20
                0x00000000100001cc                isr_irq15
                0x00000000100001cc                isr_irq25
                0x00000000100001cc                isr_irq4
                0x00000000100001cc                isr_irq16
                0x00000000100001cc                isr_irq29
                0x00000000100001cc                isr_irq26
                0x00000000100001cc                __default_isrs_end
                0x00000000100001cc                isr_irq3
                0x00000000100001cc                isr_irq9
                0x00000000100001cc                __unhandled_user_irq
                0x00000000100001cc                isr_irq13
                0x00000000100001cc                isr_irq27
                0x00000000100001cc                isr_irq31
                0x00000000100001cc                isr_irq5
                0x00000000100001cc                isr_irq11
                0x00000000100001cc                isr_irq23
                0x00000000100001cc                isr_irq18
                0x00000000100001cc                isr_irq30
                0x00000000100001cc                isr_irq12
                0x00000000100001d2                unhandled_user_irq_num_in_r0
 *(.binary_info_header)
 .binary_info_header
                0x00000000100001d4       0x14 CMakeFiles/adc_display.dir/Users/thetragedyofdarthwise/pico/pico-sdk/src/rp2_common/pico_standard_link/crt0.S.obj
                0x00000000100001e8                __binary_info_header_end = .
 *(.reset)
 .reset         0x00000000100001e8       0xa0 CMakeFiles/adc_display.dir/Users/thetragedyofdarthwise/pico/pico-sdk/src/rp2_common/pico_standard_link/crt0.S.obj
                0x00000000100001e8                _entry_point
 .reset         0x0000000010000288       0x30 CMakeFiles/adc_display.dir/Users/thetragedyofdarthwise/pico/pico-sdk/src/rp2_common/pico_standard_link/binary_info.c.obj
 *(.init)
 .init          0x00000000100002b8        0x4 /opt/homebrew/Cellar/arm-none-eabi-gcc/10.3-2021.07/gcc/bin/../lib/gcc/arm-none-eabi/10.3.1/thumb/v6-m/nofp/crti.o
                0x00000000100002b8                _init
 *(EXCLUDE_FILE(*libm.a: *libc.a:*lib_a-mem*.o *libgcc.a:) .text*)
 .text          0x00000000100002bc       0x48 /opt/homebrew/Cellar/arm-none-eabi-gcc/10.3-2021.07/gcc/bin/../lib/gcc/arm-none-eabi/10.3.1/thumb/v6-m/nofp/crtbegin.o
 .text.setup_gpios
                0x0000000010000304       0x94 CMakeFiles/adc_display.dir/main.c.obj
                0x0000000010000304                setup_gpios
 .text.bootloader_animation
                0x0000000010000398       0xd4 CMakeFiles/adc_display.dir/main.c.obj
                0x0000000010000398                bootloader_animation
 .text.mux_engine
                0x000000001000046c       0x24 CMakeFiles/adc_display.dir/main.c.obj
                0x000000001000046c                mux_engine
 .text.startup.main
                0x0000000010000490       0xa4 CMakeFiles/adc_display.dir/main.c.obj
                0x0000000010000490                main
 .text.graphics_engine
                0x0000000010000534       0x90 CMakeFiles/adc_display.dir/main.c.obj
                0x0000000010000534                graphics_engine
 .text.second_core_code
                0x00000000100005c4        0x8 CMakeFiles/adc_display.dir/main.c.obj
                0x00000000100005c4                second_core_code
 .text.ssd1306_draw_char_with_font.part.0
                0x00000000100005cc      0x148 CMakeFiles/adc_display.dir/Users/thetragedyofdarthwise/PicoDev/explorer/MUX/ssd1306.c.obj
 .text.ssd1306_init
                0x0000000010000714      0x14c CMakeFiles/adc_display.dir/Users/thetragedyofdarthwise/PicoDev/explorer/MUX/ssd1306.c.obj
                0x0000000010000714                ssd1306_init
 .text.ssd1306_deinit
                0x0000000010000860        0xc CMakeFiles/adc_display.dir/Users/thetragedyofdarthwise/PicoDev/explorer/MUX/ssd1306.c.obj
                0x0000000010000860                ssd1306_deinit
 .text.ssd1306_poweroff
                0x000000001000086c       0x48 CMakeFiles/adc_display.dir/Users/thetragedyofdarthwise/PicoDev/explorer/MUX/ssd1306.c.obj
                0x000000001000086c                ssd1306_poweroff
 .text.ssd1306_poweron
                0x00000000100008b4       0x48 CMakeFiles/adc_display.dir/Users/thetragedyofdarthwise/PicoDev/explorer/MUX/ssd1306.c.obj
                0x00000000100008b4                ssd1306_poweron
 .text.ssd1306_invert
                0x00000000100008fc       0x50 CMakeFiles/adc_display.dir/Users/thetragedyofdarthwise/PicoDev/explorer/MUX/ssd1306.c.obj
                0x00000000100008fc                ssd1306_invert
 .text.ssd1306_clear
                0x000000001000094c       0x10 CMakeFiles/adc_display.dir/Users/thetragedyofdarthwise/PicoDev/explorer/MUX/ssd1306.c.obj
                0x000000001000094c                ssd1306_clear
 .text.ssd1306_draw_pixel
                0x000000001000095c       0x28 CMakeFiles/adc_display.dir/Users/thetragedyofdarthwise/PicoDev/explorer/MUX/ssd1306.c.obj
                0x000000001000095c                ssd1306_draw_pixel
 .text.ssd1306_draw_line
                0x0000000010000984       0xd4 CMakeFiles/adc_display.dir/Users/thetragedyofdarthwise/PicoDev/explorer/MUX/ssd1306.c.obj
                0x0000000010000984                ssd1306_draw_line
 .text.ssd1306_draw_string
                0x0000000010000a58       0x68 CMakeFiles/adc_display.dir/Users/thetragedyofdarthwise/PicoDev/explorer/MUX/ssd1306.c.obj
                0x0000000010000a58                ssd1306_draw_string
 .text.ssd1306_show
                0x0000000010000ac0       0xd0 CMakeFiles/adc_display.dir/Users/thetragedyofdarthwise/PicoDev/explorer/MUX/ssd1306.c.obj
                0x0000000010000ac0                ssd1306_show
 .text.gpio_set_function
                0x0000000010000b90       0x30 CMakeFiles/adc_display.dir/Users/thetragedyofdarthwise/pico/pico-sdk/src/rp2_common/hardware_gpio/gpio.c.obj
                0x0000000010000b90                gpio_set_function
 .text.gpio_set_pulls
                0x0000000010000bc0       0x30 CMakeFiles/adc_display.dir/Users/thetragedyofdarthwise/pico/pico-sdk/src/rp2_common/hardware_gpio/gpio.c.obj
                0x0000000010000bc0                gpio_set_pulls
 .text.gpio_set_input_enabled
                0x0000000010000bf0       0x28 CMakeFiles/adc_display.dir/Users/thetragedyofdarthwise/pico/pico-sdk/src/rp2_common/hardware_gpio/gpio.c.obj
                0x0000000010000bf0                gpio_set_input_enabled
 .text.gpio_init
                0x0000000010000c18       0x3c CMakeFiles/adc_display.dir/Users/thetragedyofdarthwise/pico/pico-sdk/src/rp2_common/hardware_gpio/gpio.c.obj
                0x0000000010000c18                gpio_init
 .text.running_on_fpga
                0x0000000010000c54       0x10 CMakeFiles/adc_display.dir/Users/thetragedyofdarthwise/pico/pico-sdk/src/rp2_common/pico_platform/platform.c.obj
                0x0000000010000c54                running_on_fpga
 .text.hw_claim_or_assert
                0x0000000010000c64       0x44 CMakeFiles/adc_display.dir/Users/thetragedyofdarthwise/pico/pico-sdk/src/rp2_common/hardware_claim/claim.c.obj
                0x0000000010000c64                hw_claim_or_assert
 .text.hw_claim_unused_from_range
                0x0000000010000ca8       0x9c CMakeFiles/adc_display.dir/Users/thetragedyofdarthwise/pico/pico-sdk/src/rp2_common/hardware_claim/claim.c.obj
                0x0000000010000ca8                hw_claim_unused_from_range
 .text.spin_locks_reset
                0x0000000010000d44       0x1c CMakeFiles/adc_display.dir/Users/thetragedyofdarthwise/pico/pico-sdk/src/rp2_common/hardware_sync/sync.c.obj
                0x0000000010000d44                spin_locks_reset
 .text.next_striped_spin_lock_num
                0x0000000010000d60       0x18 CMakeFiles/adc_display.dir/Users/thetragedyofdarthwise/pico/pico-sdk/src/rp2_common/hardware_sync/sync.c.obj
                0x0000000010000d60                next_striped_spin_lock_num
 .text.spin_lock_claim_unused
                0x0000000010000d78       0x20 CMakeFiles/adc_display.dir/Users/thetragedyofdarthwise/pico/pico-sdk/src/rp2_common/hardware_sync/sync.c.obj
                0x0000000010000d78                spin_lock_claim_unused
 .text.irq_set_enabled
                0x0000000010000d98       0x24 CMakeFiles/adc_display.dir/Users/thetragedyofdarthwise/pico/pico-sdk/src/rp2_common/hardware_irq/irq.c.obj
                0x0000000010000d98                irq_set_enabled
 .text.irq_is_enabled
                0x0000000010000dbc       0x18 CMakeFiles/adc_display.dir/Users/thetragedyofdarthwise/pico/pico-sdk/src/rp2_common/hardware_irq/irq.c.obj
                0x0000000010000dbc                irq_is_enabled
 .text.irq_set_pending
                0x0000000010000dd4       0x10 CMakeFiles/adc_display.dir/Users/thetragedyofdarthwise/pico/pico-sdk/src/rp2_common/hardware_irq/irq.c.obj
                0x0000000010000dd4                irq_set_pending
 .text.irq_has_shared_handler
                0x0000000010000de4       0x2c CMakeFiles/adc_display.dir/Users/thetragedyofdarthwise/pico/pico-sdk/src/rp2_common/hardware_irq/irq.c.obj
                0x0000000010000de4                irq_has_shared_handler
 .text.irq_get_vtable_handler
                0x0000000010000e10       0x10 CMakeFiles/adc_display.dir/Users/thetragedyofdarthwise/pico/pico-sdk/src/rp2_common/hardware_irq/irq.c.obj
                0x0000000010000e10                irq_get_vtable_handler
 .text.irq_set_exclusive_handler
                0x0000000010000e20       0x54 CMakeFiles/adc_display.dir/Users/thetragedyofdarthwise/pico/pico-sdk/src/rp2_common/hardware_irq/irq.c.obj
                0x0000000010000e20                irq_set_exclusive_handler
 .text.irq_add_shared_handler
                0x0000000010000e74      0x1e8 CMakeFiles/adc_display.dir/Users/thetragedyofdarthwise/pico/pico-sdk/src/rp2_common/hardware_irq/irq.c.obj
                0x0000000010000e74                irq_add_shared_handler
 .text.irq_remove_handler
                0x000000001000105c      0x1b0 CMakeFiles/adc_display.dir/Users/thetragedyofdarthwise/pico/pico-sdk/src/rp2_common/hardware_irq/irq.c.obj
                0x000000001000105c                irq_remove_handler
 .text.irq_add_tail_to_free_list
                0x000000001000120c       0xb4 CMakeFiles/adc_display.dir/Users/thetragedyofdarthwise/pico/pico-sdk/src/rp2_common/hardware_irq/irq.c.obj
                0x000000001000120c                irq_add_tail_to_free_list
 .text.irq_init_priorities
                0x00000000100012c0       0x24 CMakeFiles/adc_display.dir/Users/thetragedyofdarthwise/pico/pico-sdk/src/rp2_common/hardware_irq/irq.c.obj
                0x00000000100012c0                irq_init_priorities
 .text.user_irq_claim_unused
                0x00000000100012e4       0x28 CMakeFiles/adc_display.dir/Users/thetragedyofdarthwise/pico/pico-sdk/src/rp2_common/hardware_irq/irq.c.obj
                0x00000000100012e4                user_irq_claim_unused
 .text.lock_init
                0x000000001000130c       0x10 CMakeFiles/adc_display.dir/Users/thetragedyofdarthwise/pico/pico-sdk/src/common/pico_sync/lock_core.c.obj
                0x000000001000130c                lock_init
 .text.mutex_init
                0x000000001000131c       0x1c CMakeFiles/adc_display.dir/Users/thetragedyofdarthwise/pico/pico-sdk/src/common/pico_sync/mutex.c.obj
                0x000000001000131c                mutex_init
 .text.recursive_mutex_init
                0x0000000010001338       0x1c CMakeFiles/adc_display.dir/Users/thetragedyofdarthwise/pico/pico-sdk/src/common/pico_sync/mutex.c.obj
                0x0000000010001338                recursive_mutex_init
 .text.critical_section_init
                0x0000000010001354       0x20 CMakeFiles/adc_display.dir/Users/thetragedyofdarthwise/pico/pico-sdk/src/common/pico_sync/critical_section.c.obj
                0x0000000010001354                critical_section_init
 .text.critical_section_init_with_lock_num
                0x0000000010001374       0x14 CMakeFiles/adc_display.dir/Users/thetragedyofdarthwise/pico/pico-sdk/src/common/pico_sync/critical_section.c.obj
                0x0000000010001374                critical_section_init_with_lock_num
 .text.timer_pool_entry_comparator
                0x0000000010001388       0x34 CMakeFiles/adc_display.dir/Users/thetragedyofdarthwise/pico/pico-sdk/src/common/pico_time/time.c.obj
                0x0000000010001388                timer_pool_entry_comparator
 .text.sleep_until_callback
                0x00000000100013bc       0x30 CMakeFiles/adc_display.dir/Users/thetragedyofdarthwise/pico/pico-sdk/src/common/pico_time/time.c.obj
 .text.add_alarm_under_lock.isra.0
                0x00000000100013ec      0x100 CMakeFiles/adc_display.dir/Users/thetragedyofdarthwise/pico/pico-sdk/src/common/pico_time/time.c.obj
 .text.alarm_pool_alarm_callback
                0x00000000100014ec      0x1b8 CMakeFiles/adc_display.dir/Users/thetragedyofdarthwise/pico/pico-sdk/src/common/pico_time/time.c.obj
 .text.alarm_pool_init_default
                0x00000000100016a4       0x6c CMakeFiles/adc_display.dir/Users/thetragedyofdarthwise/pico/pico-sdk/src/common/pico_time/time.c.obj
                0x00000000100016a4                alarm_pool_init_default
 .text.alarm_pool_get_default
                0x0000000010001710        0x8 CMakeFiles/adc_display.dir/Users/thetragedyofdarthwise/pico/pico-sdk/src/common/pico_time/time.c.obj
                0x0000000010001710                alarm_pool_get_default
 .text.alarm_pool_add_alarm_at
                0x0000000010001718      0x17c CMakeFiles/adc_display.dir/Users/thetragedyofdarthwise/pico/pico-sdk/src/common/pico_time/time.c.obj
                0x0000000010001718                alarm_pool_add_alarm_at
 .text.alarm_pool_cancel_alarm
                0x0000000010001894       0x74 CMakeFiles/adc_display.dir/Users/thetragedyofdarthwise/pico/pico-sdk/src/common/pico_time/time.c.obj
                0x0000000010001894                alarm_pool_cancel_alarm
 .text.alarm_pool_core_num
                0x0000000010001908        0x4 CMakeFiles/adc_display.dir/Users/thetragedyofdarthwise/pico/pico-sdk/src/common/pico_time/time.c.obj
                0x0000000010001908                alarm_pool_core_num
 .text.sleep_until
                0x000000001000190c       0xc4 CMakeFiles/adc_display.dir/Users/thetragedyofdarthwise/pico/pico-sdk/src/common/pico_time/time.c.obj
                0x000000001000190c                sleep_until
 .text.sleep_ms
                0x00000000100019d0       0x34 CMakeFiles/adc_display.dir/Users/thetragedyofdarthwise/pico/pico-sdk/src/common/pico_time/time.c.obj
                0x00000000100019d0                sleep_ms
 .text.best_effort_wfe_or_timeout
                0x0000000010001a04       0x78 CMakeFiles/adc_display.dir/Users/thetragedyofdarthwise/pico/pico-sdk/src/common/pico_time/time.c.obj
                0x0000000010001a04                best_effort_wfe_or_timeout
 .text.hardware_alarm_irq_handler
                0x0000000010001a7c       0xbc CMakeFiles/adc_display.dir/Users/thetragedyofdarthwise/pico/pico-sdk/src/rp2_common/hardware_timer/timer.c.obj
 .text.hardware_alarm_claim
                0x0000000010001b38       0x18 CMakeFiles/adc_display.dir/Users/thetragedyofdarthwise/pico/pico-sdk/src/rp2_common/hardware_timer/timer.c.obj
                0x0000000010001b38                hardware_alarm_claim
 .text.time_us_64
                0x0000000010001b50       0x14 CMakeFiles/adc_display.dir/Users/thetragedyofdarthwise/pico/pico-sdk/src/rp2_common/hardware_timer/timer.c.obj
                0x0000000010001b50                time_us_64
 .text.busy_wait_until
                0x0000000010001b64       0x20 CMakeFiles/adc_display.dir/Users/thetragedyofdarthwise/pico/pico-sdk/src/rp2_common/hardware_timer/timer.c.obj
                0x0000000010001b64                busy_wait_until
 .text.hardware_alarm_set_callback
                0x0000000010001b84       0x8c CMakeFiles/adc_display.dir/Users/thetragedyofdarthwise/pico/pico-sdk/src/rp2_common/hardware_timer/timer.c.obj
                0x0000000010001b84                hardware_alarm_set_callback
 .text.hardware_alarm_set_target
                0x0000000010001c10       0xe0 CMakeFiles/adc_display.dir/Users/thetragedyofdarthwise/pico/pico-sdk/src/rp2_common/hardware_timer/timer.c.obj
                0x0000000010001c10                hardware_alarm_set_target
 .text.hardware_alarm_cancel
                0x0000000010001cf0       0x3c CMakeFiles/adc_display.dir/Users/thetragedyofdarthwise/pico/pico-sdk/src/rp2_common/hardware_timer/timer.c.obj
                0x0000000010001cf0                hardware_alarm_cancel
 .text.ph_merge_nodes
                0x0000000010001d2c       0x68 CMakeFiles/adc_display.dir/Users/thetragedyofdarthwise/pico/pico-sdk/src/common/pico_util/pheap.c.obj
 .text.ph_post_alloc_init
                0x0000000010001d94       0x3c CMakeFiles/adc_display.dir/Users/thetragedyofdarthwise/pico/pico-sdk/src/common/pico_util/pheap.c.obj
                0x0000000010001d94                ph_post_alloc_init
 .text.ph_merge_two_pass
                0x0000000010001dd0       0x90 CMakeFiles/adc_display.dir/Users/thetragedyofdarthwise/pico/pico-sdk/src/common/pico_util/pheap.c.obj
                0x0000000010001dd0                ph_merge_two_pass
 .text.ph_remove_any_head
                0x0000000010001e60      0x100 CMakeFiles/adc_display.dir/Users/thetragedyofdarthwise/pico/pico-sdk/src/common/pico_util/pheap.c.obj
 .text.ph_remove_head
                0x0000000010001f60      0x104 CMakeFiles/adc_display.dir/Users/thetragedyofdarthwise/pico/pico-sdk/src/common/pico_util/pheap.c.obj
                0x0000000010001f60                ph_remove_head
 .text.ph_remove_and_free_node
                0x0000000010002064       0x7c CMakeFiles/adc_display.dir/Users/thetragedyofdarthwise/pico/pico-sdk/src/common/pico_util/pheap.c.obj
                0x0000000010002064                ph_remove_and_free_node
 .text.clocks_init
                0x00000000100020e0      0x2bc CMakeFiles/adc_display.dir/Users/thetragedyofdarthwise/pico/pico-sdk/src/rp2_common/hardware_clocks/clocks.c.obj
                0x00000000100020e0                clocks_init
 .text.clock_get_hz
                0x000000001000239c        0xc CMakeFiles/adc_display.dir/Users/thetragedyofdarthwise/pico/pico-sdk/src/rp2_common/hardware_clocks/clocks.c.obj
                0x000000001000239c                clock_get_hz
 .text.pll_init
                0x00000000100023a8       0xb0 CMakeFiles/adc_display.dir/Users/thetragedyofdarthwise/pico/pico-sdk/src/rp2_common/hardware_pll/pll.c.obj
                0x00000000100023a8                pll_init
 .text.watchdog_start_tick
                0x0000000010002458       0x10 CMakeFiles/adc_display.dir/Users/thetragedyofdarthwise/pico/pico-sdk/src/rp2_common/hardware_watchdog/watchdog.c.obj
                0x0000000010002458                watchdog_start_tick
 .text.watchdog_reboot
                0x0000000010002468       0x98 CMakeFiles/adc_display.dir/Users/thetragedyofdarthwise/pico/pico-sdk/src/rp2_common/hardware_watchdog/watchdog.c.obj
                0x0000000010002468                watchdog_reboot
 .text.xosc_init
                0x0000000010002500       0x28 CMakeFiles/adc_display.dir/Users/thetragedyofdarthwise/pico/pico-sdk/src/rp2_common/hardware_xosc/xosc.c.obj
                0x0000000010002500                xosc_init
 .text.runtime_init
                0x0000000010002528       0xf0 CMakeFiles/adc_display.dir/Users/thetragedyofdarthwise/pico/pico-sdk/src/rp2_common/pico_runtime/runtime.c.obj
                0x0000000010002528                runtime_init
 .text._exit    0x0000000010002618        0x4 CMakeFiles/adc_display.dir/Users/thetragedyofdarthwise/pico/pico-sdk/src/rp2_common/pico_runtime/runtime.c.obj
                0x0000000010002618                _exit
 .text._sbrk    0x000000001000261c       0x34 CMakeFiles/adc_display.dir/Users/thetragedyofdarthwise/pico/pico-sdk/src/rp2_common/pico_runtime/runtime.c.obj
                0x000000001000261c                _sbrk
 .text.exit     0x0000000010002650        0x8 CMakeFiles/adc_display.dir/Users/thetragedyofdarthwise/pico/pico-sdk/src/rp2_common/pico_runtime/runtime.c.obj
                0x0000000010002650                exit
 .text.panic    0x0000000010002658       0x30 CMakeFiles/adc_display.dir/Users/thetragedyofdarthwise/pico/pico-sdk/src/rp2_common/pico_runtime/runtime.c.obj
                0x0000000010002658                panic
 .text.hard_assertion_failure
                0x0000000010002688        0xc CMakeFiles/adc_display.dir/Users/thetragedyofdarthwise/pico/pico-sdk/src/rp2_common/pico_runtime/runtime.c.obj
                0x0000000010002688                hard_assertion_failure
 .text._out_null
                0x0000000010002694        0x4 CMakeFiles/adc_display.dir/Users/thetragedyofdarthwise/pico/pico-sdk/src/rp2_common/pico_printf/printf.c.obj
 .text._out_rev
                0x0000000010002698       0x9c CMakeFiles/adc_display.dir/Users/thetragedyofdarthwise/pico/pico-sdk/src/rp2_common/pico_printf/printf.c.obj
 .text._ntoa_format
                0x0000000010002734      0x1cc CMakeFiles/adc_display.dir/Users/thetragedyofdarthwise/pico/pico-sdk/src/rp2_common/pico_printf/printf.c.obj
 .text._out_char
                0x0000000010002900       0x10 CMakeFiles/adc_display.dir/Users/thetragedyofdarthwise/pico/pico-sdk/src/rp2_common/pico_printf/printf.c.obj
 .text._out_fct
                0x0000000010002910       0x10 CMakeFiles/adc_display.dir/Users/thetragedyofdarthwise/pico/pico-sdk/src/rp2_common/pico_printf/printf.c.obj
 .text._etoa    0x0000000010002920      0x44c CMakeFiles/adc_display.dir/Users/thetragedyofdarthwise/pico/pico-sdk/src/rp2_common/pico_printf/printf.c.obj
 .text._ftoa    0x0000000010002d6c      0x398 CMakeFiles/adc_display.dir/Users/thetragedyofdarthwise/pico/pico-sdk/src/rp2_common/pico_printf/printf.c.obj
 .text._vsnprintf
                0x0000000010003104      0xb04 CMakeFiles/adc_display.dir/Users/thetragedyofdarthwise/pico/pico-sdk/src/rp2_common/pico_printf/printf.c.obj
 .text.vfctprintf
                0x0000000010003c08       0x20 CMakeFiles/adc_display.dir/Users/thetragedyofdarthwise/pico/pico-sdk/src/rp2_common/pico_printf/printf.c.obj
                0x0000000010003c08                vfctprintf
 .text.weak_raw_vprintf
                0x0000000010003c28       0x30 CMakeFiles/adc_display.dir/Users/thetragedyofdarthwise/pico/pico-sdk/src/rp2_common/pico_printf/printf.c.obj
                0x0000000010003c28                weak_raw_vprintf
 .text          0x0000000010003c58       0x10 CMakeFiles/adc_display.dir/Users/thetragedyofdarthwise/pico/pico-sdk/src/rp2_common/pico_bit_ops/bit_ops_aeabi.S.obj
 .text.rom_func_lookup
                0x0000000010003c68       0x10 CMakeFiles/adc_display.dir/Users/thetragedyofdarthwise/pico/pico-sdk/src/rp2_common/pico_bootrom/bootrom.c.obj
                0x0000000010003c68                rom_func_lookup
 .text.rom_data_lookup
                0x0000000010003c78       0x10 CMakeFiles/adc_display.dir/Users/thetragedyofdarthwise/pico/pico-sdk/src/rp2_common/pico_bootrom/bootrom.c.obj
                0x0000000010003c78                rom_data_lookup
 .text.rom_funcs_lookup
                0x0000000010003c88       0x44 CMakeFiles/adc_display.dir/Users/thetragedyofdarthwise/pico/pico-sdk/src/rp2_common/pico_bootrom/bootrom.c.obj
                0x0000000010003c88                rom_funcs_lookup
 .text.__wrap___aeabi_idiv
                0x0000000010003ccc       0x50 CMakeFiles/adc_display.dir/Users/thetragedyofdarthwise/pico/pico-sdk/src/rp2_common/pico_divider/divider.S.obj
                0x0000000010003ccc                __wrap___aeabi_idivmod
                0x0000000010003ccc                divmod_s32s32
                0x0000000010003ccc                div_s32s32
                0x0000000010003ccc                __wrap___aeabi_idiv
                0x0000000010003cd4                divmod_s32s32_unsafe
                0x0000000010003d00                divmod_s32s32_savestate
 .text.__wrap___aeabi_uidiv
                0x0000000010003d1c       0x4c CMakeFiles/adc_display.dir/Users/thetragedyofdarthwise/pico/pico-sdk/src/rp2_common/pico_divider/divider.S.obj
                0x0000000010003d1c                __wrap___aeabi_uidiv
                0x0000000010003d1c                __wrap___aeabi_uidivmod
                0x0000000010003d1c                div_u32u32
                0x0000000010003d1c                divmod_u32u32
                0x0000000010003d24                divmod_u32u32_unsafe
                0x0000000010003d4c                divmod_u32u32_savestate
 .text.__wrap___aeabi_ldiv
                0x0000000010003d68      0x424 CMakeFiles/adc_display.dir/Users/thetragedyofdarthwise/pico/pico-sdk/src/rp2_common/pico_divider/divider.S.obj
                0x0000000010003d68                __wrap___aeabi_ldivmod
                0x0000000010003d68                div_s64s64
                0x0000000010003d68                divmod_s64s64
                0x0000000010003d98                divmod_u64u64
                0x0000000010003d98                div_u64u64
                0x0000000010003d98                __wrap___aeabi_uldivmod
                0x0000000010003da8                divmod_u64u64_savestate
                0x0000000010003dc8                divmod_s64s64_unsafe
                0x0000000010003e50                divmod_u64u64_unsafe
 .text.__wrap___aeabi_darithmetic
                0x000000001000418c       0x60 CMakeFiles/adc_display.dir/Users/thetragedyofdarthwise/pico/pico-sdk/src/rp2_common/pico_double/double_aeabi.S.obj
                0x000000001000418c                __wrap___aeabi_drsub
                0x0000000010004192                __wrap___aeabi_dsub
                0x000000001000419c                __wrap___aeabi_dadd
                0x00000000100041a6                __wrap___aeabi_ddiv
                0x00000000100041da                __wrap___aeabi_dmul
 .text.__wrap___aeabi_cdcmple
                0x00000000100041ec       0x6c CMakeFiles/adc_display.dir/Users/thetragedyofdarthwise/pico/pico-sdk/src/rp2_common/pico_double/double_aeabi.S.obj
                0x00000000100041ec                __wrap___aeabi_cdrcmple
                0x00000000100041fc                __wrap___aeabi_cdcmple
                0x00000000100041fc                __wrap___aeabi_cdcmpeq
 .text.__wrap___aeabi_dcmplt
                0x0000000010004258        0xc CMakeFiles/adc_display.dir/Users/thetragedyofdarthwise/pico/pico-sdk/src/rp2_common/pico_double/double_aeabi.S.obj
                0x0000000010004258                __wrap___aeabi_dcmplt
 .text.__wrap___aeabi_dcmple
                0x0000000010004264       0x10 CMakeFiles/adc_display.dir/Users/thetragedyofdarthwise/pico/pico-sdk/src/rp2_common/pico_double/double_aeabi.S.obj
                0x0000000010004264                __wrap___aeabi_dcmple
 .text.__wrap___aeabi_dcmpge
                0x0000000010004274       0x10 CMakeFiles/adc_display.dir/Users/thetragedyofdarthwise/pico/pico-sdk/src/rp2_common/pico_double/double_aeabi.S.obj
                0x0000000010004274                __wrap___aeabi_dcmpge
 .text.__wrap___aeabi_dcmpgt
                0x0000000010004284        0xa CMakeFiles/adc_display.dir/Users/thetragedyofdarthwise/pico/pico-sdk/src/rp2_common/pico_double/double_aeabi.S.obj
                0x0000000010004284                __wrap___aeabi_dcmpgt
 .text.__wrap___aeabi_dcmpun
                0x000000001000428e       0x1c CMakeFiles/adc_display.dir/Users/thetragedyofdarthwise/pico/pico-sdk/src/rp2_common/pico_double/double_aeabi.S.obj
                0x000000001000428e                __wrap___aeabi_dcmpun
 *fill*         0x00000000100042aa        0x2 
 .text.__wrap___aeabi_i2d
                0x00000000100042ac       0x38 CMakeFiles/adc_display.dir/Users/thetragedyofdarthwise/pico/pico-sdk/src/rp2_common/pico_double/double_aeabi.S.obj
                0x00000000100042ac                __wrap___aeabi_ui2d
                0x00000000100042b4                __wrap___aeabi_i2d
 .text.__wrap___aeabi_d2iz
                0x00000000100042e4       0x48 CMakeFiles/adc_display.dir/Users/thetragedyofdarthwise/pico/pico-sdk/src/rp2_common/pico_double/double_aeabi.S.obj
                0x00000000100042e4                __wrap___aeabi_d2iz
                0x00000000100042e4                double2int_z
 .text.__wrap___aeabi_d2uiz
                0x000000001000432c       0x10 CMakeFiles/adc_display.dir/Users/thetragedyofdarthwise/pico/pico-sdk/src/rp2_common/pico_double/double_aeabi.S.obj
                0x000000001000432c                double2uint
                0x000000001000432c                __wrap___aeabi_d2uiz
 .text.missing_double_func_shim
                0x000000001000433c        0xc CMakeFiles/adc_display.dir/Users/thetragedyofdarthwise/pico/pico-sdk/src/rp2_common/pico_double/double_init_rom.c.obj
 .text.__aeabi_double_init
                0x0000000010004348       0x98 CMakeFiles/adc_display.dir/Users/thetragedyofdarthwise/pico/pico-sdk/src/rp2_common/pico_double/double_init_rom.c.obj
                0x0000000010004348                __aeabi_double_init
 .text.double_table_shim_on_use_helper
                0x00000000100043e0       0x2c CMakeFiles/adc_display.dir/Users/thetragedyofdarthwise/pico/pico-sdk/src/rp2_common/pico_double/double_v1_rom_shim.S.obj
                0x00000000100043e0                double_table_shim_on_use_helper
 .text.__aeabi_lmul
                0x000000001000440c       0x32 CMakeFiles/adc_display.dir/Users/thetragedyofdarthwise/pico/pico-sdk/src/rp2_common/pico_int64_ops/pico_int64_ops_aeabi.S.obj
                0x000000001000440c                __wrap___aeabi_lmul
 *fill*         0x000000001000443e        0x2 
 .text.__wrap___aeabi_farithmetic
                0x0000000010004440       0x48 CMakeFiles/adc_display.dir/Users/thetragedyofdarthwise/pico/pico-sdk/src/rp2_common/pico_float/float_aeabi.S.obj
                0x0000000010004440                __wrap___aeabi_frsub
                0x0000000010004446                __wrap___aeabi_fsub
                0x000000001000444c                __wrap___aeabi_fadd
                0x0000000010004452                __wrap___aeabi_fdiv
                0x000000001000447a                __wrap___aeabi_fmul
 .text.__wrap___aeabi_i2f
                0x0000000010004488       0x44 CMakeFiles/adc_display.dir/Users/thetragedyofdarthwise/pico/pico-sdk/src/rp2_common/pico_float/float_aeabi.S.obj
                0x0000000010004488                __wrap___aeabi_i2f
 .text.__wrap___aeabi_f2uiz
                0x00000000100044cc        0xc CMakeFiles/adc_display.dir/Users/thetragedyofdarthwise/pico/pico-sdk/src/rp2_common/pico_float/float_aeabi.S.obj
                0x00000000100044cc                __wrap___aeabi_f2uiz
 .text.missing_float_func_shim
                0x00000000100044d8        0xc CMakeFiles/adc_display.dir/Users/thetragedyofdarthwise/pico/pico-sdk/src/rp2_common/pico_float/float_init_rom.c.obj
 .text.__aeabi_float_init
                0x00000000100044e4       0x5c CMakeFiles/adc_display.dir/Users/thetragedyofdarthwise/pico/pico-sdk/src/rp2_common/pico_float/float_init_rom.c.obj
                0x00000000100044e4                __aeabi_float_init
 .text.__wrap_malloc
                0x0000000010004540       0x3c CMakeFiles/adc_display.dir/Users/thetragedyofdarthwise/pico/pico-sdk/src/rp2_common/pico_malloc/pico_malloc.c.obj
                0x0000000010004540                __wrap_malloc
 .text.__wrap_free
                0x000000001000457c       0x20 CMakeFiles/adc_display.dir/Users/thetragedyofdarthwise/pico/pico-sdk/src/rp2_common/pico_malloc/pico_malloc.c.obj
                0x000000001000457c                __wrap_free
 .text          0x000000001000459c       0x10 CMakeFiles/adc_display.dir/Users/thetragedyofdarthwise/pico/pico-sdk/src/rp2_common/pico_mem_ops/mem_ops_aeabi.S.obj
                0x000000001000459c                __aeabi_mem_init
 .text.memset   0x00000000100045ac        0xc CMakeFiles/adc_display.dir/Users/thetragedyofdarthwise/pico/pico-sdk/src/rp2_common/pico_mem_ops/mem_ops_aeabi.S.obj
                0x00000000100045ac                __wrap_memset
 .text.memcpy   0x00000000100045b8        0xc CMakeFiles/adc_display.dir/Users/thetragedyofdarthwise/pico/pico-sdk/src/rp2_common/pico_mem_ops/mem_ops_aeabi.S.obj
                0x00000000100045b8                __wrap___aeabi_memcpy
                0x00000000100045b8                __wrap_memcpy
 .text.stdio_out_chars_no_crlf
                0x00000000100045c4       0x10 CMakeFiles/adc_display.dir/Users/thetragedyofdarthwise/pico/pico-sdk/src/rp2_common/pico_stdio/stdio.c.obj
 .text.stdio_out_chars_crlf
                0x00000000100045d4       0xb4 CMakeFiles/adc_display.dir/Users/thetragedyofdarthwise/pico/pico-sdk/src/rp2_common/pico_stdio/stdio.c.obj
 .text.stdio_buffered_printer
                0x0000000010004688       0x64 CMakeFiles/adc_display.dir/Users/thetragedyofdarthwise/pico/pico-sdk/src/rp2_common/pico_stdio/stdio.c.obj
 .text.stdio_put_string.isra.0
                0x00000000100046ec       0xfc CMakeFiles/adc_display.dir/Users/thetragedyofdarthwise/pico/pico-sdk/src/rp2_common/pico_stdio/stdio.c.obj
 .text.__wrap_putchar
                0x00000000100047e8       0x98 CMakeFiles/adc_display.dir/Users/thetragedyofdarthwise/pico/pico-sdk/src/rp2_common/pico_stdio/stdio.c.obj
                0x00000000100047e8                __wrap_putchar
 .text.__wrap_puts
                0x0000000010004880       0x3c CMakeFiles/adc_display.dir/Users/thetragedyofdarthwise/pico/pico-sdk/src/rp2_common/pico_stdio/stdio.c.obj
                0x0000000010004880                __wrap_puts
 .text.stdio_set_driver_enabled
                0x00000000100048bc       0x30 CMakeFiles/adc_display.dir/Users/thetragedyofdarthwise/pico/pico-sdk/src/rp2_common/pico_stdio/stdio.c.obj
                0x00000000100048bc                stdio_set_driver_enabled
 .text.__wrap_vprintf
                0x00000000100048ec       0xd8 CMakeFiles/adc_display.dir/Users/thetragedyofdarthwise/pico/pico-sdk/src/rp2_common/pico_stdio/stdio.c.obj
                0x00000000100048ec                __wrap_vprintf
 .text.__wrap_printf
                0x00000000100049c4       0x18 CMakeFiles/adc_display.dir/Users/thetragedyofdarthwise/pico/pico-sdk/src/rp2_common/pico_stdio/stdio.c.obj
                0x00000000100049c4                __wrap_printf
 .text.stdio_init_all
                0x00000000100049dc        0x8 CMakeFiles/adc_display.dir/Users/thetragedyofdarthwise/pico/pico-sdk/src/rp2_common/pico_stdio/stdio.c.obj
                0x00000000100049dc                stdio_init_all
 .text.resetd_init
                0x00000000100049e4        0x4 CMakeFiles/adc_display.dir/Users/thetragedyofdarthwise/pico/pico-sdk/src/rp2_common/pico_stdio_usb/reset_interface.c.obj
 .text.resetd_reset
                0x00000000100049e8        0xc CMakeFiles/adc_display.dir/Users/thetragedyofdarthwise/pico/pico-sdk/src/rp2_common/pico_stdio_usb/reset_interface.c.obj
 .text.resetd_open
                0x00000000100049f4       0x28 CMakeFiles/adc_display.dir/Users/thetragedyofdarthwise/pico/pico-sdk/src/rp2_common/pico_stdio_usb/reset_interface.c.obj
 .text.resetd_xfer_cb
                0x0000000010004a1c        0x4 CMakeFiles/adc_display.dir/Users/thetragedyofdarthwise/pico/pico-sdk/src/rp2_common/pico_stdio_usb/reset_interface.c.obj
 .text.resetd_control_xfer_cb
                0x0000000010004a20       0x64 CMakeFiles/adc_display.dir/Users/thetragedyofdarthwise/pico/pico-sdk/src/rp2_common/pico_stdio_usb/reset_interface.c.obj
 .text.usbd_app_driver_get_cb
                0x0000000010004a84        0xc CMakeFiles/adc_display.dir/Users/thetragedyofdarthwise/pico/pico-sdk/src/rp2_common/pico_stdio_usb/reset_interface.c.obj
                0x0000000010004a84                usbd_app_driver_get_cb
 .text.tud_cdc_line_coding_cb
                0x0000000010004a90       0x34 CMakeFiles/adc_display.dir/Users/thetragedyofdarthwise/pico/pico-sdk/src/rp2_common/pico_stdio_usb/reset_interface.c.obj
                0x0000000010004a90                tud_cdc_line_coding_cb
 .text.stdio_usb_set_chars_available_callback
                0x0000000010004ac4       0x14 CMakeFiles/adc_display.dir/Users/thetragedyofdarthwise/pico/pico-sdk/src/rp2_common/pico_stdio_usb/stdio_usb.c.obj
                0x0000000010004ac4                stdio_usb_set_chars_available_callback
 .text.usb_irq  0x0000000010004ad8       0x10 CMakeFiles/adc_display.dir/Users/thetragedyofdarthwise/pico/pico-sdk/src/rp2_common/pico_stdio_usb/stdio_usb.c.obj
 .text.timer_task
                0x0000000010004ae8       0x54 CMakeFiles/adc_display.dir/Users/thetragedyofdarthwise/pico/pico-sdk/src/rp2_common/pico_stdio_usb/stdio_usb.c.obj
 .text.stdio_usb_in_chars
                0x0000000010004b3c       0x90 CMakeFiles/adc_display.dir/Users/thetragedyofdarthwise/pico/pico-sdk/src/rp2_common/pico_stdio_usb/stdio_usb.c.obj
                0x0000000010004b3c                stdio_usb_in_chars
 .text.stdio_usb_out_chars
                0x0000000010004bcc      0x100 CMakeFiles/adc_display.dir/Users/thetragedyofdarthwise/pico/pico-sdk/src/rp2_common/pico_stdio_usb/stdio_usb.c.obj
 .text.low_priority_worker_irq
                0x0000000010004ccc       0xa8 CMakeFiles/adc_display.dir/Users/thetragedyofdarthwise/pico/pico-sdk/src/rp2_common/pico_stdio_usb/stdio_usb.c.obj
 .text.tud_cdc_rx_cb
                0x0000000010004d74       0x20 CMakeFiles/adc_display.dir/Users/thetragedyofdarthwise/pico/pico-sdk/src/rp2_common/pico_stdio_usb/stdio_usb.c.obj
                0x0000000010004d74                tud_cdc_rx_cb
 .text.stdio_usb_init
                0x0000000010004d94       0xdc CMakeFiles/adc_display.dir/Users/thetragedyofdarthwise/pico/pico-sdk/src/rp2_common/pico_stdio_usb/stdio_usb.c.obj
                0x0000000010004d94                stdio_usb_init
 .text.tud_descriptor_device_cb
                0x0000000010004e70        0x8 CMakeFiles/adc_display.dir/Users/thetragedyofdarthwise/pico/pico-sdk/src/rp2_common/pico_stdio_usb/stdio_usb_descriptors.c.obj
                0x0000000010004e70                tud_descriptor_device_cb
 .text.tud_descriptor_configuration_cb
                0x0000000010004e78        0x8 CMakeFiles/adc_display.dir/Users/thetragedyofdarthwise/pico/pico-sdk/src/rp2_common/pico_stdio_usb/stdio_usb_descriptors.c.obj
                0x0000000010004e78                tud_descriptor_configuration_cb
 .text.tud_descriptor_string_cb
                0x0000000010004e80       0x74 CMakeFiles/adc_display.dir/Users/thetragedyofdarthwise/pico/pico-sdk/src/rp2_common/pico_stdio_usb/stdio_usb_descriptors.c.obj
                0x0000000010004e80                tud_descriptor_string_cb
 .text.startup._retrieve_unique_id_on_boot
                0x0000000010004ef4       0x10 CMakeFiles/adc_display.dir/Users/thetragedyofdarthwise/pico/pico-sdk/src/rp2_common/pico_unique_id/unique_id.c.obj
 .text.pico_get_unique_board_id_string
                0x0000000010004f04      0x1a8 CMakeFiles/adc_display.dir/Users/thetragedyofdarthwise/pico/pico-sdk/src/rp2_common/pico_unique_id/unique_id.c.obj
                0x0000000010004f04                pico_get_unique_board_id_string
 .text.flash_get_unique_id
                0x00000000100050ac       0x40 CMakeFiles/adc_display.dir/Users/thetragedyofdarthwise/pico/pico-sdk/src/rp2_common/hardware_flash/flash.c.obj
                0x00000000100050ac                flash_get_unique_id
 .text.dcd_int_enable
                0x00000000100050ec        0xc CMakeFiles/adc_display.dir/Users/thetragedyofdarthwise/pico/pico-sdk/lib/tinyusb/src/portable/raspberrypi/rp2040/dcd_rp2040.c.obj
                0x00000000100050ec                dcd_int_enable
 .text.dcd_set_address
                0x00000000100050f8       0x14 CMakeFiles/adc_display.dir/Users/thetragedyofdarthwise/pico/pico-sdk/lib/tinyusb/src/portable/raspberrypi/rp2040/dcd_rp2040.c.obj
                0x00000000100050f8                dcd_set_address
 .text.dcd_connect
                0x000000001000510c       0x10 CMakeFiles/adc_display.dir/Users/thetragedyofdarthwise/pico/pico-sdk/lib/tinyusb/src/portable/raspberrypi/rp2040/dcd_rp2040.c.obj
                0x000000001000510c                dcd_connect
 .text.dcd_init
                0x000000001000511c       0x98 CMakeFiles/adc_display.dir/Users/thetragedyofdarthwise/pico/pico-sdk/lib/tinyusb/src/portable/raspberrypi/rp2040/dcd_rp2040.c.obj
                0x000000001000511c                dcd_init
 .text.dcd_edpt0_status_complete
                0x00000000100051b4       0x1c CMakeFiles/adc_display.dir/Users/thetragedyofdarthwise/pico/pico-sdk/lib/tinyusb/src/portable/raspberrypi/rp2040/dcd_rp2040.c.obj
                0x00000000100051b4                dcd_edpt0_status_complete
 .text.dcd_edpt_open
                0x00000000100051d0      0x108 CMakeFiles/adc_display.dir/Users/thetragedyofdarthwise/pico/pico-sdk/lib/tinyusb/src/portable/raspberrypi/rp2040/dcd_rp2040.c.obj
                0x00000000100051d0                dcd_edpt_open
 .text.dcd_edpt_close_all
                0x00000000100052d8        0x8 CMakeFiles/adc_display.dir/Users/thetragedyofdarthwise/pico/pico-sdk/lib/tinyusb/src/portable/raspberrypi/rp2040/dcd_rp2040.c.obj
                0x00000000100052d8                dcd_edpt_close_all
 .text.dcd_edpt_xfer
                0x00000000100052e0       0x24 CMakeFiles/adc_display.dir/Users/thetragedyofdarthwise/pico/pico-sdk/lib/tinyusb/src/portable/raspberrypi/rp2040/dcd_rp2040.c.obj
                0x00000000100052e0                dcd_edpt_xfer
 .text.dcd_edpt_stall
                0x0000000010005304       0x38 CMakeFiles/adc_display.dir/Users/thetragedyofdarthwise/pico/pico-sdk/lib/tinyusb/src/portable/raspberrypi/rp2040/dcd_rp2040.c.obj
                0x0000000010005304                dcd_edpt_stall
 .text.dcd_edpt_clear_stall
                0x000000001000533c       0x30 CMakeFiles/adc_display.dir/Users/thetragedyofdarthwise/pico/pico-sdk/lib/tinyusb/src/portable/raspberrypi/rp2040/dcd_rp2040.c.obj
                0x000000001000533c                dcd_edpt_clear_stall
 .text.rp2040_usb_init
                0x000000001000536c       0x4c CMakeFiles/adc_display.dir/Users/thetragedyofdarthwise/pico/pico-sdk/lib/tinyusb/src/portable/raspberrypi/rp2040/rp2040_usb.c.obj
                0x000000001000536c                rp2040_usb_init
 .text.hw_endpoint_xfer_start
                0x00000000100053b8       0x50 CMakeFiles/adc_display.dir/Users/thetragedyofdarthwise/pico/pico-sdk/lib/tinyusb/src/portable/raspberrypi/rp2040/rp2040_usb.c.obj
                0x00000000100053b8                hw_endpoint_xfer_start
 .text.tud_mounted
                0x0000000010005408       0x10 CMakeFiles/adc_display.dir/Users/thetragedyofdarthwise/pico/pico-sdk/lib/tinyusb/src/device/usbd.c.obj
                0x0000000010005408                tud_mounted
 .text.tud_suspended
                0x0000000010005418       0x10 CMakeFiles/adc_display.dir/Users/thetragedyofdarthwise/pico/pico-sdk/lib/tinyusb/src/device/usbd.c.obj
                0x0000000010005418                tud_suspended
 .text.tud_inited
                0x0000000010005428       0x14 CMakeFiles/adc_display.dir/Users/thetragedyofdarthwise/pico/pico-sdk/lib/tinyusb/src/device/usbd.c.obj
                0x0000000010005428                tud_inited
 .text.tud_init
                0x000000001000543c       0xe4 CMakeFiles/adc_display.dir/Users/thetragedyofdarthwise/pico/pico-sdk/lib/tinyusb/src/device/usbd.c.obj
                0x000000001000543c                tud_init
 .text.tud_task_ext
                0x0000000010005520      0x854 CMakeFiles/adc_display.dir/Users/thetragedyofdarthwise/pico/pico-sdk/lib/tinyusb/src/device/usbd.c.obj
                0x0000000010005520                tud_task_ext
 .text.usbd_open_edpt_pair
                0x0000000010005d74       0x9c CMakeFiles/adc_display.dir/Users/thetragedyofdarthwise/pico/pico-sdk/lib/tinyusb/src/device/usbd.c.obj
                0x0000000010005d74                usbd_open_edpt_pair
 .text.usbd_defer_func
                0x0000000010005e10       0x48 CMakeFiles/adc_display.dir/Users/thetragedyofdarthwise/pico/pico-sdk/lib/tinyusb/src/device/usbd.c.obj
                0x0000000010005e10                usbd_defer_func
 .text.usbd_edpt_open
                0x0000000010005e58       0x34 CMakeFiles/adc_display.dir/Users/thetragedyofdarthwise/pico/pico-sdk/lib/tinyusb/src/device/usbd.c.obj
                0x0000000010005e58                usbd_edpt_open
 .text.usbd_edpt_claim
                0x0000000010005e8c       0x28 CMakeFiles/adc_display.dir/Users/thetragedyofdarthwise/pico/pico-sdk/lib/tinyusb/src/device/usbd.c.obj
                0x0000000010005e8c                usbd_edpt_claim
 .text.usbd_edpt_release
                0x0000000010005eb4       0x28 CMakeFiles/adc_display.dir/Users/thetragedyofdarthwise/pico/pico-sdk/lib/tinyusb/src/device/usbd.c.obj
                0x0000000010005eb4                usbd_edpt_release
 .text.usbd_edpt_xfer
                0x0000000010005edc       0x4c CMakeFiles/adc_display.dir/Users/thetragedyofdarthwise/pico/pico-sdk/lib/tinyusb/src/device/usbd.c.obj
                0x0000000010005edc                usbd_edpt_xfer
 .text.tud_control_status
                0x0000000010005f28       0x30 CMakeFiles/adc_display.dir/Users/thetragedyofdarthwise/pico/pico-sdk/lib/tinyusb/src/device/usbd_control.c.obj
                0x0000000010005f28                tud_control_status
 .text.tud_control_xfer
                0x0000000010005f58       0xbc CMakeFiles/adc_display.dir/Users/thetragedyofdarthwise/pico/pico-sdk/lib/tinyusb/src/device/usbd_control.c.obj
                0x0000000010005f58                tud_control_xfer
 .text.usbd_control_reset
                0x0000000010006014       0x14 CMakeFiles/adc_display.dir/Users/thetragedyofdarthwise/pico/pico-sdk/lib/tinyusb/src/device/usbd_control.c.obj
                0x0000000010006014                usbd_control_reset
 .text.usbd_control_set_complete_callback
                0x0000000010006028        0xc CMakeFiles/adc_display.dir/Users/thetragedyofdarthwise/pico/pico-sdk/lib/tinyusb/src/device/usbd_control.c.obj
                0x0000000010006028                usbd_control_set_complete_callback
 .text.usbd_control_set_request
                0x0000000010006034       0x1c CMakeFiles/adc_display.dir/Users/thetragedyofdarthwise/pico/pico-sdk/lib/tinyusb/src/device/usbd_control.c.obj
                0x0000000010006034                usbd_control_set_request
 .text.usbd_control_xfer_cb
                0x0000000010006050       0xfc CMakeFiles/adc_display.dir/Users/thetragedyofdarthwise/pico/pico-sdk/lib/tinyusb/src/device/usbd_control.c.obj
                0x0000000010006050                usbd_control_xfer_cb
 .text.tud_cdc_n_connected
                0x000000001000614c       0x30 CMakeFiles/adc_display.dir/Users/thetragedyofdarthwise/pico/pico-sdk/lib/tinyusb/src/class/cdc/cdc_device.c.obj
                0x000000001000614c                tud_cdc_n_connected
 .text.tud_cdc_n_available
                0x000000001000617c       0x18 CMakeFiles/adc_display.dir/Users/thetragedyofdarthwise/pico/pico-sdk/lib/tinyusb/src/class/cdc/cdc_device.c.obj
                0x000000001000617c                tud_cdc_n_available
 .text.tud_cdc_n_read
                0x0000000010006194       0x70 CMakeFiles/adc_display.dir/Users/thetragedyofdarthwise/pico/pico-sdk/lib/tinyusb/src/class/cdc/cdc_device.c.obj
                0x0000000010006194                tud_cdc_n_read
 .text.tud_cdc_n_write_flush
                0x0000000010006204       0x78 CMakeFiles/adc_display.dir/Users/thetragedyofdarthwise/pico/pico-sdk/lib/tinyusb/src/class/cdc/cdc_device.c.obj
                0x0000000010006204                tud_cdc_n_write_flush
 .text.tud_cdc_n_write
                0x000000001000627c       0x34 CMakeFiles/adc_display.dir/Users/thetragedyofdarthwise/pico/pico-sdk/lib/tinyusb/src/class/cdc/cdc_device.c.obj
                0x000000001000627c                tud_cdc_n_write
 .text.tud_cdc_n_write_available
                0x00000000100062b0       0x18 CMakeFiles/adc_display.dir/Users/thetragedyofdarthwise/pico/pico-sdk/lib/tinyusb/src/class/cdc/cdc_device.c.obj
                0x00000000100062b0                tud_cdc_n_write_available
 .text.cdcd_init
                0x00000000100062c8       0x7c CMakeFiles/adc_display.dir/Users/thetragedyofdarthwise/pico/pico-sdk/lib/tinyusb/src/class/cdc/cdc_device.c.obj
                0x00000000100062c8                cdcd_init
 .text.cdcd_reset
                0x0000000010006344       0x2c CMakeFiles/adc_display.dir/Users/thetragedyofdarthwise/pico/pico-sdk/lib/tinyusb/src/class/cdc/cdc_device.c.obj
                0x0000000010006344                cdcd_reset
 .text.cdcd_open
                0x0000000010006370       0xe8 CMakeFiles/adc_display.dir/Users/thetragedyofdarthwise/pico/pico-sdk/lib/tinyusb/src/class/cdc/cdc_device.c.obj
                0x0000000010006370                cdcd_open
 .text.cdcd_control_xfer_cb
                0x0000000010006458       0xe4 CMakeFiles/adc_display.dir/Users/thetragedyofdarthwise/pico/pico-sdk/lib/tinyusb/src/class/cdc/cdc_device.c.obj
                0x0000000010006458                cdcd_control_xfer_cb
 .text.cdcd_xfer_cb
                0x000000001000653c      0x148 CMakeFiles/adc_display.dir/Users/thetragedyofdarthwise/pico/pico-sdk/lib/tinyusb/src/class/cdc/cdc_device.c.obj
                0x000000001000653c                cdcd_xfer_cb
 .text.tusb_init
                0x0000000010006684        0xc CMakeFiles/adc_display.dir/Users/thetragedyofdarthwise/pico/pico-sdk/lib/tinyusb/src/tusb.c.obj
                0x0000000010006684                tusb_init
 .text.tusb_inited
                0x0000000010006690        0x8 CMakeFiles/adc_display.dir/Users/thetragedyofdarthwise/pico/pico-sdk/lib/tinyusb/src/tusb.c.obj
                0x0000000010006690                tusb_inited
 .text.tu_edpt_claim
                0x0000000010006698       0x50 CMakeFiles/adc_display.dir/Users/thetragedyofdarthwise/pico/pico-sdk/lib/tinyusb/src/tusb.c.obj
                0x0000000010006698                tu_edpt_claim
 .text.tu_edpt_release
                0x00000000100066e8       0x38 CMakeFiles/adc_display.dir/Users/thetragedyofdarthwise/pico/pico-sdk/lib/tinyusb/src/tusb.c.obj
                0x00000000100066e8                tu_edpt_release
 .text.tu_edpt_validate
                0x0000000010006720       0x78 CMakeFiles/adc_display.dir/Users/thetragedyofdarthwise/pico/pico-sdk/lib/tinyusb/src/tusb.c.obj
                0x0000000010006720                tu_edpt_validate
 .text.tu_edpt_bind_driver
                0x0000000010006798       0x34 CMakeFiles/adc_display.dir/Users/thetragedyofdarthwise/pico/pico-sdk/lib/tinyusb/src/tusb.c.obj
                0x0000000010006798                tu_edpt_bind_driver
 .text.tu_fifo_config
                0x00000000100067cc       0x70 CMakeFiles/adc_display.dir/Users/thetragedyofdarthwise/pico/pico-sdk/lib/tinyusb/src/common/tusb_fifo.c.obj
                0x00000000100067cc                tu_fifo_config
 .text.tu_fifo_count
                0x000000001000683c       0x2c CMakeFiles/adc_display.dir/Users/thetragedyofdarthwise/pico/pico-sdk/lib/tinyusb/src/common/tusb_fifo.c.obj
                0x000000001000683c                tu_fifo_count
 .text.tu_fifo_empty
                0x0000000010006868       0x10 CMakeFiles/adc_display.dir/Users/thetragedyofdarthwise/pico/pico-sdk/lib/tinyusb/src/common/tusb_fifo.c.obj
                0x0000000010006868                tu_fifo_empty
 .text.tu_fifo_remaining
                0x0000000010006878       0x2c CMakeFiles/adc_display.dir/Users/thetragedyofdarthwise/pico/pico-sdk/lib/tinyusb/src/common/tusb_fifo.c.obj
                0x0000000010006878                tu_fifo_remaining
 .text.tu_fifo_read
                0x00000000100068a4       0xa0 CMakeFiles/adc_display.dir/Users/thetragedyofdarthwise/pico/pico-sdk/lib/tinyusb/src/common/tusb_fifo.c.obj
                0x00000000100068a4                tu_fifo_read
 .text.tu_fifo_read_n
                0x0000000010006944       0xec CMakeFiles/adc_display.dir/Users/thetragedyofdarthwise/pico/pico-sdk/lib/tinyusb/src/common/tusb_fifo.c.obj
                0x0000000010006944                tu_fifo_read_n
 .text.tu_fifo_write
                0x0000000010006a30       0x88 CMakeFiles/adc_display.dir/Users/thetragedyofdarthwise/pico/pico-sdk/lib/tinyusb/src/common/tusb_fifo.c.obj
                0x0000000010006a30                tu_fifo_write
 .text.tu_fifo_write_n
                0x0000000010006ab8      0x168 CMakeFiles/adc_display.dir/Users/thetragedyofdarthwise/pico/pico-sdk/lib/tinyusb/src/common/tusb_fifo.c.obj
                0x0000000010006ab8                tu_fifo_write_n
 .text.tu_fifo_clear
                0x0000000010006c20       0x40 CMakeFiles/adc_display.dir/Users/thetragedyofdarthwise/pico/pico-sdk/lib/tinyusb/src/common/tusb_fifo.c.obj
                0x0000000010006c20                tu_fifo_clear
 .text.tu_fifo_set_overwritable
                0x0000000010006c60       0x48 CMakeFiles/adc_display.dir/Users/thetragedyofdarthwise/pico/pico-sdk/lib/tinyusb/src/common/tusb_fifo.c.obj
                0x0000000010006c60                tu_fifo_set_overwritable
 .text.adc_init
                0x0000000010006ca8       0x38 CMakeFiles/adc_display.dir/Users/thetragedyofdarthwise/pico/pico-sdk/src/rp2_common/hardware_adc/adc.c.obj
                0x0000000010006ca8                adc_init
 .text.core1_trampoline
                0x0000000010006ce0        0x4 CMakeFiles/adc_display.dir/Users/thetragedyofdarthwise/pico/pico-sdk/src/rp2_common/pico_multicore/multicore.c.obj
 .text.core1_wrapper
                0x0000000010006ce4        0xc CMakeFiles/adc_display.dir/Users/thetragedyofdarthwise/pico/pico-sdk/src/rp2_common/pico_multicore/multicore.c.obj
                0x0000000010006ce4                core1_wrapper
 .text.multicore_reset_core1
                0x0000000010006cf0       0x24 CMakeFiles/adc_display.dir/Users/thetragedyofdarthwise/pico/pico-sdk/src/rp2_common/pico_multicore/multicore.c.obj
                0x0000000010006cf0                multicore_reset_core1
 .text.multicore_launch_core1_raw
                0x0000000010006d14       0x84 CMakeFiles/adc_display.dir/Users/thetragedyofdarthwise/pico/pico-sdk/src/rp2_common/pico_multicore/multicore.c.obj
                0x0000000010006d14                multicore_launch_core1_raw
 .text.multicore_launch_core1
                0x0000000010006d98       0x4c CMakeFiles/adc_display.dir/Users/thetragedyofdarthwise/pico/pico-sdk/src/rp2_common/pico_multicore/multicore.c.obj
                0x0000000010006d98                multicore_launch_core1
 .text.i2c_set_baudrate
                0x0000000010006de4       0xc4 CMakeFiles/adc_display.dir/Users/thetragedyofdarthwise/pico/pico-sdk/src/rp2_common/hardware_i2c/i2c.c.obj
                0x0000000010006de4                i2c_set_baudrate
 .text.i2c_init
                0x0000000010006ea8       0x54 CMakeFiles/adc_display.dir/Users/thetragedyofdarthwise/pico/pico-sdk/src/rp2_common/hardware_i2c/i2c.c.obj
                0x0000000010006ea8                i2c_init
 .text.i2c_write_blocking
                0x0000000010006efc       0xd0 CMakeFiles/adc_display.dir/Users/thetragedyofdarthwise/pico/pico-sdk/src/rp2_common/hardware_i2c/i2c.c.obj
                0x0000000010006efc                i2c_write_blocking
 .text.malloc   0x0000000010006fcc       0x14 /opt/homebrew/Cellar/arm-none-eabi-gcc/10.3-2021.07/gcc/bin/../lib/gcc/arm-none-eabi/10.3.1/../../../../arm-none-eabi/lib/thumb/v6-m/nofp/libc.a(lib_a-malloc.o)
                0x0000000010006fcc                malloc
 .text.free     0x0000000010006fe0       0x14 /opt/homebrew/Cellar/arm-none-eabi-gcc/10.3-2021.07/gcc/bin/../lib/gcc/arm-none-eabi/10.3.1/../../../../arm-none-eabi/lib/thumb/v6-m/nofp/libc.a(lib_a-malloc.o)
                0x0000000010006fe0                free
 .text._malloc_r
                0x0000000010006ff4      0x584 /opt/homebrew/Cellar/arm-none-eabi-gcc/10.3-2021.07/gcc/bin/../lib/gcc/arm-none-eabi/10.3.1/../../../../arm-none-eabi/lib/thumb/v6-m/nofp/libc.a(lib_a-mallocr.o)
                0x0000000010006ff4                _malloc_r
 .text.__malloc_lock
                0x0000000010007578       0x10 /opt/homebrew/Cellar/arm-none-eabi-gcc/10.3-2021.07/gcc/bin/../lib/gcc/arm-none-eabi/10.3.1/../../../../arm-none-eabi/lib/thumb/v6-m/nofp/libc.a(lib_a-mlock.o)
                0x0000000010007578                __malloc_lock
 .text.__malloc_unlock
                0x0000000010007588       0x10 /opt/homebrew/Cellar/arm-none-eabi-gcc/10.3-2021.07/gcc/bin/../lib/gcc/arm-none-eabi/10.3.1/../../../../arm-none-eabi/lib/thumb/v6-m/nofp/libc.a(lib_a-mlock.o)
                0x0000000010007588                __malloc_unlock
 .text._sbrk_r  0x0000000010007598       0x24 /opt/homebrew/Cellar/arm-none-eabi-gcc/10.3-2021.07/gcc/bin/../lib/gcc/arm-none-eabi/10.3.1/../../../../arm-none-eabi/lib/thumb/v6-m/nofp/libc.a(lib_a-sbrkr.o)
                0x0000000010007598                _sbrk_r
 .text.strlen   0x00000000100075bc       0x5c /opt/homebrew/Cellar/arm-none-eabi-gcc/10.3-2021.07/gcc/bin/../lib/gcc/arm-none-eabi/10.3.1/../../../../arm-none-eabi/lib/thumb/v6-m/nofp/libc.a(lib_a-strlen-stub.o)
                0x00000000100075bc                strlen
 .text._malloc_trim_r
                0x0000000010007618       0x9c /opt/homebrew/Cellar/arm-none-eabi-gcc/10.3-2021.07/gcc/bin/../lib/gcc/arm-none-eabi/10.3.1/../../../../arm-none-eabi/lib/thumb/v6-m/nofp/libc.a(lib_a-freer.o)
                0x0000000010007618                _malloc_trim_r
 .text._free_r  0x00000000100076b4      0x1c4 /opt/homebrew/Cellar/arm-none-eabi-gcc/10.3-2021.07/gcc/bin/../lib/gcc/arm-none-eabi/10.3.1/../../../../arm-none-eabi/lib/thumb/v6-m/nofp/libc.a(lib_a-freer.o)
                0x00000000100076b4                _free_r
 .text.__retarget_lock_acquire_recursive
                0x0000000010007878        0x4 /opt/homebrew/Cellar/arm-none-eabi-gcc/10.3-2021.07/gcc/bin/../lib/gcc/arm-none-eabi/10.3.1/../../../../arm-none-eabi/lib/thumb/v6-m/nofp/libc.a(lib_a-lock.o)
                0x0000000010007878                __retarget_lock_acquire_recursive
 .text.__retarget_lock_release_recursive
                0x000000001000787c        0x4 /opt/homebrew/Cellar/arm-none-eabi-gcc/10.3-2021.07/gcc/bin/../lib/gcc/arm-none-eabi/10.3.1/../../../../arm-none-eabi/lib/thumb/v6-m/nofp/libc.a(lib_a-lock.o)
                0x000000001000787c                __retarget_lock_release_recursive
 *(.fini)
 .fini          0x0000000010007880        0x4 /opt/homebrew/Cellar/arm-none-eabi-gcc/10.3-2021.07/gcc/bin/../lib/gcc/arm-none-eabi/10.3.1/thumb/v6-m/nofp/crti.o
                0x0000000010007880                _fini
 *fill*         0x0000000010007884        0x4 
 .fini.__stub   0x0000000010007888       0xe0 linker stubs
 *crtbegin.o(.ctors)
 *crtbegin?.o(.ctors)
 *(EXCLUDE_FILE(*crtend.o *crtend?.o) .ctors)
 *(SORT_BY_NAME(.ctors.*))
 *(.ctors)
 *crtbegin.o(.dtors)
 *crtbegin?.o(.dtors)
 *(EXCLUDE_FILE(*crtend.o *crtend?.o) .dtors)
 *(SORT_BY_NAME(.dtors.*))
 *(.dtors)
 *(.eh_frame*)
 .eh_frame      0x0000000010007968        0x0 /opt/homebrew/Cellar/arm-none-eabi-gcc/10.3-2021.07/gcc/bin/../lib/gcc/arm-none-eabi/10.3.1/thumb/v6-m/nofp/crtbegin.o
                0x0000000010007968                . = ALIGN (0x4)

.glue_7         0x0000000010007968        0x0
 .glue_7        0x0000000010007968        0x0 linker stubs

.glue_7t        0x0000000010007968        0x0
 .glue_7t       0x0000000010007968        0x0 linker stubs

.vfp11_veneer   0x0000000010007968        0x0
 .vfp11_veneer  0x0000000010007968        0x0 linker stubs

.v4_bx          0x0000000010007968        0x0
 .v4_bx         0x0000000010007968        0x0 linker stubs

.iplt           0x0000000010007968        0x0
 .iplt          0x0000000010007968        0x0 /opt/homebrew/Cellar/arm-none-eabi-gcc/10.3-2021.07/gcc/bin/../lib/gcc/arm-none-eabi/10.3.1/thumb/v6-m/nofp/crtbegin.o

.rodata         0x0000000010007968      0x7b8
 *(EXCLUDE_FILE(*libm.a: *libc.a:*lib_a-mem*.o *libgcc.a:) .rodata*)
 .rodata.str1.4
                0x0000000010007968       0x2c CMakeFiles/adc_display.dir/main.c.obj
 .rodata        0x0000000010007994       0x18 CMakeFiles/adc_display.dir/main.c.obj
 .rodata.ssd1306_init.str1.4
                0x00000000100079ac       0x3f CMakeFiles/adc_display.dir/Users/thetragedyofdarthwise/PicoDev/explorer/MUX/ssd1306.c.obj
 *fill*         0x00000000100079eb        0x1 
 .rodata.ssd1306_show.str1.4
                0x00000000100079ec        0xd CMakeFiles/adc_display.dir/Users/thetragedyofdarthwise/PicoDev/explorer/MUX/ssd1306.c.obj
 *fill*         0x00000000100079f9        0x3 
 .rodata.font_8x5
                0x00000000100079fc      0x1e0 CMakeFiles/adc_display.dir/Users/thetragedyofdarthwise/PicoDev/explorer/MUX/ssd1306.c.obj
                0x00000000100079fc                font_8x5
 .rodata.spin_lock_claim_unused.str1.4
                0x0000000010007bdc       0x1b CMakeFiles/adc_display.dir/Users/thetragedyofdarthwise/pico/pico-sdk/src/rp2_common/hardware_sync/sync.c.obj
 *fill*         0x0000000010007bf7        0x1 
 .rodata.user_irq_claim_unused.str1.4
                0x0000000010007bf8       0x1b CMakeFiles/adc_display.dir/Users/thetragedyofdarthwise/pico/pico-sdk/src/rp2_common/hardware_irq/irq.c.obj
 *fill*         0x0000000010007c13        0x1 
 .rodata.hardware_alarm_claim.str1.4
                0x0000000010007c14       0x22 CMakeFiles/adc_display.dir/Users/thetragedyofdarthwise/pico/pico-sdk/src/rp2_common/hardware_timer/timer.c.obj
 *fill*         0x0000000010007c36        0x2 
 .rodata.panic.str1.4
                0x0000000010007c38       0x12 CMakeFiles/adc_display.dir/Users/thetragedyofdarthwise/pico/pico-sdk/src/rp2_common/pico_runtime/runtime.c.obj
 *fill*         0x0000000010007c4a        0x2 
 .rodata.hard_assertion_failure.str1.4
                0x0000000010007c4c        0xc CMakeFiles/adc_display.dir/Users/thetragedyofdarthwise/pico/pico-sdk/src/rp2_common/pico_runtime/runtime.c.obj
 .rodata._ftoa.str1.4
                0x0000000010007c58       0x15 CMakeFiles/adc_display.dir/Users/thetragedyofdarthwise/pico/pico-sdk/src/rp2_common/pico_printf/printf.c.obj
 *fill*         0x0000000010007c6d        0x3 
 .rodata._vsnprintf
                0x0000000010007c70      0x1e0 CMakeFiles/adc_display.dir/Users/thetragedyofdarthwise/pico/pico-sdk/src/rp2_common/pico_printf/printf.c.obj
 .rodata.pow10.0
                0x0000000010007e50       0x50 CMakeFiles/adc_display.dir/Users/thetragedyofdarthwise/pico/pico-sdk/src/rp2_common/pico_printf/printf.c.obj
 .rodata.missing_double_func_shim.str1.4
                0x0000000010007ea0       0x18 CMakeFiles/adc_display.dir/Users/thetragedyofdarthwise/pico/pico-sdk/src/rp2_common/pico_double/double_init_rom.c.obj
 .rodata.missing_float_func_shim.str1.4
                0x0000000010007eb8       0x18 CMakeFiles/adc_display.dir/Users/thetragedyofdarthwise/pico/pico-sdk/src/rp2_common/pico_float/float_init_rom.c.obj
                                          0x1 (size before relaxing)
 .rodata.__wrap_malloc.str1.4
                0x0000000010007eb8        0xe CMakeFiles/adc_display.dir/Users/thetragedyofdarthwise/pico/pico-sdk/src/rp2_common/pico_malloc/pico_malloc.c.obj
 *fill*         0x0000000010007ec6        0x2 
 .rodata.str1.4
                0x0000000010007ec8       0x40 CMakeFiles/adc_display.dir/Users/thetragedyofdarthwise/pico/pico-sdk/src/rp2_common/pico_standard_link/binary_info.c.obj
 .rodata.__bi_44
                0x0000000010007f08        0xc CMakeFiles/adc_display.dir/Users/thetragedyofdarthwise/pico/pico-sdk/src/rp2_common/pico_standard_link/binary_info.c.obj
 .rodata.__bi_75
                0x0000000010007f14        0xc CMakeFiles/adc_display.dir/Users/thetragedyofdarthwise/pico/pico-sdk/src/rp2_common/pico_standard_link/binary_info.c.obj
 .rodata.__bi_81
                0x0000000010007f20        0xc CMakeFiles/adc_display.dir/Users/thetragedyofdarthwise/pico/pico-sdk/src/rp2_common/pico_standard_link/binary_info.c.obj
 .rodata.crlf_str.0
                0x0000000010007f2c        0x2 CMakeFiles/adc_display.dir/Users/thetragedyofdarthwise/pico/pico-sdk/src/rp2_common/pico_stdio/stdio.c.obj
 *fill*         0x0000000010007f2e        0x2 
 .rodata._resetd_driver
                0x0000000010007f30       0x18 CMakeFiles/adc_display.dir/Users/thetragedyofdarthwise/pico/pico-sdk/src/rp2_common/pico_stdio_usb/reset_interface.c.obj
 .rodata.str1.4
                0x0000000010007f48       0x13 CMakeFiles/adc_display.dir/Users/thetragedyofdarthwise/pico/pico-sdk/src/rp2_common/pico_stdio_usb/stdio_usb.c.obj
 *fill*         0x0000000010007f5b        0x1 
 .rodata.__bi_188.0
                0x0000000010007f5c        0xc CMakeFiles/adc_display.dir/Users/thetragedyofdarthwise/pico/pico-sdk/src/rp2_common/pico_stdio_usb/stdio_usb.c.obj
 .rodata.str1.4
                0x0000000010007f68       0x2a CMakeFiles/adc_display.dir/Users/thetragedyofdarthwise/pico/pico-sdk/src/rp2_common/pico_stdio_usb/stdio_usb_descriptors.c.obj
 *fill*         0x0000000010007f92        0x2 
 .rodata.usbd_desc_cfg
                0x0000000010007f94       0x54 CMakeFiles/adc_display.dir/Users/thetragedyofdarthwise/pico/pico-sdk/src/rp2_common/pico_stdio_usb/stdio_usb_descriptors.c.obj
 .rodata.usbd_desc_device
                0x0000000010007fe8       0x12 CMakeFiles/adc_display.dir/Users/thetragedyofdarthwise/pico/pico-sdk/src/rp2_common/pico_stdio_usb/stdio_usb_descriptors.c.obj
 *fill*         0x0000000010007ffa        0x2 
 .rodata.usbd_desc_str
                0x0000000010007ffc       0x18 CMakeFiles/adc_display.dir/Users/thetragedyofdarthwise/pico/pico-sdk/src/rp2_common/pico_stdio_usb/stdio_usb_descriptors.c.obj
 .rodata.str1.4
                0x0000000010008014       0x14 CMakeFiles/adc_display.dir/Users/thetragedyofdarthwise/pico/pico-sdk/lib/tinyusb/src/portable/raspberrypi/rp2040/dcd_rp2040.c.obj
 .rodata.str1.4
                0x0000000010008028       0x53 CMakeFiles/adc_display.dir/Users/thetragedyofdarthwise/pico/pico-sdk/lib/tinyusb/src/portable/raspberrypi/rp2040/rp2040_usb.c.obj
 *fill*         0x000000001000807b        0x1 
 .rodata.tud_task_ext
                0x000000001000807c       0x8c CMakeFiles/adc_display.dir/Users/thetragedyofdarthwise/pico/pico-sdk/lib/tinyusb/src/device/usbd.c.obj
 .rodata._usbd_driver
                0x0000000010008108       0x18 CMakeFiles/adc_display.dir/Users/thetragedyofdarthwise/pico/pico-sdk/lib/tinyusb/src/device/usbd.c.obj
                0x0000000010008120                . = ALIGN (0x4)
 *(SORT_BY_ALIGNMENT(SORT_BY_NAME(.flashdata*)))
                0x0000000010008120                . = ALIGN (0x4)

.rel.dyn        0x0000000010008120        0x0
 .rel.iplt      0x0000000010008120        0x0 /opt/homebrew/Cellar/arm-none-eabi-gcc/10.3-2021.07/gcc/bin/../lib/gcc/arm-none-eabi/10.3.1/thumb/v6-m/nofp/crtbegin.o

.ARM.extab
 *(.ARM.extab* .gnu.linkonce.armextab.*)
                0x0000000010008120                __exidx_start = .

.ARM.exidx
 *(.ARM.exidx* .gnu.linkonce.armexidx.*)
                0x0000000010008120                __exidx_end = .
                0x0000000010008120                . = ALIGN (0x4)
                0x0000000010008120                __binary_info_start = .

.binary_info    0x0000000010008120       0x20
 *(.binary_info.keep.*)
 .binary_info.keep.__bi_ptr22
                0x0000000010008120        0x4 CMakeFiles/adc_display.dir/Users/thetragedyofdarthwise/pico/pico-sdk/src/rp2_common/pico_standard_link/binary_info.c.obj
 .binary_info.keep.__bi_ptr30
                0x0000000010008124        0x4 CMakeFiles/adc_display.dir/Users/thetragedyofdarthwise/pico/pico-sdk/src/rp2_common/pico_standard_link/binary_info.c.obj
 .binary_info.keep.__bi_ptr38
                0x0000000010008128        0x4 CMakeFiles/adc_display.dir/Users/thetragedyofdarthwise/pico/pico-sdk/src/rp2_common/pico_standard_link/binary_info.c.obj
 .binary_info.keep.__bi_ptr44
                0x000000001000812c        0x4 CMakeFiles/adc_display.dir/Users/thetragedyofdarthwise/pico/pico-sdk/src/rp2_common/pico_standard_link/binary_info.c.obj
 .binary_info.keep.__bi_ptr50
                0x0000000010008130        0x4 CMakeFiles/adc_display.dir/Users/thetragedyofdarthwise/pico/pico-sdk/src/rp2_common/pico_standard_link/binary_info.c.obj
 .binary_info.keep.__bi_ptr75
                0x0000000010008134        0x4 CMakeFiles/adc_display.dir/Users/thetragedyofdarthwise/pico/pico-sdk/src/rp2_common/pico_standard_link/binary_info.c.obj
 .binary_info.keep.__bi_ptr81
                0x0000000010008138        0x4 CMakeFiles/adc_display.dir/Users/thetragedyofdarthwise/pico/pico-sdk/src/rp2_common/pico_standard_link/binary_info.c.obj
 *(.binary_info.*)
 .binary_info.__bi_ptr188
                0x000000001000813c        0x4 CMakeFiles/adc_display.dir/Users/thetragedyofdarthwise/pico/pico-sdk/src/rp2_common/pico_stdio_usb/stdio_usb.c.obj
                0x0000000010008140                __binary_info_end = .
                0x0000000010008140                . = ALIGN (0x4)
                0x0000000010008140                __etext = .

.ram_vector_table
                0x0000000020000000       0xc0
 *(.ram_vector_table)
 .ram_vector_table
                0x0000000020000000       0xc0 CMakeFiles/adc_display.dir/Users/thetragedyofdarthwise/pico/pico-sdk/src/rp2_common/pico_runtime/runtime.c.obj
                0x0000000020000000                ram_vector_table

.data           0x00000000200000c0     0x16f8 load address 0x0000000010008140
                0x00000000200000c0                __data_start__ = .
 *(vtable)
 *(.time_critical*)
 .time_critical.mutex_enter_blocking
                0x00000000200000c0       0x48 CMakeFiles/adc_display.dir/Users/thetragedyofdarthwise/pico/pico-sdk/src/common/pico_sync/mutex.c.obj
                0x00000000200000c0                mutex_enter_blocking
 .time_critical.mutex_try_enter
                0x0000000020000108       0x44 CMakeFiles/adc_display.dir/Users/thetragedyofdarthwise/pico/pico-sdk/src/common/pico_sync/mutex.c.obj
                0x0000000020000108                mutex_try_enter
 .time_critical.mutex_try_enter_block_until
                0x000000002000014c       0x9c CMakeFiles/adc_display.dir/Users/thetragedyofdarthwise/pico/pico-sdk/src/common/pico_sync/mutex.c.obj
                0x000000002000014c                mutex_try_enter_block_until
 .time_critical.mutex_enter_timeout_ms
                0x00000000200001e8       0x90 CMakeFiles/adc_display.dir/Users/thetragedyofdarthwise/pico/pico-sdk/src/common/pico_sync/mutex.c.obj
                0x00000000200001e8                mutex_enter_timeout_ms
 .time_critical.mutex_exit
                0x0000000020000278       0x28 CMakeFiles/adc_display.dir/Users/thetragedyofdarthwise/pico/pico-sdk/src/common/pico_sync/mutex.c.obj
                0x0000000020000278                mutex_exit
 .time_critical.flash_init_boot2_copyout
                0x00000000200002a0       0x30 CMakeFiles/adc_display.dir/Users/thetragedyofdarthwise/pico/pico-sdk/src/rp2_common/hardware_flash/flash.c.obj
 .time_critical.flash_enable_xip_via_boot2
                0x00000000200002d0       0x10 CMakeFiles/adc_display.dir/Users/thetragedyofdarthwise/pico/pico-sdk/src/rp2_common/hardware_flash/flash.c.obj
 .time_critical.flash_cs_force
                0x00000000200002e0       0x38 CMakeFiles/adc_display.dir/Users/thetragedyofdarthwise/pico/pico-sdk/src/rp2_common/hardware_flash/flash.c.obj
 .time_critical.flash_do_cmd
                0x0000000020000318       0xc4 CMakeFiles/adc_display.dir/Users/thetragedyofdarthwise/pico/pico-sdk/src/rp2_common/hardware_flash/flash.c.obj
                0x0000000020000318                flash_do_cmd
 .time_critical.reset_non_control_endpoints
                0x00000000200003dc       0xbc CMakeFiles/adc_display.dir/Users/thetragedyofdarthwise/pico/pico-sdk/lib/tinyusb/src/portable/raspberrypi/rp2040/dcd_rp2040.c.obj
 .time_critical.hw_handle_buff_status
                0x0000000020000498       0xa8 CMakeFiles/adc_display.dir/Users/thetragedyofdarthwise/pico/pico-sdk/lib/tinyusb/src/portable/raspberrypi/rp2040/dcd_rp2040.c.obj
 .time_critical.dcd_rp2040_irq
                0x0000000020000540      0x4d8 CMakeFiles/adc_display.dir/Users/thetragedyofdarthwise/pico/pico-sdk/lib/tinyusb/src/portable/raspberrypi/rp2040/dcd_rp2040.c.obj
 .time_critical.e15_is_bulkin_ep
                0x0000000020000a18       0x28 CMakeFiles/adc_display.dir/Users/thetragedyofdarthwise/pico/pico-sdk/lib/tinyusb/src/portable/raspberrypi/rp2040/rp2040_usb.c.obj
 .time_critical.e15_is_critical_frame_period
                0x0000000020000a40       0x34 CMakeFiles/adc_display.dir/Users/thetragedyofdarthwise/pico/pico-sdk/lib/tinyusb/src/portable/raspberrypi/rp2040/rp2040_usb.c.obj
 .time_critical.prepare_ep_buffer
                0x0000000020000a74       0x70 CMakeFiles/adc_display.dir/Users/thetragedyofdarthwise/pico/pico-sdk/lib/tinyusb/src/portable/raspberrypi/rp2040/rp2040_usb.c.obj
 .time_critical.sync_ep_buffer
                0x0000000020000ae4       0x4c CMakeFiles/adc_display.dir/Users/thetragedyofdarthwise/pico/pico-sdk/lib/tinyusb/src/portable/raspberrypi/rp2040/rp2040_usb.c.obj
 .time_critical._hw_endpoint_xfer_sync
                0x0000000020000b30       0x28 CMakeFiles/adc_display.dir/Users/thetragedyofdarthwise/pico/pico-sdk/lib/tinyusb/src/portable/raspberrypi/rp2040/rp2040_usb.c.obj
 .time_critical.hw_endpoint_reset_transfer
                0x0000000020000b58        0xc CMakeFiles/adc_display.dir/Users/thetragedyofdarthwise/pico/pico-sdk/lib/tinyusb/src/portable/raspberrypi/rp2040/rp2040_usb.c.obj
                0x0000000020000b58                hw_endpoint_reset_transfer
 .time_critical._hw_endpoint_buffer_control_update32
                0x0000000020000b64       0x58 CMakeFiles/adc_display.dir/Users/thetragedyofdarthwise/pico/pico-sdk/lib/tinyusb/src/portable/raspberrypi/rp2040/rp2040_usb.c.obj
                0x0000000020000b64                _hw_endpoint_buffer_control_update32
 .time_critical.hw_endpoint_start_next_buffer
                0x0000000020000bbc       0x6c CMakeFiles/adc_display.dir/Users/thetragedyofdarthwise/pico/pico-sdk/lib/tinyusb/src/portable/raspberrypi/rp2040/rp2040_usb.c.obj
                0x0000000020000bbc                hw_endpoint_start_next_buffer
 .time_critical.hw_endpoint_xfer_continue
                0x0000000020000c28       0x50 CMakeFiles/adc_display.dir/Users/thetragedyofdarthwise/pico/pico-sdk/lib/tinyusb/src/portable/raspberrypi/rp2040/rp2040_usb.c.obj
                0x0000000020000c28                hw_endpoint_xfer_continue
 .time_critical.tinyusb
                0x0000000020000c78      0x170 CMakeFiles/adc_display.dir/Users/thetragedyofdarthwise/pico/pico-sdk/lib/tinyusb/src/device/usbd.c.obj
                0x0000000020000c78                dcd_event_handler
 *(.text*)
 .text          0x0000000020000de8        0x4 /opt/homebrew/Cellar/arm-none-eabi-gcc/10.3-2021.07/gcc/bin/../lib/gcc/arm-none-eabi/10.3.1/thumb/v6-m/nofp/libgcc.a(_dvmd_tls.o)
                0x0000000020000de8                __aeabi_ldiv0
                0x0000000020000de8                __aeabi_idiv0
 *fill*         0x0000000020000dec        0x4 
 .text.__stub   0x0000000020000df0       0x70 linker stubs
                0x0000000020000e60                . = ALIGN (0x4)
 *(.rodata*)
                0x0000000020000e60                . = ALIGN (0x4)
 *(.data*)
 .data.striped_spin_lock_num
                0x0000000020000e60        0x1 CMakeFiles/adc_display.dir/Users/thetragedyofdarthwise/pico/pico-sdk/src/rp2_common/hardware_sync/sync.c.obj
 *fill*         0x0000000020000e61        0x3 
 .data          0x0000000020000e64       0x48 CMakeFiles/adc_display.dir/Users/thetragedyofdarthwise/pico/pico-sdk/src/rp2_common/hardware_irq/irq_handler_chain.S.obj
                0x0000000020000e64                irq_handler_chain_slots
                0x0000000020000e94                irq_handler_chain_first_slot
                0x0000000020000e9e                irq_handler_chain_remove_tail
 .data.default_alarm_pool
                0x0000000020000eac       0x18 CMakeFiles/adc_display.dir/Users/thetragedyofdarthwise/pico/pico-sdk/src/common/pico_time/time.c.obj
 .data.default_alarm_pool_heap
                0x0000000020000ec4       0x10 CMakeFiles/adc_display.dir/Users/thetragedyofdarthwise/pico/pico-sdk/src/common/pico_time/time.c.obj
 *fill*         0x0000000020000ed4        0xc 
 .data.aeabi_bits_funcs
                0x0000000020000ee0       0x10 CMakeFiles/adc_display.dir/Users/thetragedyofdarthwise/pico/pico-sdk/src/rp2_common/pico_bit_ops/bit_ops_aeabi.S.obj
                0x0000000020000ee0                aeabi_bits_funcs
                0x0000000020000ef0                aeabi_bits_funcs_end
 .data.aeabi_mem_funcs
                0x0000000020000ef0       0x10 CMakeFiles/adc_display.dir/Users/thetragedyofdarthwise/pico/pico-sdk/src/rp2_common/pico_mem_ops/mem_ops_aeabi.S.obj
                0x0000000020000ef0                aeabi_mem_funcs
                0x0000000020000f00                aeabi_mem_funcs_end
 .data.stdio_usb
                0x0000000020000f00       0x18 CMakeFiles/adc_display.dir/Users/thetragedyofdarthwise/pico/pico-sdk/src/rp2_common/pico_stdio_usb/stdio_usb.c.obj
                0x0000000020000f00                stdio_usb
 .data.ep_dir_string
                0x0000000020000f18        0x8 CMakeFiles/adc_display.dir/Users/thetragedyofdarthwise/pico/pico-sdk/lib/tinyusb/src/portable/raspberrypi/rp2040/rp2040_usb.c.obj
                0x0000000020000f18                ep_dir_string
 .data._usbd_qdef
                0x0000000020000f20       0x1c CMakeFiles/adc_display.dir/Users/thetragedyofdarthwise/pico/pico-sdk/lib/tinyusb/src/device/usbd.c.obj
                0x0000000020000f20                _usbd_qdef
 .data._usbd_rhport
                0x0000000020000f3c        0x1 CMakeFiles/adc_display.dir/Users/thetragedyofdarthwise/pico/pico-sdk/lib/tinyusb/src/device/usbd.c.obj
 *fill*         0x0000000020000f3d        0x3 
 .data.i2c0_inst
                0x0000000020000f40        0x8 CMakeFiles/adc_display.dir/Users/thetragedyofdarthwise/pico/pico-sdk/src/rp2_common/hardware_i2c/i2c.c.obj
                0x0000000020000f40                i2c0_inst
 .data.i2c1_inst
                0x0000000020000f48        0x8 CMakeFiles/adc_display.dir/Users/thetragedyofdarthwise/pico/pico-sdk/src/rp2_common/hardware_i2c/i2c.c.obj
                0x0000000020000f48                i2c1_inst
 .data._impure_ptr
                0x0000000020000f50        0x4 /opt/homebrew/Cellar/arm-none-eabi-gcc/10.3-2021.07/gcc/bin/../lib/gcc/arm-none-eabi/10.3.1/../../../../arm-none-eabi/lib/thumb/v6-m/nofp/libc.a(lib_a-impure.o)
                0x0000000020000f50                _impure_ptr
 *fill*         0x0000000020000f54        0x4 
 .data.impure_data
                0x0000000020000f58      0x428 /opt/homebrew/Cellar/arm-none-eabi-gcc/10.3-2021.07/gcc/bin/../lib/gcc/arm-none-eabi/10.3.1/../../../../arm-none-eabi/lib/thumb/v6-m/nofp/libc.a(lib_a-impure.o)
 .data.__malloc_av_
                0x0000000020001380      0x408 /opt/homebrew/Cellar/arm-none-eabi-gcc/10.3-2021.07/gcc/bin/../lib/gcc/arm-none-eabi/10.3.1/../../../../arm-none-eabi/lib/thumb/v6-m/nofp/libc.a(lib_a-mallocr.o)
                0x0000000020001380                __malloc_av_
 .data.__malloc_sbrk_base
                0x0000000020001788        0x4 /opt/homebrew/Cellar/arm-none-eabi-gcc/10.3-2021.07/gcc/bin/../lib/gcc/arm-none-eabi/10.3.1/../../../../arm-none-eabi/lib/thumb/v6-m/nofp/libc.a(lib_a-mallocr.o)
                0x0000000020001788                __malloc_sbrk_base
 .data.__malloc_trim_threshold
                0x000000002000178c        0x4 /opt/homebrew/Cellar/arm-none-eabi-gcc/10.3-2021.07/gcc/bin/../lib/gcc/arm-none-eabi/10.3.1/../../../../arm-none-eabi/lib/thumb/v6-m/nofp/libc.a(lib_a-mallocr.o)
                0x000000002000178c                __malloc_trim_threshold
                0x0000000020001790                . = ALIGN (0x4)
 *(.after_data.*)
                0x0000000020001790                . = ALIGN (0x4)
                0x0000000020001790                PROVIDE (__mutex_array_start = .)
 *(SORT_BY_NAME(.mutex_array.*))
 *(.mutex_array)
 .mutex_array   0x0000000020001790        0x8 CMakeFiles/adc_display.dir/Users/thetragedyofdarthwise/pico/pico-sdk/src/rp2_common/pico_malloc/pico_malloc.c.obj
 .mutex_array   0x0000000020001798        0x8 CMakeFiles/adc_display.dir/Users/thetragedyofdarthwise/pico/pico-sdk/src/rp2_common/pico_stdio/stdio.c.obj
                0x00000000200017a0                PROVIDE (__mutex_array_end = .)
                0x00000000200017a0                . = ALIGN (0x4)
                0x00000000200017a0                PROVIDE (__preinit_array_start = .)
 *(SORT_BY_NAME(.preinit_array.*))
 .preinit_array.00001
                0x00000000200017a0        0x4 CMakeFiles/adc_display.dir/Users/thetragedyofdarthwise/pico/pico-sdk/src/rp2_common/pico_mem_ops/mem_ops_aeabi.S.obj
 .preinit_array.00010
                0x00000000200017a4        0x4 CMakeFiles/adc_display.dir/Users/thetragedyofdarthwise/pico/pico-sdk/src/rp2_common/pico_bit_ops/bit_ops_aeabi.S.obj
 .preinit_array.00020
                0x00000000200017a8        0x4 CMakeFiles/adc_display.dir/Users/thetragedyofdarthwise/pico/pico-sdk/src/rp2_common/pico_double/double_aeabi.S.obj
 .preinit_array.00020
                0x00000000200017ac        0x4 CMakeFiles/adc_display.dir/Users/thetragedyofdarthwise/pico/pico-sdk/src/rp2_common/pico_float/float_aeabi.S.obj
 *(.preinit_array)
                0x00000000200017b0                PROVIDE (__preinit_array_end = .)
                0x00000000200017b0                . = ALIGN (0x4)
                0x00000000200017b0                PROVIDE (__init_array_start = .)
 *(SORT_BY_NAME(.init_array.*))
 *(.init_array)
 .init_array    0x00000000200017b0        0x4 /opt/homebrew/Cellar/arm-none-eabi-gcc/10.3-2021.07/gcc/bin/../lib/gcc/arm-none-eabi/10.3.1/thumb/v6-m/nofp/crtbegin.o
 .init_array    0x00000000200017b4        0x4 CMakeFiles/adc_display.dir/Users/thetragedyofdarthwise/pico/pico-sdk/src/rp2_common/pico_unique_id/unique_id.c.obj
                0x00000000200017b8                PROVIDE (__init_array_end = .)
                0x00000000200017b8                . = ALIGN (0x4)
                [!provide]                        PROVIDE (__fini_array_start = .)
 *(SORT_BY_NAME(.fini_array.*))
 *(.fini_array)
                [!provide]                        PROVIDE (__fini_array_end = .)
 *(.jcr)
                0x00000000200017b8                . = ALIGN (0x4)
                0x00000000200017b8                __data_end__ = .

.igot.plt       0x00000000200017b8        0x0 load address 0x0000000010009838
 .igot.plt      0x00000000200017b8        0x0 /opt/homebrew/Cellar/arm-none-eabi-gcc/10.3-2021.07/gcc/bin/../lib/gcc/arm-none-eabi/10.3.1/thumb/v6-m/nofp/crtbegin.o

.uninitialized_data
                0x00000000200017b8        0x0 load address 0x0000000010009838
                0x00000000200017b8                . = ALIGN (0x4)
 *(.uninitialized_data*)

.scratch_x      0x0000000020040000        0x0 load address 0x0000000010009838
                0x0000000020040000                __scratch_x_start__ = .
 *(.scratch_x.*)
                0x0000000020040000                . = ALIGN (0x4)
                0x0000000020040000                __scratch_x_end__ = .
                0x0000000010009838                __scratch_x_source__ = LOADADDR (.scratch_x)

.scratch_y      0x0000000020041000        0x0 load address 0x0000000010009838
                0x0000000020041000                __scratch_y_start__ = .
 *(.scratch_y.*)
                0x0000000020041000                . = ALIGN (0x4)
                0x0000000020041000                __scratch_y_end__ = .
                0x0000000010009838                __scratch_y_source__ = LOADADDR (.scratch_y)

.bss            0x00000000200017b8      0xddc
                0x00000000200017b8                . = ALIGN (0x4)
                0x00000000200017b8                __bss_start__ = .
 *(SORT_BY_ALIGNMENT(SORT_BY_NAME(.bss*)))
 .bss.default_alarm_pool_entries
                0x00000000200017b8      0x100 CMakeFiles/adc_display.dir/Users/thetragedyofdarthwise/pico/pico-sdk/src/common/pico_time/time.c.obj
 .bss.last_avail_time.1
                0x00000000200018b8        0x8 CMakeFiles/adc_display.dir/Users/thetragedyofdarthwise/pico/pico-sdk/src/rp2_common/pico_stdio_usb/stdio_usb.c.obj
 .bss.sd_table  0x00000000200018c0      0x100 CMakeFiles/adc_display.dir/Users/thetragedyofdarthwise/pico/pico-sdk/src/rp2_common/pico_double/double_init_rom.c.obj
                0x00000000200018c0                sd_table
 .bss           0x00000000200019c0       0x1c /opt/homebrew/Cellar/arm-none-eabi-gcc/10.3-2021.07/gcc/bin/../lib/gcc/arm-none-eabi/10.3.1/thumb/v6-m/nofp/crtbegin.o
 .bss.__lock___malloc_recursive_mutex
                0x00000000200019dc        0x1 /opt/homebrew/Cellar/arm-none-eabi-gcc/10.3-2021.07/gcc/bin/../lib/gcc/arm-none-eabi/10.3.1/../../../../arm-none-eabi/lib/thumb/v6-m/nofp/libc.a(lib_a-lock.o)
                0x00000000200019dc                __lock___malloc_recursive_mutex
 *fill*         0x00000000200019dd        0x3 
 .bss.__malloc_current_mallinfo
                0x00000000200019e0       0x28 /opt/homebrew/Cellar/arm-none-eabi-gcc/10.3-2021.07/gcc/bin/../lib/gcc/arm-none-eabi/10.3.1/../../../../arm-none-eabi/lib/thumb/v6-m/nofp/libc.a(lib_a-mallocr.o)
                0x00000000200019e0                __malloc_current_mallinfo
 .bss.__malloc_max_sbrked_mem
                0x0000000020001a08        0x4 /opt/homebrew/Cellar/arm-none-eabi-gcc/10.3-2021.07/gcc/bin/../lib/gcc/arm-none-eabi/10.3.1/../../../../arm-none-eabi/lib/thumb/v6-m/nofp/libc.a(lib_a-mallocr.o)
                0x0000000020001a08                __malloc_max_sbrked_mem
 .bss.__malloc_max_total_mem
                0x0000000020001a0c        0x4 /opt/homebrew/Cellar/arm-none-eabi-gcc/10.3-2021.07/gcc/bin/../lib/gcc/arm-none-eabi/10.3.1/../../../../arm-none-eabi/lib/thumb/v6-m/nofp/libc.a(lib_a-mallocr.o)
                0x0000000020001a0c                __malloc_max_total_mem
 .bss.__malloc_top_pad
                0x0000000020001a10        0x4 /opt/homebrew/Cellar/arm-none-eabi-gcc/10.3-2021.07/gcc/bin/../lib/gcc/arm-none-eabi/10.3.1/../../../../arm-none-eabi/lib/thumb/v6-m/nofp/libc.a(lib_a-mallocr.o)
                0x0000000020001a10                __malloc_top_pad
 .bss._app_driver
                0x0000000020001a14        0x4 CMakeFiles/adc_display.dir/Users/thetragedyofdarthwise/pico/pico-sdk/lib/tinyusb/src/device/usbd.c.obj
 .bss._cdcd_itf
                0x0000000020001a18      0x2c8 CMakeFiles/adc_display.dir/Users/thetragedyofdarthwise/pico/pico-sdk/lib/tinyusb/src/class/cdc/cdc_device.c.obj
 .bss._ctrl_xfer
                0x0000000020001ce0       0x14 CMakeFiles/adc_display.dir/Users/thetragedyofdarthwise/pico/pico-sdk/lib/tinyusb/src/device/usbd_control.c.obj
 .bss._ubsd_mutexdef
                0x0000000020001cf4        0x8 CMakeFiles/adc_display.dir/Users/thetragedyofdarthwise/pico/pico-sdk/lib/tinyusb/src/device/usbd.c.obj
 .bss._usbd_ctrl_buf
                0x0000000020001cfc       0x40 CMakeFiles/adc_display.dir/Users/thetragedyofdarthwise/pico/pico-sdk/lib/tinyusb/src/device/usbd_control.c.obj
 .bss._usbd_dev
                0x0000000020001d3c       0x53 CMakeFiles/adc_display.dir/Users/thetragedyofdarthwise/pico/pico-sdk/lib/tinyusb/src/device/usbd.c.obj
 *fill*         0x0000000020001d8f        0x1 
 .bss._usbd_mutex
                0x0000000020001d90        0x4 CMakeFiles/adc_display.dir/Users/thetragedyofdarthwise/pico/pico-sdk/lib/tinyusb/src/device/usbd.c.obj
 .bss._usbd_q   0x0000000020001d94        0x4 CMakeFiles/adc_display.dir/Users/thetragedyofdarthwise/pico/pico-sdk/lib/tinyusb/src/device/usbd.c.obj
 .bss._usbd_qdef_buf
                0x0000000020001d98       0xc0 CMakeFiles/adc_display.dir/Users/thetragedyofdarthwise/pico/pico-sdk/lib/tinyusb/src/device/usbd.c.obj
                0x0000000020001d98                _usbd_qdef_buf
 .bss.alarm_callbacks
                0x0000000020001e58       0x10 CMakeFiles/adc_display.dir/Users/thetragedyofdarthwise/pico/pico-sdk/src/rp2_common/hardware_timer/timer.c.obj
 .bss.boot2_copyout
                0x0000000020001e68      0x100 CMakeFiles/adc_display.dir/Users/thetragedyofdarthwise/pico/pico-sdk/src/rp2_common/hardware_flash/flash.c.obj
 .bss.chars_available_callback
                0x0000000020001f68        0x4 CMakeFiles/adc_display.dir/Users/thetragedyofdarthwise/pico/pico-sdk/src/rp2_common/pico_stdio_usb/stdio_usb.c.obj
 .bss.chars_available_param
                0x0000000020001f6c        0x4 CMakeFiles/adc_display.dir/Users/thetragedyofdarthwise/pico/pico-sdk/src/rp2_common/pico_stdio_usb/stdio_usb.c.obj
 .bss.claimed   0x0000000020001f70        0x4 CMakeFiles/adc_display.dir/Users/thetragedyofdarthwise/pico/pico-sdk/src/rp2_common/hardware_sync/sync.c.obj
 .bss.configured_freq
                0x0000000020001f74       0x28 CMakeFiles/adc_display.dir/Users/thetragedyofdarthwise/pico/pico-sdk/src/rp2_common/hardware_clocks/clocks.c.obj
 .bss.default_alarm_pool_entry_ids_high
                0x0000000020001f9c       0x10 CMakeFiles/adc_display.dir/Users/thetragedyofdarthwise/pico/pico-sdk/src/common/pico_time/time.c.obj
 .bss.default_alarm_pool_heap_nodes
                0x0000000020001fac       0x30 CMakeFiles/adc_display.dir/Users/thetragedyofdarthwise/pico/pico-sdk/src/common/pico_time/time.c.obj
 .bss.desc_str.0
                0x0000000020001fdc       0x28 CMakeFiles/adc_display.dir/Users/thetragedyofdarthwise/pico/pico-sdk/src/rp2_common/pico_stdio_usb/stdio_usb_descriptors.c.obj
 .bss.disp      0x0000000020002004       0x14 CMakeFiles/adc_display.dir/main.c.obj
                0x0000000020002004                disp
 .bss.drivers   0x0000000020002018        0x4 CMakeFiles/adc_display.dir/Users/thetragedyofdarthwise/pico/pico-sdk/src/rp2_common/pico_stdio/stdio.c.obj
 .bss.e15_last_sof
                0x000000002000201c        0x4 CMakeFiles/adc_display.dir/Users/thetragedyofdarthwise/pico/pico-sdk/lib/tinyusb/src/portable/raspberrypi/rp2040/rp2040_usb.c.obj
                0x000000002000201c                e15_last_sof
 .bss.errno     0x0000000020002020        0x4 /opt/homebrew/Cellar/arm-none-eabi-gcc/10.3-2021.07/gcc/bin/../lib/gcc/arm-none-eabi/10.3.1/../../../../arm-none-eabi/lib/thumb/v6-m/nofp/libc.a(lib_a-reent.o)
                0x0000000020002020                errno
 .bss.filter    0x0000000020002024        0x4 CMakeFiles/adc_display.dir/Users/thetragedyofdarthwise/pico/pico-sdk/src/rp2_common/pico_stdio/stdio.c.obj
 .bss.heap_end.0
                0x0000000020002028        0x4 CMakeFiles/adc_display.dir/Users/thetragedyofdarthwise/pico/pico-sdk/src/rp2_common/pico_runtime/runtime.c.obj
 .bss.hw_endpoints
                0x000000002000202c      0x400 CMakeFiles/adc_display.dir/Users/thetragedyofdarthwise/pico/pico-sdk/lib/tinyusb/src/portable/raspberrypi/rp2040/dcd_rp2040.c.obj
 .bss.lazy_vsnprintf