Archive member included to satisfy reference by file (symbol)

/opt/homebrew/Cellar/arm-none-eabi-gcc/10.3-2021.07/gcc/bin/../lib/gcc/arm-none-eabi/10.3.1/thumb/v6-m/nofp/libgcc.a(_dvmd_tls.o)
                              CMakeFiles/SDRead.dir/Users/thetragedyofdarthwise/pico/pico-sdk/src/rp2_common/pico_divider/divider.S.obj (__aeabi_idiv0)
/opt/homebrew/Cellar/arm-none-eabi-gcc/10.3-2021.07/gcc/bin/../lib/gcc/arm-none-eabi/10.3.1/../../../../arm-none-eabi/lib/thumb/v6-m/nofp/libc.a(lib_a-calloc.o)
                              CMakeFiles/SDRead.dir/Users/thetragedyofdarthwise/pico/pico-sdk/src/rp2_common/pico_malloc/pico_malloc.c.obj (calloc)
/opt/homebrew/Cellar/arm-none-eabi-gcc/10.3-2021.07/gcc/bin/../lib/gcc/arm-none-eabi/10.3.1/../../../../arm-none-eabi/lib/thumb/v6-m/nofp/libc.a(lib_a-callocr.o)
                              /opt/homebrew/Cellar/arm-none-eabi-gcc/10.3-2021.07/gcc/bin/../lib/gcc/arm-none-eabi/10.3.1/../../../../arm-none-eabi/lib/thumb/v6-m/nofp/libc.a(lib_a-calloc.o) (_calloc_r)
/opt/homebrew/Cellar/arm-none-eabi-gcc/10.3-2021.07/gcc/bin/../lib/gcc/arm-none-eabi/10.3.1/../../../../arm-none-eabi/lib/thumb/v6-m/nofp/libc.a(lib_a-errno.o)
                              /opt/homebrew/Cellar/arm-none-eabi-gcc/10.3-2021.07/gcc/bin/../lib/gcc/arm-none-eabi/10.3.1/../../../../arm-none-eabi/lib/thumb/v6-m/nofp/libc.a(lib_a-callocr.o) (__errno)
/opt/homebrew/Cellar/arm-none-eabi-gcc/10.3-2021.07/gcc/bin/../lib/gcc/arm-none-eabi/10.3.1/../../../../arm-none-eabi/lib/thumb/v6-m/nofp/libc.a(lib_a-impure.o)
                              /opt/homebrew/Cellar/arm-none-eabi-gcc/10.3-2021.07/gcc/bin/../lib/gcc/arm-none-eabi/10.3.1/../../../../arm-none-eabi/lib/thumb/v6-m/nofp/libc.a(lib_a-calloc.o) (_impure_ptr)
/opt/homebrew/Cellar/arm-none-eabi-gcc/10.3-2021.07/gcc/bin/../lib/gcc/arm-none-eabi/10.3.1/../../../../arm-none-eabi/lib/thumb/v6-m/nofp/libc.a(lib_a-init.o)
                              /opt/homebrew/Cellar/arm-none-eabi-gcc/10.3-2021.07/gcc/bin/../lib/gcc/arm-none-eabi/10.3.1/../../../../arm-none-eabi/lib/thumb/v6-m/nofp/crt0.o (__libc_init_array)
/opt/homebrew/Cellar/arm-none-eabi-gcc/10.3-2021.07/gcc/bin/../lib/gcc/arm-none-eabi/10.3.1/../../../../arm-none-eabi/lib/thumb/v6-m/nofp/libc.a(lib_a-malloc.o)
                              CMakeFiles/SDRead.dir/Users/thetragedyofdarthwise/pico/pico-sdk/src/rp2_common/pico_malloc/pico_malloc.c.obj (malloc)
/opt/homebrew/Cellar/arm-none-eabi-gcc/10.3-2021.07/gcc/bin/../lib/gcc/arm-none-eabi/10.3.1/../../../../arm-none-eabi/lib/thumb/v6-m/nofp/libc.a(lib_a-mallocr.o)
                              /opt/homebrew/Cellar/arm-none-eabi-gcc/10.3-2021.07/gcc/bin/../lib/gcc/arm-none-eabi/10.3.1/../../../../arm-none-eabi/lib/thumb/v6-m/nofp/libc.a(lib_a-callocr.o) (_malloc_r)
/opt/homebrew/Cellar/arm-none-eabi-gcc/10.3-2021.07/gcc/bin/../lib/gcc/arm-none-eabi/10.3.1/../../../../arm-none-eabi/lib/thumb/v6-m/nofp/libc.a(lib_a-mlock.o)
                              /opt/homebrew/Cellar/arm-none-eabi-gcc/10.3-2021.07/gcc/bin/../lib/gcc/arm-none-eabi/10.3.1/../../../../arm-none-eabi/lib/thumb/v6-m/nofp/libc.a(lib_a-mallocr.o) (__malloc_lock)
/opt/homebrew/Cellar/arm-none-eabi-gcc/10.3-2021.07/gcc/bin/../lib/gcc/arm-none-eabi/10.3.1/../../../../arm-none-eabi/lib/thumb/v6-m/nofp/libc.a(lib_a-realloc.o)
                              CMakeFiles/SDRead.dir/Users/thetragedyofdarthwise/pico/pico-sdk/src/rp2_common/pico_malloc/pico_malloc.c.obj (realloc)
/opt/homebrew/Cellar/arm-none-eabi-gcc/10.3-2021.07/gcc/bin/../lib/gcc/arm-none-eabi/10.3.1/../../../../arm-none-eabi/lib/thumb/v6-m/nofp/libc.a(lib_a-reallocr.o)
                              /opt/homebrew/Cellar/arm-none-eabi-gcc/10.3-2021.07/gcc/bin/../lib/gcc/arm-none-eabi/10.3.1/../../../../arm-none-eabi/lib/thumb/v6-m/nofp/libc.a(lib_a-realloc.o) (_realloc_r)
/opt/homebrew/Cellar/arm-none-eabi-gcc/10.3-2021.07/gcc/bin/../lib/gcc/arm-none-eabi/10.3.1/../../../../arm-none-eabi/lib/thumb/v6-m/nofp/libc.a(lib_a-sbrkr.o)
                              /opt/homebrew/Cellar/arm-none-eabi-gcc/10.3-2021.07/gcc/bin/../lib/gcc/arm-none-eabi/10.3.1/../../../../arm-none-eabi/lib/thumb/v6-m/nofp/libc.a(lib_a-mallocr.o) (_sbrk_r)
/opt/homebrew/Cellar/arm-none-eabi-gcc/10.3-2021.07/gcc/bin/../lib/gcc/arm-none-eabi/10.3.1/../../../../arm-none-eabi/lib/thumb/v6-m/nofp/libc.a(lib_a-strlen-stub.o)
                              CMakeFiles/SDRead.dir/Users/thetragedyofdarthwise/pico/pico-sdk/src/rp2_common/pico_stdio/stdio.c.obj (strlen)
/opt/homebrew/Cellar/arm-none-eabi-gcc/10.3-2021.07/gcc/bin/../lib/gcc/arm-none-eabi/10.3.1/../../../../arm-none-eabi/lib/thumb/v6-m/nofp/libc.a(lib_a-freer.o)
                              /opt/homebrew/Cellar/arm-none-eabi-gcc/10.3-2021.07/gcc/bin/../lib/gcc/arm-none-eabi/10.3.1/../../../../arm-none-eabi/lib/thumb/v6-m/nofp/libc.a(lib_a-malloc.o) (_free_r)
[...]
Memory Configuration

Name             Origin             Length             Attributes
FLASH            0x0000000010000000 0x0000000000200000 xr
RAM              0x0000000020000000 0x0000000000040000 xrw
SCRATCH_X        0x0000000020040000 0x0000000000001000 xrw
SCRATCH_Y        0x0000000020041000 0x0000000000001000 xrw
*default*        0x0000000000000000 0xffffffffffffffff

Linker script and memory map

LOAD /opt/homebrew/Cellar/arm-none-eabi-gcc/10.3-2021.07/gcc/bin/../lib/gcc/arm-none-eabi/10.3.1/thumb/v6-m/nofp/crti.o
LOAD /opt/homebrew/Cellar/arm-none-eabi-gcc/10.3-2021.07/gcc/bin/../lib/gcc/arm-none-eabi/10.3.1/thumb/v6-m/nofp/crtbegin.o
LOAD /opt/homebrew/Cellar/arm-none-eabi-gcc/10.3-2021.07/gcc/bin/../lib/gcc/arm-none-eabi/10.3.1/../../../../arm-none-eabi/lib/thumb/v6-m/nofp/crt0.o

.flash_begin    0x0000000010000000        0x0
                0x0000000010000000                __flash_binary_start = .

.boot2          0x0000000010000000      0x100
                0x0000000010000000                __boot2_start__ = .
 *(.boot2)
 .boot2         0x0000000010000000      0x100 /var/folders/v4/7zxsd_212rv0j7qc8whpzjbm0000gn/T//ccSkHmmk.o
                0x0000000010000100                __boot2_end__ = .
                0x0000000000000001                ASSERT (((__boot2_end__ - __boot2_start__) == 0x100), ERROR: Pico second stage bootloader must be 256 bytes in size)

.text           0x0000000010000100     0x83c0
                0x0000000010000100                __logical_binary_start = .
 *(.vectors)
 .vectors       0x0000000010000100       0xd4 CMakeFiles/SDRead.dir/Users/thetragedyofdarthwise/pico/pico-sdk/src/rp2_common/pico_standard_link/crt0.S.obj
                0x0000000010000100                __VECTOR_TABLE
                0x0000000010000100                __vectors
                0x00000000100001c0                __default_isrs_start
                0x00000000100001c0                isr_invalid
                0x00000000100001c2                isr_nmi
                0x00000000100001c4                isr_hardfault
                0x00000000100001c6                isr_svcall
                0x00000000100001c8                isr_pendsv
                0x00000000100001ca                isr_systick
                0x00000000100001cc                isr_irq28
                0x00000000100001cc                isr_irq19
                0x00000000100001cc                isr_irq0
                0x00000000100001cc                isr_irq6
                0x00000000100001cc                isr_irq22
                0x00000000100001cc                isr_irq17
                0x00000000100001cc                isr_irq14
                0x00000000100001cc                isr_irq2
                0x00000000100001cc                isr_irq10
                0x00000000100001cc                isr_irq8
                0x00000000100001cc                isr_irq24
                0x00000000100001cc                isr_irq1
                0x00000000100001cc                isr_irq7
                0x00000000100001cc                isr_irq21
                0x00000000100001cc                isr_irq20
                0x00000000100001cc                isr_irq15
                0x00000000100001cc                isr_irq25
                0x00000000100001cc                isr_irq4
                0x00000000100001cc                isr_irq16
                0x00000000100001cc                isr_irq29
                0x00000000100001cc                isr_irq26
                0x00000000100001cc                __default_isrs_end
                0x00000000100001cc                isr_irq3
                0x00000000100001cc                isr_irq9
                0x00000000100001cc                __unhandled_user_irq
                0x00000000100001cc                isr_irq13
                0x00000000100001cc                isr_irq27
                0x00000000100001cc                isr_irq31
                0x00000000100001cc                isr_irq5
                0x00000000100001cc                isr_irq11
                0x00000000100001cc                isr_irq23
                0x00000000100001cc                isr_irq18
                0x00000000100001cc                isr_irq30
                0x00000000100001cc                isr_irq12
                0x00000000100001d2                unhandled_user_irq_num_in_r0
 *(.binary_info_header)
 .binary_info_header
                0x00000000100001d4       0x14 CMakeFiles/SDRead.dir/Users/thetragedyofdarthwise/pico/pico-sdk/src/rp2_common/pico_standard_link/crt0.S.obj
                0x00000000100001e8                __binary_info_header_end = .
 *(.reset)
 .reset         0x00000000100001e8       0xa0 CMakeFiles/SDRead.dir/Users/thetragedyofdarthwise/pico/pico-sdk/src/rp2_common/pico_standard_link/crt0.S.obj
                0x00000000100001e8                _entry_point
 .reset         0x0000000010000288       0x30 CMakeFiles/SDRead.dir/Users/thetragedyofdarthwise/pico/pico-sdk/src/rp2_common/pico_standard_link/binary_info.c.obj
 *(.init)
 .init          0x00000000100002b8        0x4 /opt/homebrew/Cellar/arm-none-eabi-gcc/10.3-2021.07/gcc/bin/../lib/gcc/arm-none-eabi/10.3.1/thumb/v6-m/nofp/crti.o
                0x00000000100002b8                _init
 *(EXCLUDE_FILE(*libm.a: *libc.a:*lib_a-mem*.o *libgcc.a:) .text*)
 .text          0x00000000100002bc       0x48 /opt/homebrew/Cellar/arm-none-eabi-gcc/10.3-2021.07/gcc/bin/../lib/gcc/arm-none-eabi/10.3.1/thumb/v6-m/nofp/crtbegin.o
 .text.second_core_code
                0x0000000010000304      0x214 CMakeFiles/SDRead.dir/main.c.obj
                0x0000000010000304                second_core_code
 .text.sd_init  0x0000000010000518      0x2dc CMakeFiles/SDRead.dir/main.c.obj
                0x0000000010000518                sd_init
 .text.sd_read_blocks
                0x00000000100007f4       0xdc CMakeFiles/SDRead.dir/main.c.obj
                0x00000000100007f4                sd_read_blocks
 .text.setup_gpios
                0x00000000100008d0       0x64 CMakeFiles/SDRead.dir/main.c.obj
                0x00000000100008d0                setup_gpios
 .text.bootloader_animation
                0x0000000010000934       0xe8 CMakeFiles/SDRead.dir/main.c.obj
                0x0000000010000934                bootloader_animation
 .text.startup.main
                0x0000000010000a1c       0xa4 CMakeFiles/SDRead.dir/main.c.obj
                0x0000000010000a1c                main
 .text.ssd1306_draw_char_with_font.part.0
                0x0000000010000ac0      0x148 CMakeFiles/SDRead.dir/Users/thetragedyofdarthwise/PicoDev/explorer/SD_Read/ssd1306.c.obj
 .text.ssd1306_init
                0x0000000010000c08      0x14c CMakeFiles/SDRead.dir/Users/thetragedyofdarthwise/PicoDev/explorer/SD_Read/ssd1306.c.obj
                0x0000000010000c08                ssd1306_init
 .text.ssd1306_deinit
                0x0000000010000d54        0xc CMakeFiles/SDRead.dir/Users/thetragedyofdarthwise/PicoDev/explorer/SD_Read/ssd1306.c.obj
                0x0000000010000d54                ssd1306_deinit
 .text.ssd1306_poweroff
                0x0000000010000d60       0x48 CMakeFiles/SDRead.dir/Users/thetragedyofdarthwise/PicoDev/explorer/SD_Read/ssd1306.c.obj
                0x0000000010000d60                ssd1306_poweroff
 .text.ssd1306_poweron
                0x0000000010000da8       0x48 CMakeFiles/SDRead.dir/Users/thetragedyofdarthwise/PicoDev/explorer/SD_Read/ssd1306.c.obj
                0x0000000010000da8                ssd1306_poweron
 .text.ssd1306_invert
                0x0000000010000df0       0x50 CMakeFiles/SDRead.dir/Users/thetragedyofdarthwise/PicoDev/explorer/SD_Read/ssd1306.c.obj
                0x0000000010000df0                ssd1306_invert
 .text.ssd1306_clear
                0x0000000010000e40       0x10 CMakeFiles/SDRead.dir/Users/thetragedyofdarthwise/PicoDev/explorer/SD_Read/ssd1306.c.obj
                0x0000000010000e40                ssd1306_clear
 .text.ssd1306_draw_line
                0x0000000010000e50       0xd4 CMakeFiles/SDRead.dir/Users/thetragedyofdarthwise/PicoDev/explorer/SD_Read/ssd1306.c.obj
                0x0000000010000e50                ssd1306_draw_line
 .text.ssd1306_draw_string
                0x0000000010000f24       0x68 CMakeFiles/SDRead.dir/Users/thetragedyofdarthwise/PicoDev/explorer/SD_Read/ssd1306.c.obj
                0x0000000010000f24                ssd1306_draw_string
 .text.ssd1306_show
                0x0000000010000f8c       0xd0 CMakeFiles/SDRead.dir/Users/thetragedyofdarthwise/PicoDev/explorer/SD_Read/ssd1306.c.obj
                0x0000000010000f8c                ssd1306_show
 .text.gpio_set_function
                0x000000001000105c       0x30 CMakeFiles/SDRead.dir/Users/thetragedyofdarthwise/pico/pico-sdk/src/rp2_common/hardware_gpio/gpio.c.obj
                0x000000001000105c                gpio_set_function
 .text.gpio_set_pulls
                0x000000001000108c       0x30 CMakeFiles/SDRead.dir/Users/thetragedyofdarthwise/pico/pico-sdk/src/rp2_common/hardware_gpio/gpio.c.obj
                0x000000001000108c                gpio_set_pulls
 .text.gpio_init
                0x00000000100010bc       0x3c CMakeFiles/SDRead.dir/Users/thetragedyofdarthwise/pico/pico-sdk/src/rp2_common/hardware_gpio/gpio.c.obj
                0x00000000100010bc                gpio_init
 .text.running_on_fpga
                0x00000000100010f8       0x10 CMakeFiles/SDRead.dir/Users/thetragedyofdarthwise/pico/pico-sdk/src/rp2_common/pico_platform/platform.c.obj
                0x00000000100010f8                running_on_fpga
 .text.hw_claim_or_assert
                0x0000000010001108       0x44 CMakeFiles/SDRead.dir/Users/thetragedyofdarthwise/pico/pico-sdk/src/rp2_common/hardware_claim/claim.c.obj
                0x0000000010001108                hw_claim_or_assert
 .text.hw_claim_unused_from_range
                0x000000001000114c       0x9c CMakeFiles/SDRead.dir/Users/thetragedyofdarthwise/pico/pico-sdk/src/rp2_common/hardware_claim/claim.c.obj
                0x000000001000114c                hw_claim_unused_from_range
 .text.spin_locks_reset
                0x00000000100011e8       0x1c CMakeFiles/SDRead.dir/Users/thetragedyofdarthwise/pico/pico-sdk/src/rp2_common/hardware_sync/sync.c.obj
                0x00000000100011e8                spin_locks_reset
 .text.next_striped_spin_lock_num
                0x0000000010001204       0x18 CMakeFiles/SDRead.dir/Users/thetragedyofdarthwise/pico/pico-sdk/src/rp2_common/hardware_sync/sync.c.obj
                0x0000000010001204                next_striped_spin_lock_num
 .text.spin_lock_claim_unused
                0x000000001000121c       0x20 CMakeFiles/SDRead.dir/Users/thetragedyofdarthwise/pico/pico-sdk/src/rp2_common/hardware_sync/sync.c.obj
                0x000000001000121c                spin_lock_claim_unused
 .text.irq_set_enabled
                0x000000001000123c       0x24 CMakeFiles/SDRead.dir/Users/thetragedyofdarthwise/pico/pico-sdk/src/rp2_common/hardware_irq/irq.c.obj
                0x000000001000123c                irq_set_enabled
 .text.irq_is_enabled
                0x0000000010001260       0x18 CMakeFiles/SDRead.dir/Users/thetragedyofdarthwise/pico/pico-sdk/src/rp2_common/hardware_irq/irq.c.obj
                0x0000000010001260                irq_is_enabled
 .text.irq_set_pending
                0x0000000010001278       0x10 CMakeFiles/SDRead.dir/Users/thetragedyofdarthwise/pico/pico-sdk/src/rp2_common/hardware_irq/irq.c.obj
                0x0000000010001278                irq_set_pending
 .text.irq_has_shared_handler
                0x0000000010001288       0x2c CMakeFiles/SDRead.dir/Users/thetragedyofdarthwise/pico/pico-sdk/src/rp2_common/hardware_irq/irq.c.obj
                0x0000000010001288                irq_has_shared_handler
 .text.irq_get_vtable_handler
                0x00000000100012b4       0x10 CMakeFiles/SDRead.dir/Users/thetragedyofdarthwise/pico/pico-sdk/src/rp2_common/hardware_irq/irq.c.obj
                0x00000000100012b4                irq_get_vtable_handler
 .text.irq_set_exclusive_handler
                0x00000000100012c4       0x54 CMakeFiles/SDRead.dir/Users/thetragedyofdarthwise/pico/pico-sdk/src/rp2_common/hardware_irq/irq.c.obj
                0x00000000100012c4                irq_set_exclusive_handler
 .text.irq_add_shared_handler
                0x0000000010001318      0x1e8 CMakeFiles/SDRead.dir/Users/thetragedyofdarthwise/pico/pico-sdk/src/rp2_common/hardware_irq/irq.c.obj
                0x0000000010001318                irq_add_shared_handler
 .text.irq_remove_handler
                0x0000000010001500      0x1b0 CMakeFiles/SDRead.dir/Users/thetragedyofdarthwise/pico/pico-sdk/src/rp2_common/hardware_irq/irq.c.obj
                0x0000000010001500                irq_remove_handler
 .text.irq_add_tail_to_free_list
                0x00000000100016b0       0xb4 CMakeFiles/SDRead.dir/Users/thetragedyofdarthwise/pico/pico-sdk/src/rp2_common/hardware_irq/irq.c.obj
                0x00000000100016b0                irq_add_tail_to_free_list
 .text.irq_init_priorities
                0x0000000010001764       0x24 CMakeFiles/SDRead.dir/Users/thetragedyofdarthwise/pico/pico-sdk/src/rp2_common/hardware_irq/irq.c.obj
                0x0000000010001764                irq_init_priorities
 .text.user_irq_claim_unused
                0x0000000010001788       0x28 CMakeFiles/SDRead.dir/Users/thetragedyofdarthwise/pico/pico-sdk/src/rp2_common/hardware_irq/irq.c.obj
                0x0000000010001788                user_irq_claim_unused
 .text.lock_init
                0x00000000100017b0       0x10 CMakeFiles/SDRead.dir/Users/thetragedyofdarthwise/pico/pico-sdk/src/common/pico_sync/lock_core.c.obj
                0x00000000100017b0                lock_init
 .text.mutex_init
                0x00000000100017c0       0x1c CMakeFiles/SDRead.dir/Users/thetragedyofdarthwise/pico/pico-sdk/src/common/pico_sync/mutex.c.obj
                0x00000000100017c0                mutex_init
 .text.recursive_mutex_init
                0x00000000100017dc       0x1c CMakeFiles/SDRead.dir/Users/thetragedyofdarthwise/pico/pico-sdk/src/common/pico_sync/mutex.c.obj
                0x00000000100017dc                recursive_mutex_init
 .text.critical_section_init
                0x00000000100017f8       0x20 CMakeFiles/SDRead.dir/Users/thetragedyofdarthwise/pico/pico-sdk/src/common/pico_sync/critical_section.c.obj
                0x00000000100017f8                critical_section_init
 .text.critical_section_init_with_lock_num
                0x0000000010001818       0x14 CMakeFiles/SDRead.dir/Users/thetragedyofdarthwise/pico/pico-sdk/src/common/pico_sync/critical_section.c.obj
                0x0000000010001818                critical_section_init_with_lock_num
 .text.timer_pool_entry_comparator
                0x000000001000182c       0x34 CMakeFiles/SDRead.dir/Users/thetragedyofdarthwise/pico/pico-sdk/src/common/pico_time/time.c.obj
                0x000000001000182c                timer_pool_entry_comparator
 .text.sleep_until_callback
                0x0000000010001860       0x30 CMakeFiles/SDRead.dir/Users/thetragedyofdarthwise/pico/pico-sdk/src/common/pico_time/time.c.obj
 .text.add_alarm_under_lock.isra.0
                0x0000000010001890      0x100 CMakeFiles/SDRead.dir/Users/thetragedyofdarthwise/pico/pico-sdk/src/common/pico_time/time.c.obj
 .text.alarm_pool_alarm_callback
                0x0000000010001990      0x1b8 CMakeFiles/SDRead.dir/Users/thetragedyofdarthwise/pico/pico-sdk/src/common/pico_time/time.c.obj
 .text.alarm_pool_init_default
                0x0000000010001b48       0x6c CMakeFiles/SDRead.dir/Users/thetragedyofdarthwise/pico/pico-sdk/src/common/pico_time/time.c.obj
                0x0000000010001b48                alarm_pool_init_default
 .text.alarm_pool_get_default
                0x0000000010001bb4        0x8 CMakeFiles/SDRead.dir/Users/thetragedyofdarthwise/pico/pico-sdk/src/common/pico_time/time.c.obj
                0x0000000010001bb4                alarm_pool_get_default
 .text.alarm_pool_add_alarm_at
                0x0000000010001bbc      0x17c CMakeFiles/SDRead.dir/Users/thetragedyofdarthwise/pico/pico-sdk/src/common/pico_time/time.c.obj
                0x0000000010001bbc                alarm_pool_add_alarm_at
 .text.alarm_pool_cancel_alarm
                0x0000000010001d38       0x74 CMakeFiles/SDRead.dir/Users/thetragedyofdarthwise/pico/pico-sdk/src/common/pico_time/time.c.obj
                0x0000000010001d38                alarm_pool_cancel_alarm
 .text.alarm_pool_core_num
                0x0000000010001dac        0x4 CMakeFiles/SDRead.dir/Users/thetragedyofdarthwise/pico/pico-sdk/src/common/pico_time/time.c.obj
                0x0000000010001dac                alarm_pool_core_num
 .text.sleep_until
                0x0000000010001db0       0xc4 CMakeFiles/SDRead.dir/Users/thetragedyofdarthwise/pico/pico-sdk/src/common/pico_time/time.c.obj
                0x0000000010001db0                sleep_until
 .text.sleep_ms
                0x0000000010001e74       0x34 CMakeFiles/SDRead.dir/Users/thetragedyofdarthwise/pico/pico-sdk/src/common/pico_time/time.c.obj
                0x0000000010001e74                sleep_ms
 .text.best_effort_wfe_or_timeout
                0x0000000010001ea8       0x78 CMakeFiles/SDRead.dir/Users/thetragedyofdarthwise/pico/pico-sdk/src/common/pico_time/time.c.obj
                0x0000000010001ea8                best_effort_wfe_or_timeout
 .text.hardware_alarm_irq_handler
                0x0000000010001f20       0xbc CMakeFiles/SDRead.dir/Users/thetragedyofdarthwise/pico/pico-sdk/src/rp2_common/hardware_timer/timer.c.obj
 .text.hardware_alarm_claim
                0x0000000010001fdc       0x18 CMakeFiles/SDRead.dir/Users/thetragedyofdarthwise/pico/pico-sdk/src/rp2_common/hardware_timer/timer.c.obj
                0x0000000010001fdc                hardware_alarm_claim
 .text.time_us_64
                0x0000000010001ff4       0x14 CMakeFiles/SDRead.dir/Users/thetragedyofdarthwise/pico/pico-sdk/src/rp2_common/hardware_timer/timer.c.obj
                0x0000000010001ff4                time_us_64
 .text.busy_wait_until
                0x0000000010002008       0x20 CMakeFiles/SDRead.dir/Users/thetragedyofdarthwise/pico/pico-sdk/src/rp2_common/hardware_timer/timer.c.obj
                0x0000000010002008                busy_wait_until
 .text.hardware_alarm_set_callback
                0x0000000010002028       0x8c CMakeFiles/SDRead.dir/Users/thetragedyofdarthwise/pico/pico-sdk/src/rp2_common/hardware_timer/timer.c.obj
                0x0000000010002028                hardware_alarm_set_callback
 .text.hardware_alarm_set_target
                0x00000000100020b4       0xe0 CMakeFiles/SDRead.dir/Users/thetragedyofdarthwise/pico/pico-sdk/src/rp2_common/hardware_timer/timer.c.obj
                0x00000000100020b4                hardware_alarm_set_target
 .text.hardware_alarm_cancel
                0x0000000010002194       0x3c CMakeFiles/SDRead.dir/Users/thetragedyofdarthwise/pico/pico-sdk/src/rp2_common/hardware_timer/timer.c.obj
                0x0000000010002194                hardware_alarm_cancel
 .text.ph_merge_nodes
                0x00000000100021d0       0x68 CMakeFiles/SDRead.dir/Users/thetragedyofdarthwise/pico/pico-sdk/src/common/pico_util/pheap.c.obj
 .text.ph_post_alloc_init
                0x0000000010002238       0x3c CMakeFiles/SDRead.dir/Users/thetragedyofdarthwise/pico/pico-sdk/src/common/pico_util/pheap.c.obj
                0x0000000010002238                ph_post_alloc_init
 .text.ph_merge_two_pass
                0x0000000010002274       0x90 CMakeFiles/SDRead.dir/Users/thetragedyofdarthwise/pico/pico-sdk/src/common/pico_util/pheap.c.obj
                0x0000000010002274                ph_merge_two_pass
 .text.ph_remove_any_head
                0x0000000010002304      0x100 CMakeFiles/SDRead.dir/Users/thetragedyofdarthwise/pico/pico-sdk/src/common/pico_util/pheap.c.obj
 .text.ph_remove_head
                0x0000000010002404      0x104 CMakeFiles/SDRead.dir/Users/thetragedyofdarthwise/pico/pico-sdk/src/common/pico_util/pheap.c.obj
                0x0000000010002404                ph_remove_head
 .text.ph_remove_and_free_node
                0x0000000010002508       0x7c CMakeFiles/SDRead.dir/Users/thetragedyofdarthwise/pico/pico-sdk/src/common/pico_util/pheap.c.obj
                0x0000000010002508                ph_remove_and_free_node
 .text.clocks_init
                0x0000000010002584      0x2bc CMakeFiles/SDRead.dir/Users/thetragedyofdarthwise/pico/pico-sdk/src/rp2_common/hardware_clocks/clocks.c.obj
                0x0000000010002584                clocks_init
 .text.clock_get_hz
                0x0000000010002840        0xc CMakeFiles/SDRead.dir/Users/thetragedyofdarthwise/pico/pico-sdk/src/rp2_common/hardware_clocks/clocks.c.obj
                0x0000000010002840                clock_get_hz
 .text.pll_init
                0x000000001000284c       0xb0 CMakeFiles/SDRead.dir/Users/thetragedyofdarthwise/pico/pico-sdk/src/rp2_common/hardware_pll/pll.c.obj
                0x000000001000284c                pll_init
 .text.watchdog_start_tick
                0x00000000100028fc       0x10 CMakeFiles/SDRead.dir/Users/thetragedyofdarthwise/pico/pico-sdk/src/rp2_common/hardware_watchdog/watchdog.c.obj
                0x00000000100028fc                watchdog_start_tick
 .text.watchdog_reboot
                0x000000001000290c       0x98 CMakeFiles/SDRead.dir/Users/thetragedyofdarthwise/pico/pico-sdk/src/rp2_common/hardware_watchdog/watchdog.c.obj
                0x000000001000290c                watchdog_reboot
 .text.xosc_init
                0x00000000100029a4       0x28 CMakeFiles/SDRead.dir/Users/thetragedyofdarthwise/pico/pico-sdk/src/rp2_common/hardware_xosc/xosc.c.obj
                0x00000000100029a4                xosc_init
 .text.runtime_init
                0x00000000100029cc       0xf0 CMakeFiles/SDRead.dir/Users/thetragedyofdarthwise/pico/pico-sdk/src/rp2_common/pico_runtime/runtime.c.obj
                0x00000000100029cc                runtime_init
 .text._exit    0x0000000010002abc        0x4 CMakeFiles/SDRead.dir/Users/thetragedyofdarthwise/pico/pico-sdk/src/rp2_common/pico_runtime/runtime.c.obj
                0x0000000010002abc                _exit
 .text._sbrk    0x0000000010002ac0       0x34 CMakeFiles/SDRead.dir/Users/thetragedyofdarthwise/pico/pico-sdk/src/rp2_common/pico_runtime/runtime.c.obj
                0x0000000010002ac0                _sbrk
 .text.exit     0x0000000010002af4        0x8 CMakeFiles/SDRead.dir/Users/thetragedyofdarthwise/pico/pico-sdk/src/rp2_common/pico_runtime/runtime.c.obj
                0x0000000010002af4                exit
 .text.panic    0x0000000010002afc       0x30 CMakeFiles/SDRead.dir/Users/thetragedyofdarthwise/pico/pico-sdk/src/rp2_common/pico_runtime/runtime.c.obj
                0x0000000010002afc                panic
 .text.hard_assertion_failure
                0x0000000010002b2c        0xc CMakeFiles/SDRead.dir/Users/thetragedyofdarthwise/pico/pico-sdk/src/rp2_common/pico_runtime/runtime.c.obj
                0x0000000010002b2c                hard_assertion_failure
 .text._out_buffer
                0x0000000010002b38        0x8 CMakeFiles/SDRead.dir/Users/thetragedyofdarthwise/pico/pico-sdk/src/rp2_common/pico_printf/printf.c.obj
 .text._out_null
                0x0000000010002b40        0x4 CMakeFiles/SDRead.dir/Users/thetragedyofdarthwise/pico/pico-sdk/src/rp2_common/pico_printf/printf.c.obj
 .text._out_rev
                0x0000000010002b44       0x9c CMakeFiles/SDRead.dir/Users/thetragedyofdarthwise/pico/pico-sdk/src/rp2_common/pico_printf/printf.c.obj
 .text._ntoa_format
                0x0000000010002be0      0x1cc CMakeFiles/SDRead.dir/Users/thetragedyofdarthwise/pico/pico-sdk/src/rp2_common/pico_printf/printf.c.obj
 .text._out_char
                0x0000000010002dac       0x10 CMakeFiles/SDRead.dir/Users/thetragedyofdarthwise/pico/pico-sdk/src/rp2_common/pico_printf/printf.c.obj
 .text._out_fct
                0x0000000010002dbc       0x10 CMakeFiles/SDRead.dir/Users/thetragedyofdarthwise/pico/pico-sdk/src/rp2_common/pico_printf/printf.c.obj
 .text._etoa    0x0000000010002dcc      0x44c CMakeFiles/SDRead.dir/Users/thetragedyofdarthwise/pico/pico-sdk/src/rp2_common/pico_printf/printf.c.obj
 .text._ftoa    0x0000000010003218      0x398 CMakeFiles/SDRead.dir/Users/thetragedyofdarthwise/pico/pico-sdk/src/rp2_common/pico_printf/printf.c.obj
 .text._vsnprintf
                0x00000000100035b0      0xb04 CMakeFiles/SDRead.dir/Users/thetragedyofdarthwise/pico/pico-sdk/src/rp2_common/pico_printf/printf.c.obj
 .text.__wrap_sprintf
                0x00000000100040b4       0x28 CMakeFiles/SDRead.dir/Users/thetragedyofdarthwise/pico/pico-sdk/src/rp2_common/pico_printf/printf.c.obj
                0x00000000100040b4                __wrap_sprintf
 .text.vfctprintf
                0x00000000100040dc       0x20 CMakeFiles/SDRead.dir/Users/thetragedyofdarthwise/pico/pico-sdk/src/rp2_common/pico_printf/printf.c.obj
                0x00000000100040dc                vfctprintf
 .text.weak_raw_vprintf
                0x00000000100040fc       0x30 CMakeFiles/SDRead.dir/Users/thetragedyofdarthwise/pico/pico-sdk/src/rp2_common/pico_printf/printf.c.obj
                0x00000000100040fc                weak_raw_vprintf
 .text          0x000000001000412c       0x10 CMakeFiles/SDRead.dir/Users/thetragedyofdarthwise/pico/pico-sdk/src/rp2_common/pico_bit_ops/bit_ops_aeabi.S.obj
 .text.rom_func_lookup
                0x000000001000413c       0x10 CMakeFiles/SDRead.dir/Users/thetragedyofdarthwise/pico/pico-sdk/src/rp2_common/pico_bootrom/bootrom.c.obj
                0x000000001000413c                rom_func_lookup
 .text.rom_data_lookup
                0x000000001000414c       0x10 CMakeFiles/SDRead.dir/Users/thetragedyofdarthwise/pico/pico-sdk/src/rp2_common/pico_bootrom/bootrom.c.obj
                0x000000001000414c                rom_data_lookup
 .text.rom_funcs_lookup
                0x000000001000415c       0x44 CMakeFiles/SDRead.dir/Users/thetragedyofdarthwise/pico/pico-sdk/src/rp2_common/pico_bootrom/bootrom.c.obj
                0x000000001000415c                rom_funcs_lookup
 .text.__wrap___aeabi_idiv
                0x00000000100041a0       0x50 CMakeFiles/SDRead.dir/Users/thetragedyofdarthwise/pico/pico-sdk/src/rp2_common/pico_divider/divider.S.obj
                0x00000000100041a0                __wrap___aeabi_idivmod
                0x00000000100041a0                divmod_s32s32
                0x00000000100041a0                div_s32s32
                0x00000000100041a0                __wrap___aeabi_idiv
                0x00000000100041a8                divmod_s32s32_unsafe
                0x00000000100041d4                divmod_s32s32_savestate
 .text.__wrap___aeabi_uidiv
                0x00000000100041f0       0x4c CMakeFiles/SDRead.dir/Users/thetragedyofdarthwise/pico/pico-sdk/src/rp2_common/pico_divider/divider.S.obj
                0x00000000100041f0                __wrap___aeabi_uidiv
                0x00000000100041f0                __wrap___aeabi_uidivmod
                0x00000000100041f0                div_u32u32
                0x00000000100041f0                divmod_u32u32
                0x00000000100041f8                divmod_u32u32_unsafe
                0x0000000010004220                divmod_u32u32_savestate
 .text.__wrap___aeabi_ldiv
                0x000000001000423c      0x424 CMakeFiles/SDRead.dir/Users/thetragedyofdarthwise/pico/pico-sdk/src/rp2_common/pico_divider/divider.S.obj
                0x000000001000423c                __wrap___aeabi_ldivmod
                0x000000001000423c                div_s64s64
                0x000000001000423c                divmod_s64s64
                0x000000001000426c                divmod_u64u64
                0x000000001000426c                div_u64u64
                0x000000001000426c                __wrap___aeabi_uldivmod
                0x000000001000427c                divmod_u64u64_savestate
                0x000000001000429c                divmod_s64s64_unsafe
                0x0000000010004324                divmod_u64u64_unsafe
 .text.__wrap___aeabi_darithmetic
                0x0000000010004660       0x80 CMakeFiles/SDRead.dir/Users/thetragedyofdarthwise/pico/pico-sdk/src/rp2_common/pico_double/double_aeabi.S.obj
                0x0000000010004660                __wrap___aeabi_drsub
                0x0000000010004666                __wrap___aeabi_dsub
                0x0000000010004678                __wrap___aeabi_dadd
                0x000000001000468a                __wrap___aeabi_ddiv
                0x00000000100046c6                __wrap___aeabi_dmul
 .text.__wrap___aeabi_cdcmple
                0x00000000100046e0       0x6c CMakeFiles/SDRead.dir/Users/thetragedyofdarthwise/pico/pico-sdk/src/rp2_common/pico_double/double_aeabi.S.obj
                0x00000000100046e0                __wrap___aeabi_cdrcmple
                0x00000000100046f0                __wrap___aeabi_cdcmple
                0x00000000100046f0                __wrap___aeabi_cdcmpeq
 .text.__wrap___aeabi_dcmplt
                0x000000001000474c        0xc CMakeFiles/SDRead.dir/Users/thetragedyofdarthwise/pico/pico-sdk/src/rp2_common/pico_double/double_aeabi.S.obj
                0x000000001000474c                __wrap___aeabi_dcmplt
 .text.__wrap___aeabi_dcmple
                0x0000000010004758       0x10 CMakeFiles/SDRead.dir/Users/thetragedyofdarthwise/pico/pico-sdk/src/rp2_common/pico_double/double_aeabi.S.obj
                0x0000000010004758                __wrap___aeabi_dcmple
 .text.__wrap___aeabi_dcmpge
                0x0000000010004768       0x10 CMakeFiles/SDRead.dir/Users/thetragedyofdarthwise/pico/pico-sdk/src/rp2_common/pico_double/double_aeabi.S.obj
                0x0000000010004768                __wrap___aeabi_dcmpge
 .text.__wrap___aeabi_dcmpgt
                0x0000000010004778        0xa CMakeFiles/SDRead.dir/Users/thetragedyofdarthwise/pico/pico-sdk/src/rp2_common/pico_double/double_aeabi.S.obj
                0x0000000010004778                __wrap___aeabi_dcmpgt
 .text.__wrap___aeabi_dcmpun
                0x0000000010004782       0x1c CMakeFiles/SDRead.dir/Users/thetragedyofdarthwise/pico/pico-sdk/src/rp2_common/pico_double/double_aeabi.S.obj
                0x0000000010004782                __wrap___aeabi_dcmpun
 *fill*         0x000000001000479e        0x2 
 .text.__wrap___aeabi_i2d
                0x00000000100047a0       0x38 CMakeFiles/SDRead.dir/Users/thetragedyofdarthwise/pico/pico-sdk/src/rp2_common/pico_double/double_aeabi.S.obj
                0x00000000100047a0                __wrap___aeabi_ui2d
                0x00000000100047a8                __wrap___aeabi_i2d
 .text.__wrap___aeabi_d2iz
                0x00000000100047d8       0x48 CMakeFiles/SDRead.dir/Users/thetragedyofdarthwise/pico/pico-sdk/src/rp2_common/pico_double/double_aeabi.S.obj
                0x00000000100047d8                __wrap___aeabi_d2iz
                0x00000000100047d8                double2int_z
 .text.__wrap___aeabi_d2uiz
                0x0000000010004820       0x18 CMakeFiles/SDRead.dir/Users/thetragedyofdarthwise/pico/pico-sdk/src/rp2_common/pico_double/double_aeabi.S.obj
                0x0000000010004820                double2uint
                0x0000000010004820                __wrap___aeabi_d2uiz
 .text.__aeabi_double_init
                0x0000000010004838       0x94 CMakeFiles/SDRead.dir/Users/thetragedyofdarthwise/pico/pico-sdk/src/rp2_common/pico_double/double_init_rom.c.obj
                0x0000000010004838                __aeabi_double_init
 .text.double_table_shim_on_use_helper
                0x00000000100048cc       0x2c CMakeFiles/SDRead.dir/Users/thetragedyofdarthwise/pico/pico-sdk/src/rp2_common/pico_double/double_v1_rom_shim.S.obj
                0x00000000100048cc                double_table_shim_on_use_helper
 .text.__wrap___aeabi_dsub
                0x00000000100048f8       0x10 CMakeFiles/SDRead.dir/Users/thetragedyofdarthwise/pico/pico-sdk/src/rp2_common/pico_double/double_v1_rom_shim.S.obj
                0x00000000100048f8                drsub_shim
                0x00000000100048fe                dsub_shim
 .text.dadd_shim
                0x0000000010004908      0x15c CMakeFiles/SDRead.dir/Users/thetragedyofdarthwise/pico/pico-sdk/src/rp2_common/pico_double/double_v1_rom_shim.S.obj
                0x0000000010004908                dadd_shim
 .text.dmul_shim
                0x0000000010004a64      0x15c CMakeFiles/SDRead.dir/Users/thetragedyofdarthwise/pico/pico-sdk/src/rp2_common/pico_double/double_v1_rom_shim.S.obj
                0x0000000010004a64                dmul_shim
 .text.ddiv_shim
                0x0000000010004bc0      0x1b0 CMakeFiles/SDRead.dir/Users/thetragedyofdarthwise/pico/pico-sdk/src/rp2_common/pico_double/double_v1_rom_shim.S.obj
                0x0000000010004bc0                ddiv_shim
 .text.double2uint_shim
                0x0000000010004d70        0xe CMakeFiles/SDRead.dir/Users/thetragedyofdarthwise/pico/pico-sdk/src/rp2_common/pico_double/double_v1_rom_shim.S.obj
                0x0000000010004d70                double2uint_shim
                0x0000000010004d72                double2ufix_shim
 *fill*         0x0000000010004d7e        0x2 
 .text.double2uint64_shim
                0x0000000010004d80       0x70 CMakeFiles/SDRead.dir/Users/thetragedyofdarthwise/pico/pico-sdk/src/rp2_common/pico_double/double_v1_rom_shim.S.obj
                0x0000000010004d80                double2uint64_shim
                0x0000000010004d82                double2ufix64_shim
                0x0000000010004da2                d2fix_a
 .text.dunpacks
                0x0000000010004df0       0x3c CMakeFiles/SDRead.dir/Users/thetragedyofdarthwise/pico/pico-sdk/src/rp2_common/pico_double/double_v1_rom_shim.S.obj
                0x0000000010004df0                dunpacks
 .text.__aeabi_lmul
                0x0000000010004e2c       0x32 CMakeFiles/SDRead.dir/Users/thetragedyofdarthwise/pico/pico-sdk/src/rp2_common/pico_int64_ops/pico_int64_ops_aeabi.S.obj
                0x0000000010004e2c                __wrap___aeabi_lmul
 *fill*         0x0000000010004e5e        0x2 
 .text.__wrap___aeabi_farithmetic
                0x0000000010004e60       0x48 CMakeFiles/SDRead.dir/Users/thetragedyofdarthwise/pico/pico-sdk/src/rp2_common/pico_float/float_aeabi.S.obj
                0x0000000010004e60                __wrap___aeabi_frsub
                0x0000000010004e66                __wrap___aeabi_fsub
                0x0000000010004e6c                __wrap___aeabi_fadd
                0x0000000010004e72                __wrap___aeabi_fdiv
                0x0000000010004e9a                __wrap___aeabi_fmul
 .text.__wrap___aeabi_i2f
                0x0000000010004ea8       0x44 CMakeFiles/SDRead.dir/Users/thetragedyofdarthwise/pico/pico-sdk/src/rp2_common/pico_float/float_aeabi.S.obj
                0x0000000010004ea8                __wrap___aeabi_i2f
 .text.__wrap___aeabi_f2uiz
                0x0000000010004eec        0xc CMakeFiles/SDRead.dir/Users/thetragedyofdarthwise/pico/pico-sdk/src/rp2_common/pico_float/float_aeabi.S.obj
                0x0000000010004eec                __wrap___aeabi_f2uiz
 .text.__aeabi_float_init
                0x0000000010004ef8       0x64 CMakeFiles/SDRead.dir/Users/thetragedyofdarthwise/pico/pico-sdk/src/rp2_common/pico_float/float_init_rom.c.obj
                0x0000000010004ef8                __aeabi_float_init
 .text.float_table_shim_on_use_helper
                0x0000000010004f5c       0x2c CMakeFiles/SDRead.dir/Users/thetragedyofdarthwise/pico/pico-sdk/src/rp2_common/pico_float/float_v1_rom_shim.S.obj
                0x0000000010004f5c                float_table_shim_on_use_helper
 .text.__wrap_malloc
                0x0000000010004f88       0x3c CMakeFiles/SDRead.dir/Users/thetragedyofdarthwise/pico/pico-sdk/src/rp2_common/pico_malloc/pico_malloc.c.obj
                0x0000000010004f88                __wrap_malloc
 .text.__wrap_free
                0x0000000010004fc4       0x20 CMakeFiles/SDRead.dir/Users/thetragedyofdarthwise/pico/pico-sdk/src/rp2_common/pico_malloc/pico_malloc.c.obj
                0x0000000010004fc4                __wrap_free
 .text          0x0000000010004fe4       0x10 CMakeFiles/SDRead.dir/Users/thetragedyofdarthwise/pico/pico-sdk/src/rp2_common/pico_mem_ops/mem_ops_aeabi.S.obj
                0x0000000010004fe4                __aeabi_mem_init
 .text.memset   0x0000000010004ff4        0xc CMakeFiles/SDRead.dir/Users/thetragedyofdarthwise/pico/pico-sdk/src/rp2_common/pico_mem_ops/mem_ops_aeabi.S.obj
                0x0000000010004ff4                __wrap_memset
 .text.memcpy   0x0000000010005000        0xc CMakeFiles/SDRead.dir/Users/thetragedyofdarthwise/pico/pico-sdk/src/rp2_common/pico_mem_ops/mem_ops_aeabi.S.obj
                0x0000000010005000                __wrap___aeabi_memcpy
                0x0000000010005000                __wrap_memcpy
 .text.stdio_out_chars_no_crlf
                0x000000001000500c       0x10 CMakeFiles/SDRead.dir/Users/thetragedyofdarthwise/pico/pico-sdk/src/rp2_common/pico_stdio/stdio.c.obj
 .text.stdio_out_chars_crlf
                0x000000001000501c       0xb4 CMakeFiles/SDRead.dir/Users/thetragedyofdarthwise/pico/pico-sdk/src/rp2_common/pico_stdio/stdio.c.obj
 .text.stdio_buffered_printer
                0x00000000100050d0       0x64 CMakeFiles/SDRead.dir/Users/thetragedyofdarthwise/pico/pico-sdk/src/rp2_common/pico_stdio/stdio.c.obj
 .text.stdio_put_string.isra.0
                0x0000000010005134       0xfc CMakeFiles/SDRead.dir/Users/thetragedyofdarthwise/pico/pico-sdk/src/rp2_common/pico_stdio/stdio.c.obj
 .text.__wrap_putchar
                0x0000000010005230       0x98 CMakeFiles/SDRead.dir/Users/thetragedyofdarthwise/pico/pico-sdk/src/rp2_common/pico_stdio/stdio.c.obj
                0x0000000010005230                __wrap_putchar
 .text.__wrap_puts
                0x00000000100052c8       0x3c CMakeFiles/SDRead.dir/Users/thetragedyofdarthwise/pico/pico-sdk/src/rp2_common/pico_stdio/stdio.c.obj
                0x00000000100052c8                __wrap_puts
 .text.stdio_set_driver_enabled
                0x0000000010005304       0x30 CMakeFiles/SDRead.dir/Users/thetragedyofdarthwise/pico/pico-sdk/src/rp2_common/pico_stdio/stdio.c.obj
                0x0000000010005304                stdio_set_driver_enabled
 .text.__wrap_vprintf
                0x0000000010005334       0xd8 CMakeFiles/SDRead.dir/Users/thetragedyofdarthwise/pico/pico-sdk/src/rp2_common/pico_stdio/stdio.c.obj
                0x0000000010005334                __wrap_vprintf
 .text.__wrap_printf
                0x000000001000540c       0x18 CMakeFiles/SDRead.dir/Users/thetragedyofdarthwise/pico/pico-sdk/src/rp2_common/pico_stdio/stdio.c.obj
                0x000000001000540c                __wrap_printf
 .text.stdio_init_all
                0x0000000010005424        0x8 CMakeFiles/SDRead.dir/Users/thetragedyofdarthwise/pico/pico-sdk/src/rp2_common/pico_stdio/stdio.c.obj
                0x0000000010005424                stdio_init_all
 .text.resetd_init
                0x000000001000542c        0x4 CMakeFiles/SDRead.dir/Users/thetragedyofdarthwise/pico/pico-sdk/src/rp2_common/pico_stdio_usb/reset_interface.c.obj
 .text.resetd_reset
                0x0000000010005430        0xc CMakeFiles/SDRead.dir/Users/thetragedyofdarthwise/pico/pico-sdk/src/rp2_common/pico_stdio_usb/reset_interface.c.obj
 .text.resetd_open
                0x000000001000543c       0x28 CMakeFiles/SDRead.dir/Users/thetragedyofdarthwise/pico/pico-sdk/src/rp2_common/pico_stdio_usb/reset_interface.c.obj
 .text.resetd_xfer_cb
                0x0000000010005464        0x4 CMakeFiles/SDRead.dir/Users/thetragedyofdarthwise/pico/pico-sdk/src/rp2_common/pico_stdio_usb/reset_interface.c.obj
 .text.resetd_control_xfer_cb
                0x0000000010005468       0x64 CMakeFiles/SDRead.dir/Users/thetragedyofdarthwise/pico/pico-sdk/src/rp2_common/pico_stdio_usb/reset_interface.c.obj
 .text.usbd_app_driver_get_cb
                0x00000000100054cc        0xc CMakeFiles/SDRead.dir/Users/thetragedyofdarthwise/pico/pico-sdk/src/rp2_common/pico_stdio_usb/reset_interface.c.obj
                0x00000000100054cc                usbd_app_driver_get_cb
 .text.tud_cdc_line_coding_cb
                0x00000000100054d8       0x34 CMakeFiles/SDRead.dir/Users/thetragedyofdarthwise/pico/pico-sdk/src/rp2_common/pico_stdio_usb/reset_interface.c.obj
                0x00000000100054d8                tud_cdc_line_coding_cb
 .text.stdio_usb_set_chars_available_callback
                0x000000001000550c       0x14 CMakeFiles/SDRead.dir/Users/thetragedyofdarthwise/pico/pico-sdk/src/rp2_common/pico_stdio_usb/stdio_usb.c.obj
                0x000000001000550c                stdio_usb_set_chars_available_callback
 .text.usb_irq  0x0000000010005520       0x10 CMakeFiles/SDRead.dir/Users/thetragedyofdarthwise/pico/pico-sdk/src/rp2_common/pico_stdio_usb/stdio_usb.c.obj
 .text.timer_task
                0x0000000010005530       0x54 CMakeFiles/SDRead.dir/Users/thetragedyofdarthwise/pico/pico-sdk/src/rp2_common/pico_stdio_usb/stdio_usb.c.obj
 .text.stdio_usb_in_chars
                0x0000000010005584       0x90 CMakeFiles/SDRead.dir/Users/thetragedyofdarthwise/pico/pico-sdk/src/rp2_common/pico_stdio_usb/stdio_usb.c.obj
                0x0000000010005584                stdio_usb_in_chars
 .text.stdio_usb_out_chars
                0x0000000010005614      0x100 CMakeFiles/SDRead.dir/Users/thetragedyofdarthwise/pico/pico-sdk/src/rp2_common/pico_stdio_usb/stdio_usb.c.obj
 .text.low_priority_worker_irq
                0x0000000010005714       0xa8 CMakeFiles/SDRead.dir/Users/thetragedyofdarthwise/pico/pico-sdk/src/rp2_common/pico_stdio_usb/stdio_usb.c.obj
 .text.tud_cdc_rx_cb
                0x00000000100057bc       0x20 CMakeFiles/SDRead.dir/Users/thetragedyofdarthwise/pico/pico-sdk/src/rp2_common/pico_stdio_usb/stdio_usb.c.obj
                0x00000000100057bc                tud_cdc_rx_cb
 .text.stdio_usb_init
                0x00000000100057dc       0xdc CMakeFiles/SDRead.dir/Users/thetragedyofdarthwise/pico/pico-sdk/src/rp2_common/pico_stdio_usb/stdio_usb.c.obj
                0x00000000100057dc                stdio_usb_init
 .text.tud_descriptor_device_cb
                0x00000000100058b8        0x8 CMakeFiles/SDRead.dir/Users/thetragedyofdarthwise/pico/pico-sdk/src/rp2_common/pico_stdio_usb/stdio_usb_descriptors.c.obj
                0x00000000100058b8                tud_descriptor_device_cb
 .text.tud_descriptor_configuration_cb
                0x00000000100058c0        0x8 CMakeFiles/SDRead.dir/Users/thetragedyofdarthwise/pico/pico-sdk/src/rp2_common/pico_stdio_usb/stdio_usb_descriptors.c.obj
                0x00000000100058c0                tud_descriptor_configuration_cb
 .text.tud_descriptor_string_cb
                0x00000000100058c8       0x74 CMakeFiles/SDRead.dir/Users/thetragedyofdarthwise/pico/pico-sdk/src/rp2_common/pico_stdio_usb/stdio_usb_descriptors.c.obj
                0x00000000100058c8                tud_descriptor_string_cb
 .text.startup._retrieve_unique_id_on_boot
                0x000000001000593c       0x10 CMakeFiles/SDRead.dir/Users/thetragedyofdarthwise/pico/pico-sdk/src/rp2_common/pico_unique_id/unique_id.c.obj
 .text.pico_get_unique_board_id_string
                0x000000001000594c      0x1a8 CMakeFiles/SDRead.dir/Users/thetragedyofdarthwise/pico/pico-sdk/src/rp2_common/pico_unique_id/unique_id.c.obj
                0x000000001000594c                pico_get_unique_board_id_string
 .text.flash_get_unique_id
                0x0000000010005af4       0x40 CMakeFiles/SDRead.dir/Users/thetragedyofdarthwise/pico/pico-sdk/src/rp2_common/hardware_flash/flash.c.obj
                0x0000000010005af4                flash_get_unique_id
 .text.dcd_int_enable
                0x0000000010005b34        0xc CMakeFiles/SDRead.dir/Users/thetragedyofdarthwise/pico/pico-sdk/lib/tinyusb/src/portable/raspberrypi/rp2040/dcd_rp2040.c.obj
                0x0000000010005b34                dcd_int_enable
 .text.dcd_set_address
                0x0000000010005b40       0x14 CMakeFiles/SDRead.dir/Users/thetragedyofdarthwise/pico/pico-sdk/lib/tinyusb/src/portable/raspberrypi/rp2040/dcd_rp2040.c.obj
                0x0000000010005b40                dcd_set_address
 .text.dcd_connect
                0x0000000010005b54       0x10 CMakeFiles/SDRead.dir/Users/thetragedyofdarthwise/pico/pico-sdk/lib/tinyusb/src/portable/raspberrypi/rp2040/dcd_rp2040.c.obj
                0x0000000010005b54                dcd_connect
 .text.dcd_init
                0x0000000010005b64       0x98 CMakeFiles/SDRead.dir/Users/thetragedyofdarthwise/pico/pico-sdk/lib/tinyusb/src/portable/raspberrypi/rp2040/dcd_rp2040.c.obj
                0x0000000010005b64                dcd_init
 .text.dcd_edpt0_status_complete
                0x0000000010005bfc       0x1c CMakeFiles/SDRead.dir/Users/thetragedyofdarthwise/pico/pico-sdk/lib/tinyusb/src/portable/raspberrypi/rp2040/dcd_rp2040.c.obj
                0x0000000010005bfc                dcd_edpt0_status_complete
 .text.dcd_edpt_open
                0x0000000010005c18      0x108 CMakeFiles/SDRead.dir/Users/thetragedyofdarthwise/pico/pico-sdk/lib/tinyusb/src/portable/raspberrypi/rp2040/dcd_rp2040.c.obj
                0x0000000010005c18                dcd_edpt_open
 .text.dcd_edpt_close_all
                0x0000000010005d20        0x8 CMakeFiles/SDRead.dir/Users/thetragedyofdarthwise/pico/pico-sdk/lib/tinyusb/src/portable/raspberrypi/rp2040/dcd_rp2040.c.obj
                0x0000000010005d20                dcd_edpt_close_all
 .text.dcd_edpt_xfer
                0x0000000010005d28       0x24 CMakeFiles/SDRead.dir/Users/thetragedyofdarthwise/pico/pico-sdk/lib/tinyusb/src/portable/raspberrypi/rp2040/dcd_rp2040.c.obj
                0x0000000010005d28                dcd_edpt_xfer
 .text.dcd_edpt_stall
                0x0000000010005d4c       0x38 CMakeFiles/SDRead.dir/Users/thetragedyofdarthwise/pico/pico-sdk/lib/tinyusb/src/portable/raspberrypi/rp2040/dcd_rp2040.c.obj
                0x0000000010005d4c                dcd_edpt_stall
 .text.dcd_edpt_clear_stall
                0x0000000010005d84       0x30 CMakeFiles/SDRead.dir/Users/thetragedyofdarthwise/pico/pico-sdk/lib/tinyusb/src/portable/raspberrypi/rp2040/dcd_rp2040.c.obj
                0x0000000010005d84                dcd_edpt_clear_stall
 .text.rp2040_usb_init
                0x0000000010005db4       0x4c CMakeFiles/SDRead.dir/Users/thetragedyofdarthwise/pico/pico-sdk/lib/tinyusb/src/portable/raspberrypi/rp2040/rp2040_usb.c.obj
                0x0000000010005db4                rp2040_usb_init
 .text.hw_endpoint_xfer_start
                0x0000000010005e00       0x50 CMakeFiles/SDRead.dir/Users/thetragedyofdarthwise/pico/pico-sdk/lib/tinyusb/src/portable/raspberrypi/rp2040/rp2040_usb.c.obj
                0x0000000010005e00                hw_endpoint_xfer_start
 .text.tud_mounted
                0x0000000010005e50       0x10 CMakeFiles/SDRead.dir/Users/thetragedyofdarthwise/pico/pico-sdk/lib/tinyusb/src/device/usbd.c.obj
                0x0000000010005e50                tud_mounted
 .text.tud_suspended
                0x0000000010005e60       0x10 CMakeFiles/SDRead.dir/Users/thetragedyofdarthwise/pico/pico-sdk/lib/tinyusb/src/device/usbd.c.obj
                0x0000000010005e60                tud_suspended
 .text.tud_inited
                0x0000000010005e70       0x14 CMakeFiles/SDRead.dir/Users/thetragedyofdarthwise/pico/pico-sdk/lib/tinyusb/src/device/usbd.c.obj
                0x0000000010005e70                tud_inited
 .text.tud_init
                0x0000000010005e84       0xe4 CMakeFiles/SDRead.dir/Users/thetragedyofdarthwise/pico/pico-sdk/lib/tinyusb/src/device/usbd.c.obj
                0x0000000010005e84                tud_init
 .text.tud_task_ext
                0x0000000010005f68      0x854 CMakeFiles/SDRead.dir/Users/thetragedyofdarthwise/pico/pico-sdk/lib/tinyusb/src/device/usbd.c.obj
                0x0000000010005f68                tud_task_ext
 .text.usbd_open_edpt_pair
                0x00000000100067bc       0x9c CMakeFiles/SDRead.dir/Users/thetragedyofdarthwise/pico/pico-sdk/lib/tinyusb/src/device/usbd.c.obj
                0x00000000100067bc                usbd_open_edpt_pair
 .text.usbd_defer_func
                0x0000000010006858       0x48 CMakeFiles/SDRead.dir/Users/thetragedyofdarthwise/pico/pico-sdk/lib/tinyusb/src/device/usbd.c.obj
                0x0000000010006858                usbd_defer_func
 .text.usbd_edpt_open
                0x00000000100068a0       0x34 CMakeFiles/SDRead.dir/Users/thetragedyofdarthwise/pico/pico-sdk/lib/tinyusb/src/device/usbd.c.obj
                0x00000000100068a0                usbd_edpt_open
 .text.usbd_edpt_claim
                0x00000000100068d4       0x28 CMakeFiles/SDRead.dir/Users/thetragedyofdarthwise/pico/pico-sdk/lib/tinyusb/src/device/usbd.c.obj
                0x00000000100068d4                usbd_edpt_claim
 .text.usbd_edpt_release
                0x00000000100068fc       0x28 CMakeFiles/SDRead.dir/Users/thetragedyofdarthwise/pico/pico-sdk/lib/tinyusb/src/device/usbd.c.obj
                0x00000000100068fc                usbd_edpt_release
 .text.usbd_edpt_xfer
                0x0000000010006924       0x4c CMakeFiles/SDRead.dir/Users/thetragedyofdarthwise/pico/pico-sdk/lib/tinyusb/src/device/usbd.c.obj
                0x0000000010006924                usbd_edpt_xfer
 .text.tud_control_status
                0x0000000010006970       0x30 CMakeFiles/SDRead.dir/Users/thetragedyofdarthwise/pico/pico-sdk/lib/tinyusb/src/device/usbd_control.c.obj
                0x0000000010006970                tud_control_status
 .text.tud_control_xfer
                0x00000000100069a0       0xbc CMakeFiles/SDRead.dir/Users/thetragedyofdarthwise/pico/pico-sdk/lib/tinyusb/src/device/usbd_control.c.obj
                0x00000000100069a0                tud_control_xfer
 .text.usbd_control_reset
                0x0000000010006a5c       0x14 CMakeFiles/SDRead.dir/Users/thetragedyofdarthwise/pico/pico-sdk/lib/tinyusb/src/device/usbd_control.c.obj
                0x0000000010006a5c                usbd_control_reset
 .text.usbd_control_set_complete_callback
                0x0000000010006a70        0xc CMakeFiles/SDRead.dir/Users/thetragedyofdarthwise/pico/pico-sdk/lib/tinyusb/src/device/usbd_control.c.obj
                0x0000000010006a70                usbd_control_set_complete_callback
 .text.usbd_control_set_request
                0x0000000010006a7c       0x1c CMakeFiles/SDRead.dir/Users/thetragedyofdarthwise/pico/pico-sdk/lib/tinyusb/src/device/usbd_control.c.obj
                0x0000000010006a7c                usbd_control_set_request
 .text.usbd_control_xfer_cb
                0x0000000010006a98       0xfc CMakeFiles/SDRead.dir/Users/thetragedyofdarthwise/pico/pico-sdk/lib/tinyusb/src/device/usbd_control.c.obj
                0x0000000010006a98                usbd_control_xfer_cb
 .text.tud_cdc_n_connected
                0x0000000010006b94       0x30 CMakeFiles/SDRead.dir/Users/thetragedyofdarthwise/pico/pico-sdk/lib/tinyusb/src/class/cdc/cdc_device.c.obj
                0x0000000010006b94                tud_cdc_n_connected
 .text.tud_cdc_n_available
                0x0000000010006bc4       0x18 CMakeFiles/SDRead.dir/Users/thetragedyofdarthwise/pico/pico-sdk/lib/tinyusb/src/class/cdc/cdc_device.c.obj
                0x0000000010006bc4                tud_cdc_n_available
 .text.tud_cdc_n_read
                0x0000000010006bdc       0x70 CMakeFiles/SDRead.dir/Users/thetragedyofdarthwise/pico/pico-sdk/lib/tinyusb/src/class/cdc/cdc_device.c.obj
                0x0000000010006bdc                tud_cdc_n_read
 .text.tud_cdc_n_write_flush
                0x0000000010006c4c       0x78 CMakeFiles/SDRead.dir/Users/thetragedyofdarthwise/pico/pico-sdk/lib/tinyusb/src/class/cdc/cdc_device.c.obj
                0x0000000010006c4c                tud_cdc_n_write_flush
 .text.tud_cdc_n_write
                0x0000000010006cc4       0x34 CMakeFiles/SDRead.dir/Users/thetragedyofdarthwise/pico/pico-sdk/lib/tinyusb/src/class/cdc/cdc_device.c.obj
                0x0000000010006cc4                tud_cdc_n_write
 .text.tud_cdc_n_write_available
                0x0000000010006cf8       0x18 CMakeFiles/SDRead.dir/Users/thetragedyofdarthwise/pico/pico-sdk/lib/tinyusb/src/class/cdc/cdc_device.c.obj
                0x0000000010006cf8                tud_cdc_n_write_available
 .text.cdcd_init
                0x0000000010006d10       0x7c CMakeFiles/SDRead.dir/Users/thetragedyofdarthwise/pico/pico-sdk/lib/tinyusb/src/class/cdc/cdc_device.c.obj
                0x0000000010006d10                cdcd_init
 .text.cdcd_reset
                0x0000000010006d8c       0x2c CMakeFiles/SDRead.dir/Users/thetragedyofdarthwise/pico/pico-sdk/lib/tinyusb/src/class/cdc/cdc_device.c.obj
                0x0000000010006d8c                cdcd_reset
 .text.cdcd_open
                0x0000000010006db8       0xe8 CMakeFiles/SDRead.dir/Users/thetragedyofdarthwise/pico/pico-sdk/lib/tinyusb/src/class/cdc/cdc_device.c.obj
                0x0000000010006db8                cdcd_open
 .text.cdcd_control_xfer_cb
                0x0000000010006ea0       0xe4 CMakeFiles/SDRead.dir/Users/thetragedyofdarthwise/pico/pico-sdk/lib/tinyusb/src/class/cdc/cdc_device.c.obj
                0x0000000010006ea0                cdcd_control_xfer_cb
 .text.cdcd_xfer_cb
                0x0000000010006f84      0x148 CMakeFiles/SDRead.dir/Users/thetragedyofdarthwise/pico/pico-sdk/lib/tinyusb/src/class/cdc/cdc_device.c.obj
                0x0000000010006f84                cdcd_xfer_cb
 .text.tusb_init
                0x00000000100070cc        0xc CMakeFiles/SDRead.dir/Users/thetragedyofdarthwise/pico/pico-sdk/lib/tinyusb/src/tusb.c.obj
                0x00000000100070cc                tusb_init
 .text.tusb_inited
                0x00000000100070d8        0x8 CMakeFiles/SDRead.dir/Users/thetragedyofdarthwise/pico/pico-sdk/lib/tinyusb/src/tusb.c.obj
                0x00000000100070d8                tusb_inited
 .text.tu_edpt_claim
                0x00000000100070e0       0x50 CMakeFiles/SDRead.dir/Users/thetragedyofdarthwise/pico/pico-sdk/lib/tinyusb/src/tusb.c.obj
                0x00000000100070e0                tu_edpt_claim
 .text.tu_edpt_release
                0x0000000010007130       0x38 CMakeFiles/SDRead.dir/Users/thetragedyofdarthwise/pico/pico-sdk/lib/tinyusb/src/tusb.c.obj
                0x0000000010007130                tu_edpt_release
 .text.tu_edpt_validate
                0x0000000010007168       0x78 CMakeFiles/SDRead.dir/Users/thetragedyofdarthwise/pico/pico-sdk/lib/tinyusb/src/tusb.c.obj
                0x0000000010007168                tu_edpt_validate
 .text.tu_edpt_bind_driver
                0x00000000100071e0       0x34 CMakeFiles/SDRead.dir/Users/thetragedyofdarthwise/pico/pico-sdk/lib/tinyusb/src/tusb.c.obj
                0x00000000100071e0                tu_edpt_bind_driver
 .text.tu_fifo_config
                0x0000000010007214       0x70 CMakeFiles/SDRead.dir/Users/thetragedyofdarthwise/pico/pico-sdk/lib/tinyusb/src/common/tusb_fifo.c.obj
                0x0000000010007214                tu_fifo_config
 .text.tu_fifo_count
                0x0000000010007284       0x2c CMakeFiles/SDRead.dir/Users/thetragedyofdarthwise/pico/pico-sdk/lib/tinyusb/src/common/tusb_fifo.c.obj
                0x0000000010007284                tu_fifo_count
 .text.tu_fifo_empty
                0x00000000100072b0       0x10 CMakeFiles/SDRead.dir/Users/thetragedyofdarthwise/pico/pico-sdk/lib/tinyusb/src/common/tusb_fifo.c.obj
                0x00000000100072b0                tu_fifo_empty
 .text.tu_fifo_remaining
                0x00000000100072c0       0x2c CMakeFiles/SDRead.dir/Users/thetragedyofdarthwise/pico/pico-sdk/lib/tinyusb/src/common/tusb_fifo.c.obj
                0x00000000100072c0                tu_fifo_remaining
 .text.tu_fifo_read
                0x00000000100072ec       0xa0 CMakeFiles/SDRead.dir/Users/thetragedyofdarthwise/pico/pico-sdk/lib/tinyusb/src/common/tusb_fifo.c.obj
                0x00000000100072ec                tu_fifo_read
 .text.tu_fifo_read_n
                0x000000001000738c       0xec CMakeFiles/SDRead.dir/Users/thetragedyofdarthwise/pico/pico-sdk/lib/tinyusb/src/common/tusb_fifo.c.obj
                0x000000001000738c                tu_fifo_read_n
 .text.tu_fifo_write
                0x0000000010007478       0x88 CMakeFiles/SDRead.dir/Users/thetragedyofdarthwise/pico/pico-sdk/lib/tinyusb/src/common/tusb_fifo.c.obj
                0x0000000010007478                tu_fifo_write
 .text.tu_fifo_write_n
                0x0000000010007500      0x168 CMakeFiles/SDRead.dir/Users/thetragedyofdarthwise/pico/pico-sdk/lib/tinyusb/src/common/tusb_fifo.c.obj
                0x0000000010007500                tu_fifo_write_n
 .text.tu_fifo_clear
                0x0000000010007668       0x40 CMakeFiles/SDRead.dir/Users/thetragedyofdarthwise/pico/pico-sdk/lib/tinyusb/src/common/tusb_fifo.c.obj
                0x0000000010007668                tu_fifo_clear
 .text.tu_fifo_set_overwritable
                0x00000000100076a8       0x48 CMakeFiles/SDRead.dir/Users/thetragedyofdarthwise/pico/pico-sdk/lib/tinyusb/src/common/tusb_fifo.c.obj
                0x00000000100076a8                tu_fifo_set_overwritable
 .text.spi_init
                0x00000000100076f0       0xf8 CMakeFiles/SDRead.dir/Users/thetragedyofdarthwise/pico/pico-sdk/src/rp2_common/hardware_spi/spi.c.obj
                0x00000000100076f0                spi_init
 .text.core1_trampoline
                0x00000000100077e8        0x4 CMakeFiles/SDRead.dir/Users/thetragedyofdarthwise/pico/pico-sdk/src/rp2_common/pico_multicore/multicore.c.obj
 .text.core1_wrapper
                0x00000000100077ec        0xc CMakeFiles/SDRead.dir/Users/thetragedyofdarthwise/pico/pico-sdk/src/rp2_common/pico_multicore/multicore.c.obj
                0x00000000100077ec                core1_wrapper
 .text.multicore_fifo_push_blocking
                0x00000000100077f8       0x14 CMakeFiles/SDRead.dir/Users/thetragedyofdarthwise/pico/pico-sdk/src/rp2_common/pico_multicore/multicore.c.obj
                0x00000000100077f8                multicore_fifo_push_blocking
 .text.multicore_fifo_pop_blocking
                0x000000001000780c       0x1c CMakeFiles/SDRead.dir/Users/thetragedyofdarthwise/pico/pico-sdk/src/rp2_common/pico_multicore/multicore.c.obj
                0x000000001000780c                multicore_fifo_pop_blocking
 .text.multicore_reset_core1
                0x0000000010007828       0x24 CMakeFiles/SDRead.dir/Users/thetragedyofdarthwise/pico/pico-sdk/src/rp2_common/pico_multicore/multicore.c.obj
                0x0000000010007828                multicore_reset_core1
 .text.multicore_launch_core1_raw
                0x000000001000784c       0x84 CMakeFiles/SDRead.dir/Users/thetragedyofdarthwise/pico/pico-sdk/src/rp2_common/pico_multicore/multicore.c.obj
                0x000000001000784c                multicore_launch_core1_raw
 .text.multicore_launch_core1
                0x00000000100078d0       0x4c CMakeFiles/SDRead.dir/Users/thetragedyofdarthwise/pico/pico-sdk/src/rp2_common/pico_multicore/multicore.c.obj
                0x00000000100078d0                multicore_launch_core1
 .text.i2c_set_baudrate
                0x000000001000791c       0xc4 CMakeFiles/SDRead.dir/Users/thetragedyofdarthwise/pico/pico-sdk/src/rp2_common/hardware_i2c/i2c.c.obj
                0x000000001000791c                i2c_set_baudrate
 .text.i2c_init
                0x00000000100079e0       0x54 CMakeFiles/SDRead.dir/Users/thetragedyofdarthwise/pico/pico-sdk/src/rp2_common/hardware_i2c/i2c.c.obj
                0x00000000100079e0                i2c_init
 .text.i2c_write_blocking
                0x0000000010007a34       0xd0 CMakeFiles/SDRead.dir/Users/thetragedyofdarthwise/pico/pico-sdk/src/rp2_common/hardware_i2c/i2c.c.obj
                0x0000000010007a34                i2c_write_blocking
 .text.malloc   0x0000000010007b04       0x14 /opt/homebrew/Cellar/arm-none-eabi-gcc/10.3-2021.07/gcc/bin/../lib/gcc/arm-none-eabi/10.3.1/../../../../arm-none-eabi/lib/thumb/v6-m/nofp/libc.a(lib_a-malloc.o)
                0x0000000010007b04                malloc
 .text.free     0x0000000010007b18       0x14 /opt/homebrew/Cellar/arm-none-eabi-gcc/10.3-2021.07/gcc/bin/../lib/gcc/arm-none-eabi/10.3.1/../../../../arm-none-eabi/lib/thumb/v6-m/nofp/libc.a(lib_a-malloc.o)
                0x0000000010007b18                free
 .text._malloc_r
                0x0000000010007b2c      0x584 /opt/homebrew/Cellar/arm-none-eabi-gcc/10.3-2021.07/gcc/bin/../lib/gcc/arm-none-eabi/10.3.1/../../../../arm-none-eabi/lib/thumb/v6-m/nofp/libc.a(lib_a-mallocr.o)
                0x0000000010007b2c                _malloc_r
 .text.__malloc_lock
                0x00000000100080b0       0x10 /opt/homebrew/Cellar/arm-none-eabi-gcc/10.3-2021.07/gcc/bin/../lib/gcc/arm-none-eabi/10.3.1/../../../../arm-none-eabi/lib/thumb/v6-m/nofp/libc.a(lib_a-mlock.o)
                0x00000000100080b0                __malloc_lock
 .text.__malloc_unlock
                0x00000000100080c0       0x10 /opt/homebrew/Cellar/arm-none-eabi-gcc/10.3-2021.07/gcc/bin/../lib/gcc/arm-none-eabi/10.3.1/../../../../arm-none-eabi/lib/thumb/v6-m/nofp/libc.a(lib_a-mlock.o)
                0x00000000100080c0                __malloc_unlock
 .text._sbrk_r  0x00000000100080d0       0x24 /opt/homebrew/Cellar/arm-none-eabi-gcc/10.3-2021.07/gcc/bin/../lib/gcc/arm-none-eabi/10.3.1/../../../../arm-none-eabi/lib/thumb/v6-m/nofp/libc.a(lib_a-sbrkr.o)
                0x00000000100080d0                _sbrk_r
 .text.strlen   0x00000000100080f4       0x5c /opt/homebrew/Cellar/arm-none-eabi-gcc/10.3-2021.07/gcc/bin/../lib/gcc/arm-none-eabi/10.3.1/../../../../arm-none-eabi/lib/thumb/v6-m/nofp/libc.a(lib_a-strlen-stub.o)
                0x00000000100080f4                strlen
 .text._malloc_trim_r
                0x0000000010008150       0x9c /opt/homebrew/Cellar/arm-none-eabi-gcc/10.3-2021.07/gcc/bin/../lib/gcc/arm-none-eabi/10.3.1/../../../../arm-none-eabi/lib/thumb/v6-m/nofp/libc.a(lib_a-freer.o)
                0x0000000010008150                _malloc_trim_r
 .text._free_r  0x00000000100081ec      0x1c4 /opt/homebrew/Cellar/arm-none-eabi-gcc/10.3-2021.07/gcc/bin/../lib/gcc/arm-none-eabi/10.3.1/../../../../arm-none-eabi/lib/thumb/v6-m/nofp/libc.a(lib_a-freer.o)
                0x00000000100081ec                _free_r
 .text.__retarget_lock_acquire_recursive
                0x00000000100083b0        0x4 /opt/homebrew/Cellar/arm-none-eabi-gcc/10.3-2021.07/gcc/bin/../lib/gcc/arm-none-eabi/10.3.1/../../../../arm-none-eabi/lib/thumb/v6-m/nofp/libc.a(lib_a-lock.o)
                0x00000000100083b0                __retarget_lock_acquire_recursive
 .text.__retarget_lock_release_recursive
                0x00000000100083b4        0x4 /opt/homebrew/Cellar/arm-none-eabi-gcc/10.3-2021.07/gcc/bin/../lib/gcc/arm-none-eabi/10.3.1/../../../../arm-none-eabi/lib/thumb/v6-m/nofp/libc.a(lib_a-lock.o)
                0x00000000100083b4                __retarget_lock_release_recursive
 *(.fini)
 .fini          0x00000000100083b8        0x4 /opt/homebrew/Cellar/arm-none-eabi-gcc/10.3-2021.07/gcc/bin/../lib/gcc/arm-none-eabi/10.3.1/thumb/v6-m/nofp/crti.o
                0x00000000100083b8                _fini
 *fill*         0x00000000100083bc        0x4 
 .fini.__stub   0x00000000100083c0      0x100 linker stubs
 *crtbegin.o(.ctors)
 *crtbegin?.o(.ctors)
 *(EXCLUDE_FILE(*crtend.o *crtend?.o) .ctors)
 *(SORT_BY_NAME(.ctors.*))
 *(.ctors)
 *crtbegin.o(.dtors)
 *crtbegin?.o(.dtors)
 *(EXCLUDE_FILE(*crtend.o *crtend?.o) .dtors)
 *(SORT_BY_NAME(.dtors.*))
 *(.dtors)
 *(.eh_frame*)
 .eh_frame      0x00000000100084c0        0x0 /opt/homebrew/Cellar/arm-none-eabi-gcc/10.3-2021.07/gcc/bin/../lib/gcc/arm-none-eabi/10.3.1/thumb/v6-m/nofp/crtbegin.o
                0x00000000100084c0                . = ALIGN (0x4)

.glue_7         0x00000000100084c0        0x0
 .glue_7        0x00000000100084c0        0x0 linker stubs

.glue_7t        0x00000000100084c0        0x0
 .glue_7t       0x00000000100084c0        0x0 linker stubs

.vfp11_veneer   0x00000000100084c0        0x0
 .vfp11_veneer  0x00000000100084c0        0x0 linker stubs

.v4_bx          0x00000000100084c0        0x0
 .v4_bx         0x00000000100084c0        0x0 linker stubs

.iplt           0x00000000100084c0        0x0
 .iplt          0x00000000100084c0        0x0 /opt/homebrew/Cellar/arm-none-eabi-gcc/10.3-2021.07/gcc/bin/../lib/gcc/arm-none-eabi/10.3.1/thumb/v6-m/nofp/crtbegin.o

.rodata         0x00000000100084c0      0x89c
 *(EXCLUDE_FILE(*libm.a: *libc.a:*lib_a-mem*.o *libgcc.a:) .rodata*)
 .rodata.str1.4
                0x00000000100084c0       0x10 CMakeFiles/SDRead.dir/main.c.obj
 .rodata.second_core_code.str1.4
                0x00000000100084d0       0x19 CMakeFiles/SDRead.dir/main.c.obj
                                         0x1d (size before relaxing)
 *fill*         0x00000000100084e9        0x3 
 .rodata        0x00000000100084ec       0x14 CMakeFiles/SDRead.dir/main.c.obj
 .rodata.m_Crc7Table
                0x0000000010008500      0x100 CMakeFiles/SDRead.dir/main.c.obj
 .rodata.ssd1306_init.str1.4
                0x0000000010008600       0x3f CMakeFiles/SDRead.dir/Users/thetragedyofdarthwise/PicoDev/explorer/SD_Read/ssd1306.c.obj
 *fill*         0x000000001000863f        0x1 
 .rodata.ssd1306_show.str1.4
                0x0000000010008640        0xd CMakeFiles/SDRead.dir/Users/thetragedyofdarthwise/PicoDev/explorer/SD_Read/ssd1306.c.obj
 *fill*         0x000000001000864d        0x3 
 .rodata.font_8x5
                0x0000000010008650      0x1e0 CMakeFiles/SDRead.dir/Users/thetragedyofdarthwise/PicoDev/explorer/SD_Read/ssd1306.c.obj
                0x0000000010008650                font_8x5
 .rodata.spin_lock_claim_unused.str1.4
                0x0000000010008830       0x1b CMakeFiles/SDRead.dir/Users/thetragedyofdarthwise/pico/pico-sdk/src/rp2_common/hardware_sync/sync.c.obj
 *fill*         0x000000001000884b        0x1 
 .rodata.user_irq_claim_unused.str1.4
                0x000000001000884c       0x1b CMakeFiles/SDRead.dir/Users/thetragedyofdarthwise/pico/pico-sdk/src/rp2_common/hardware_irq/irq.c.obj
 *fill*         0x0000000010008867        0x1 
 .rodata.hardware_alarm_claim.str1.4
                0x0000000010008868       0x22 CMakeFiles/SDRead.dir/Users/thetragedyofdarthwise/pico/pico-sdk/src/rp2_common/hardware_timer/timer.c.obj
 *fill*         0x000000001000888a        0x2 
 .rodata.panic.str1.4
                0x000000001000888c       0x12 CMakeFiles/SDRead.dir/Users/thetragedyofdarthwise/pico/pico-sdk/src/rp2_common/pico_runtime/runtime.c.obj
 *fill*         0x000000001000889e        0x2 
 .rodata.hard_assertion_failure.str1.4
                0x00000000100088a0        0xc CMakeFiles/SDRead.dir/Users/thetragedyofdarthwise/pico/pico-sdk/src/rp2_common/pico_runtime/runtime.c.obj
 .rodata._ftoa.str1.4
                0x00000000100088ac       0x15 CMakeFiles/SDRead.dir/Users/thetragedyofdarthwise/pico/pico-sdk/src/rp2_common/pico_printf/printf.c.obj
 *fill*         0x00000000100088c1        0x3 
 .rodata._vsnprintf
                0x00000000100088c4      0x1e0 CMakeFiles/SDRead.dir/Users/thetragedyofdarthwise/pico/pico-sdk/src/rp2_common/pico_printf/printf.c.obj
 *fill*         0x0000000010008aa4        0x4 
 .rodata.pow10.0
                0x0000000010008aa8       0x50 CMakeFiles/SDRead.dir/Users/thetragedyofdarthwise/pico/pico-sdk/src/rp2_common/pico_printf/printf.c.obj
 .rodata.__wrap_malloc.str1.4
                0x0000000010008af8        0xe CMakeFiles/SDRead.dir/Users/thetragedyofdarthwise/pico/pico-sdk/src/rp2_common/pico_malloc/pico_malloc.c.obj
 *fill*         0x0000000010008b06        0x2 
 .rodata.str1.4
                0x0000000010008b08       0x3c CMakeFiles/SDRead.dir/Users/thetragedyofdarthwise/pico/pico-sdk/src/rp2_common/pico_standard_link/binary_info.c.obj
 .rodata.__bi_44
                0x0000000010008b44        0xc CMakeFiles/SDRead.dir/Users/thetragedyofdarthwise/pico/pico-sdk/src/rp2_common/pico_standard_link/binary_info.c.obj
 .rodata.__bi_75
                0x0000000010008b50        0xc CMakeFiles/SDRead.dir/Users/thetragedyofdarthwise/pico/pico-sdk/src/rp2_common/pico_standard_link/binary_info.c.obj
 .rodata.__bi_81
                0x0000000010008b5c        0xc CMakeFiles/SDRead.dir/Users/thetragedyofdarthwise/pico/pico-sdk/src/rp2_common/pico_standard_link/binary_info.c.obj
 .rodata.crlf_str.0
                0x0000000010008b68        0x2 CMakeFiles/SDRead.dir/Users/thetragedyofdarthwise/pico/pico-sdk/src/rp2_common/pico_stdio/stdio.c.obj
 *fill*         0x0000000010008b6a        0x2 
 .rodata._resetd_driver
                0x0000000010008b6c       0x18 CMakeFiles/SDRead.dir/Users/thetragedyofdarthwise/pico/pico-sdk/src/rp2_common/pico_stdio_usb/reset_interface.c.obj
 .rodata.str1.4
                0x0000000010008b84       0x13 CMakeFiles/SDRead.dir/Users/thetragedyofdarthwise/pico/pico-sdk/src/rp2_common/pico_stdio_usb/stdio_usb.c.obj
 *fill*         0x0000000010008b97        0x1 
 .rodata.__bi_188.0
                0x0000000010008b98        0xc CMakeFiles/SDRead.dir/Users/thetragedyofdarthwise/pico/pico-sdk/src/rp2_common/pico_stdio_usb/stdio_usb.c.obj
 .rodata.str1.4
                0x0000000010008ba4       0x2a CMakeFiles/SDRead.dir/Users/thetragedyofdarthwise/pico/pico-sdk/src/rp2_common/pico_stdio_usb/stdio_usb_descriptors.c.obj
 *fill*         0x0000000010008bce        0x2 
 .rodata.usbd_desc_cfg
                0x0000000010008bd0       0x54 CMakeFiles/SDRead.dir/Users/thetragedyofdarthwise/pico/pico-sdk/src/rp2_common/pico_stdio_usb/stdio_usb_descriptors.c.obj
 .rodata.usbd_desc_device
                0x0000000010008c24       0x12 CMakeFiles/SDRead.dir/Users/thetragedyofdarthwise/pico/pico-sdk/src/rp2_common/pico_stdio_usb/stdio_usb_descriptors.c.obj
 *fill*         0x0000000010008c36        0x2 
 .rodata.usbd_desc_str
                0x0000000010008c38       0x18 CMakeFiles/SDRead.dir/Users/thetragedyofdarthwise/pico/pico-sdk/src/rp2_common/pico_stdio_usb/stdio_usb_descriptors.c.obj
 .rodata.str1.4
                0x0000000010008c50       0x14 CMakeFiles/SDRead.dir/Users/thetragedyofdarthwise/pico/pico-sdk/lib/tinyusb/src/portable/raspberrypi/rp2040/dcd_rp2040.c.obj
 .rodata.str1.4
                0x0000000010008c64       0x53 CMakeFiles/SDRead.dir/Users/thetragedyofdarthwise/pico/pico-sdk/lib/tinyusb/src/portable/raspberrypi/rp2040/rp2040_usb.c.obj
 *fill*         0x0000000010008cb7        0x1 
 .rodata.tud_task_ext
                0x0000000010008cb8       0x8c CMakeFiles/SDRead.dir/Users/thetragedyofdarthwise/pico/pico-sdk/lib/tinyusb/src/device/usbd.c.obj
 .rodata._usbd_driver
                0x0000000010008d44       0x18 CMakeFiles/SDRead.dir/Users/thetragedyofdarthwise/pico/pico-sdk/lib/tinyusb/src/device/usbd.c.obj
                0x0000000010008d5c                . = ALIGN (0x4)
 *(SORT_BY_ALIGNMENT(SORT_BY_NAME(.flashdata*)))
                0x0000000010008d5c                . = ALIGN (0x4)

.rel.dyn        0x0000000010008d5c        0x0
 .rel.iplt      0x0000000010008d5c        0x0 /opt/homebrew/Cellar/arm-none-eabi-gcc/10.3-2021.07/gcc/bin/../lib/gcc/arm-none-eabi/10.3.1/thumb/v6-m/nofp/crtbegin.o

.ARM.extab
 *(.ARM.extab* .gnu.linkonce.armextab.*)
                0x0000000010008d5c                __exidx_start = .

.ARM.exidx
 *(.ARM.exidx* .gnu.linkonce.armexidx.*)
                0x0000000010008d5c                __exidx_end = .
                0x0000000010008d5c                . = ALIGN (0x4)
                0x0000000010008d5c                __binary_info_start = .

.binary_info    0x0000000010008d5c       0x20
 *(.binary_info.keep.*)
 .binary_info.keep.__bi_ptr22
                0x0000000010008d5c        0x4 CMakeFiles/SDRead.dir/Users/thetragedyofdarthwise/pico/pico-sdk/src/rp2_common/pico_standard_link/binary_info.c.obj
 .binary_info.keep.__bi_ptr30
                0x0000000010008d60        0x4 CMakeFiles/SDRead.dir/Users/thetragedyofdarthwise/pico/pico-sdk/src/rp2_common/pico_standard_link/binary_info.c.obj
 .binary_info.keep.__bi_ptr38
                0x0000000010008d64        0x4 CMakeFiles/SDRead.dir/Users/thetragedyofdarthwise/pico/pico-sdk/src/rp2_common/pico_standard_link/binary_info.c.obj
 .binary_info.keep.__bi_ptr44
                0x0000000010008d68        0x4 CMakeFiles/SDRead.dir/Users/thetragedyofdarthwise/pico/pico-sdk/src/rp2_common/pico_standard_link/binary_info.c.obj
 .binary_info.keep.__bi_ptr50
                0x0000000010008d6c        0x4 CMakeFiles/SDRead.dir/Users/thetragedyofdarthwise/pico/pico-sdk/src/rp2_common/pico_standard_link/binary_info.c.obj
 .binary_info.keep.__bi_ptr75
                0x0000000010008d70        0x4 CMakeFiles/SDRead.dir/Users/thetragedyofdarthwise/pico/pico-sdk/src/rp2_common/pico_standard_link/binary_info.c.obj
 .binary_info.keep.__bi_ptr81
                0x0000000010008d74        0x4 CMakeFiles/SDRead.dir/Users/thetragedyofdarthwise/pico/pico-sdk/src/rp2_common/pico_standard_link/binary_info.c.obj
 *(.binary_info.*)
 .binary_info.__bi_ptr188
                0x0000000010008d78        0x4 CMakeFiles/SDRead.dir/Users/thetragedyofdarthwise/pico/pico-sdk/src/rp2_common/pico_stdio_usb/stdio_usb.c.obj
                0x0000000010008d7c                __binary_info_end = .
                0x0000000010008d7c                . = ALIGN (0x4)
                0x0000000010008d7c                __etext = .

.ram_vector_table
                0x0000000020000000       0xc0
 *(.ram_vector_table)
 .ram_vector_table
                0x0000000020000000       0xc0 CMakeFiles/SDRead.dir/Users/thetragedyofdarthwise/pico/pico-sdk/src/rp2_common/pico_runtime/runtime.c.obj
                0x0000000020000000                ram_vector_table

.data           0x00000000200000c0     0x17d8 load address 0x0000000010008d7c
                0x00000000200000c0                __data_start__ = .
 *(vtable)
 *(.time_critical*)
 .time_critical.mutex_enter_blocking
                0x00000000200000c0       0x48 CMakeFiles/SDRead.dir/Users/thetragedyofdarthwise/pico/pico-sdk/src/common/pico_sync/mutex.c.obj
                0x00000000200000c0                mutex_enter_blocking
 .time_critical.mutex_try_enter
                0x0000000020000108       0x44 CMakeFiles/SDRead.dir/Users/thetragedyofdarthwise/pico/pico-sdk/src/common/pico_sync/mutex.c.obj
                0x0000000020000108                mutex_try_enter
 .time_critical.mutex_try_enter_block_until
                0x000000002000014c       0x9c CMakeFiles/SDRead.dir/Users/thetragedyofdarthwise/pico/pico-sdk/src/common/pico_sync/mutex.c.obj
                0x000000002000014c                mutex_try_enter_block_until
 .time_critical.mutex_enter_timeout_ms
                0x00000000200001e8       0x90 CMakeFiles/SDRead.dir/Users/thetragedyofdarthwise/pico/pico-sdk/src/common/pico_sync/mutex.c.obj
                0x00000000200001e8                mutex_enter_timeout_ms
 .time_critical.mutex_exit
                0x0000000020000278       0x28 CMakeFiles/SDRead.dir/Users/thetragedyofdarthwise/pico/pico-sdk/src/common/pico_sync/mutex.c.obj
                0x0000000020000278                mutex_exit
 .time_critical.flash_init_boot2_copyout
                0x00000000200002a0       0x30 CMakeFiles/SDRead.dir/Users/thetragedyofdarthwise/pico/pico-sdk/src/rp2_common/hardware_flash/flash.c.obj
 .time_critical.flash_enable_xip_via_boot2
                0x00000000200002d0       0x10 CMakeFiles/SDRead.dir/Users/thetragedyofdarthwise/pico/pico-sdk/src/rp2_common/hardware_flash/flash.c.obj
 .time_critical.flash_cs_force
                0x00000000200002e0       0x38 CMakeFiles/SDRead.dir/Users/thetragedyofdarthwise/pico/pico-sdk/src/rp2_common/hardware_flash/flash.c.obj
 .time_critical.flash_do_cmd
                0x0000000020000318       0xc4 CMakeFiles/SDRead.dir/Users/thetragedyofdarthwise/pico/pico-sdk/src/rp2_common/hardware_flash/flash.c.obj
                0x0000000020000318                flash_do_cmd
 .time_critical.reset_non_control_endpoints
                0x00000000200003dc       0xbc CMakeFiles/SDRead.dir/Users/thetragedyofdarthwise/pico/pico-sdk/lib/tinyusb/src/portable/raspberrypi/rp2040/dcd_rp2040.c.obj
 .time_critical.hw_handle_buff_status
                0x0000000020000498       0xa8 CMakeFiles/SDRead.dir/Users/thetragedyofdarthwise/pico/pico-sdk/lib/tinyusb/src/portable/raspberrypi/rp2040/dcd_rp2040.c.obj
 .time_critical.dcd_rp2040_irq
                0x0000000020000540      0x4d8 CMakeFiles/SDRead.dir/Users/thetragedyofdarthwise/pico/pico-sdk/lib/tinyusb/src/portable/raspberrypi/rp2040/dcd_rp2040.c.obj
 .time_critical.e15_is_bulkin_ep
                0x0000000020000a18       0x28 CMakeFiles/SDRead.dir/Users/thetragedyofdarthwise/pico/pico-sdk/lib/tinyusb/src/portable/raspberrypi/rp2040/rp2040_usb.c.obj
 .time_critical.e15_is_critical_frame_period
                0x0000000020000a40       0x34 CMakeFiles/SDRead.dir/Users/thetragedyofdarthwise/pico/pico-sdk/lib/tinyusb/src/portable/raspberrypi/rp2040/rp2040_usb.c.obj
 .time_critical.prepare_ep_buffer
                0x0000000020000a74       0x70 CMakeFiles/SDRead.dir/Users/thetragedyofdarthwise/pico/pico-sdk/lib/tinyusb/src/portable/raspberrypi/rp2040/rp2040_usb.c.obj
 .time_critical.sync_ep_buffer
                0x0000000020000ae4       0x4c CMakeFiles/SDRead.dir/Users/thetragedyofdarthwise/pico/pico-sdk/lib/tinyusb/src/portable/raspberrypi/rp2040/rp2040_usb.c.obj
 .time_critical._hw_endpoint_xfer_sync
                0x0000000020000b30       0x28 CMakeFiles/SDRead.dir/Users/thetragedyofdarthwise/pico/pico-sdk/lib/tinyusb/src/portable/raspberrypi/rp2040/rp2040_usb.c.obj
 .time_critical.hw_endpoint_reset_transfer
                0x0000000020000b58        0xc CMakeFiles/SDRead.dir/Users/thetragedyofdarthwise/pico/pico-sdk/lib/tinyusb/src/portable/raspberrypi/rp2040/rp2040_usb.c.obj
                0x0000000020000b58                hw_endpoint_reset_transfer
 .time_critical._hw_endpoint_buffer_control_update32
                0x0000000020000b64       0x58 CMakeFiles/SDRead.dir/Users/thetragedyofdarthwise/pico/pico-sdk/lib/tinyusb/src/portable/raspberrypi/rp2040/rp2040_usb.c.obj
                0x0000000020000b64                _hw_endpoint_buffer_control_update32
 .time_critical.hw_endpoint_start_next_buffer
                0x0000000020000bbc       0x6c CMakeFiles/SDRead.dir/Users/thetragedyofdarthwise/pico/pico-sdk/lib/tinyusb/src/portable/raspberrypi/rp2040/rp2040_usb.c.obj
                0x0000000020000bbc                hw_endpoint_start_next_buffer
 .time_critical.hw_endpoint_xfer_continue
                0x0000000020000c28       0x50 CMakeFiles/SDRead.dir/Users/thetragedyofdarthwise/pico/pico-sdk/lib/tinyusb/src/portable/raspberrypi/rp2040/rp2040_usb.c.obj
                0x0000000020000c28                hw_endpoint_xfer_continue
 .time_critical.tinyusb
                0x0000000020000c78      0x170 CMakeFiles/SDRead.dir/Users/thetragedyofdarthwise/pico/pico-sdk/lib/tinyusb/src/device/usbd.c.obj
                0x0000000020000c78                dcd_event_handler
 .time_critical.spi_write_blocking
                0x0000000020000de8       0x4c CMakeFiles/SDRead.dir/Users/thetragedyofdarthwise/pico/pico-sdk/src/rp2_common/hardware_spi/spi.c.obj
                0x0000000020000de8                spi_write_blocking
 .time_critical.spi_read_blocking
                0x0000000020000e34       0x74 CMakeFiles/SDRead.dir/Users/thetragedyofdarthwise/pico/pico-sdk/src/rp2_common/hardware_spi/spi.c.obj
                0x0000000020000e34                spi_read_blocking
 *(.text*)
 .text          0x0000000020000ea8        0x4 /opt/homebrew/Cellar/arm-none-eabi-gcc/10.3-2021.07/gcc/bin/../lib/gcc/arm-none-eabi/10.3.1/thumb/v6-m/nofp/libgcc.a(_dvmd_tls.o)
                0x0000000020000ea8                __aeabi_ldiv0
                0x0000000020000ea8                __aeabi_idiv0
 *fill*         0x0000000020000eac        0x4 
 .text.__stub   0x0000000020000eb0       0x70 linker stubs
                0x0000000020000f20                . = ALIGN (0x4)
 *(.rodata*)
                0x0000000020000f20                . = ALIGN (0x4)
 *(.data*)
 .data.acmd41_first
                0x0000000020000f20        0x6 CMakeFiles/SDRead.dir/main.c.obj
                0x0000000020000f20                acmd41_first
 *fill*         0x0000000020000f26        0x2 
 .data.cmd0_arg0
                0x0000000020000f28        0x6 CMakeFiles/SDRead.dir/main.c.obj
                0x0000000020000f28                cmd0_arg0
 *fill*         0x0000000020000f2e        0x2 
 .data.cmd55_arg0
                0x0000000020000f30        0x6 CMakeFiles/SDRead.dir/main.c.obj
                0x0000000020000f30                cmd55_arg0
 *fill*         0x0000000020000f36        0x2 
 .data.cmd58_arg0
                0x0000000020000f38        0x6 CMakeFiles/SDRead.dir/main.c.obj
                0x0000000020000f38                cmd58_arg0
 *fill*         0x0000000020000f3e        0x2 
 .data.cmd8_arg1AA
                0x0000000020000f40        0x6 CMakeFiles/SDRead.dir/main.c.obj
                0x0000000020000f40                cmd8_arg1AA
 .data.sd_busy  0x0000000020000f46        0x1 CMakeFiles/SDRead.dir/main.c.obj
                0x0000000020000f46                sd_busy
 .data.striped_spin_lock_num
                0x0000000020000f47        0x1 CMakeFiles/SDRead.dir/Users/thetragedyofdarthwise/pico/pico-sdk/src/rp2_common/hardware_sync/sync.c.obj
 .data          0x0000000020000f48       0x48 CMakeFiles/SDRead.dir/Users/thetragedyofdarthwise/pico/pico-sdk/src/rp2_common/hardware_irq/irq_handler_chain.S.obj
                0x0000000020000f48                irq_handler_chain_slots
                0x0000000020000f78                irq_handler_chain_first_slot
                0x0000000020000f82                irq_handler_chain_remove_tail
 .data.default_alarm_pool
                0x0000000020000f90       0x18 CMakeFiles/SDRead.dir/Users/thetragedyofdarthwise/pico/pico-sdk/src/common/pico_time/time.c.obj
 .data.default_alarm_pool_heap
                0x0000000020000fa8       0x10 CMakeFiles/SDRead.dir/Users/thetragedyofdarthwise/pico/pico-sdk/src/common/pico_time/time.c.obj
 *fill*         0x0000000020000fb8        0x8 
 .data.aeabi_bits_funcs
                0x0000000020000fc0       0x10 CMakeFiles/SDRead.dir/Users/thetragedyofdarthwise/pico/pico-sdk/src/rp2_common/pico_bit_ops/bit_ops_aeabi.S.obj
                0x0000000020000fc0                aeabi_bits_funcs
                0x0000000020000fd0                aeabi_bits_funcs_end
 .data.aeabi_mem_funcs
                0x0000000020000fd0       0x10 CMakeFiles/SDRead.dir/Users/thetragedyofdarthwise/pico/pico-sdk/src/rp2_common/pico_mem_ops/mem_ops_aeabi.S.obj
                0x0000000020000fd0                aeabi_mem_funcs
                0x0000000020000fe0                aeabi_mem_funcs_end
 .data.stdio_usb
                0x0000000020000fe0       0x18 CMakeFiles/SDRead.dir/Users/thetragedyofdarthwise/pico/pico-sdk/src/rp2_common/pico_stdio_usb/stdio_usb.c.obj
                0x0000000020000fe0                stdio_usb
 .data.ep_dir_string
                0x0000000020000ff8        0x8 CMakeFiles/SDRead.dir/Users/thetragedyofdarthwise/pico/pico-sdk/lib/tinyusb/src/portable/raspberrypi/rp2040/rp2040_usb.c.obj
                0x0000000020000ff8                ep_dir_string
 .data._usbd_qdef
                0x0000000020001000       0x1c CMakeFiles/SDRead.dir/Users/thetragedyofdarthwise/pico/pico-sdk/lib/tinyusb/src/device/usbd.c.obj
                0x0000000020001000                _usbd_qdef
 .data._usbd_rhport
                0x000000002000101c        0x1 CMakeFiles/SDRead.dir/Users/thetragedyofdarthwise/pico/pico-sdk/lib/tinyusb/src/device/usbd.c.obj
 *fill*         0x000000002000101d        0x3 
 .data.i2c0_inst
                0x0000000020001020        0x8 CMakeFiles/SDRead.dir/Users/thetragedyofdarthwise/pico/pico-sdk/src/rp2_common/hardware_i2c/i2c.c.obj
                0x0000000020001020                i2c0_inst
 .data.i2c1_inst
                0x0000000020001028        0x8 CMakeFiles/SDRead.dir/Users/thetragedyofdarthwise/pico/pico-sdk/src/rp2_common/hardware_i2c/i2c.c.obj
                0x0000000020001028                i2c1_inst
 .data._impure_ptr
                0x0000000020001030        0x4 /opt/homebrew/Cellar/arm-none-eabi-gcc/10.3-2021.07/gcc/bin/../lib/gcc/arm-none-eabi/10.3.1/../../../../arm-none-eabi/lib/thumb/v6-m/nofp/libc.a(lib_a-impure.o)
                0x0000000020001030                _impure_ptr
 *fill*         0x0000000020001034        0x4 
 .data.impure_data
                0x0000000020001038      0x428 /opt/homebrew/Cellar/arm-none-eabi-gcc/10.3-2021.07/gcc/bin/../lib/gcc/arm-none-eabi/10.3.1/../../../../arm-none-eabi/lib/thumb/v6-m/nofp/libc.a(lib_a-impure.o)
 .data.__malloc_av_
                0x0000000020001460      0x408 /opt/homebrew/Cellar/arm-none-eabi-gcc/10.3-2021.07/gcc/bin/../lib/gcc/arm-none-eabi/10.3.1/../../../../arm-none-eabi/lib/thumb/v6-m/nofp/libc.a(lib_a-mallocr.o)
                0x0000000020001460                __malloc_av_
 .data.__malloc_sbrk_base
                0x0000000020001868        0x4 /opt/homebrew/Cellar/arm-none-eabi-gcc/10.3-2021.07/gcc/bin/../lib/gcc/arm-none-eabi/10.3.1/../../../../arm-none-eabi/lib/thumb/v6-m/nofp/libc.a(lib_a-mallocr.o)
                0x0000000020001868                __malloc_sbrk_base
 .data.__malloc_trim_threshold
                0x000000002000186c        0x4 /opt/homebrew/Cellar/arm-none-eabi-gcc/10.3-2021.07/gcc/bin/../lib/gcc/arm-none-eabi/10.3.1/../../../../arm-none-eabi/lib/thumb/v6-m/nofp/libc.a(lib_a-mallocr.o)
                0x000000002000186c                __malloc_trim_threshold
                0x0000000020001870                . = ALIGN (0x4)
 *(.after_data.*)
                0x0000000020001870                . = ALIGN (0x4)
                0x0000000020001870                PROVIDE (__mutex_array_start = .)
 *(SORT_BY_NAME(.mutex_array.*))
 *(.mutex_array)
 .mutex_array   0x0000000020001870        0x8 CMakeFiles/SDRead.dir/Users/thetragedyofdarthwise/pico/pico-sdk/src/rp2_common/pico_malloc/pico_malloc.c.obj
 .mutex_array   0x0000000020001878        0x8 CMakeFiles/SDRead.dir/Users/thetragedyofdarthwise/pico/pico-sdk/src/rp2_common/pico_stdio/stdio.c.obj
                0x0000000020001880                PROVIDE (__mutex_array_end = .)
                0x0000000020001880                . = ALIGN (0x4)
                0x0000000020001880                PROVIDE (__preinit_array_start = .)
 *(SORT_BY_NAME(.preinit_array.*))
 .preinit_array.00001
                0x0000000020001880        0x4 CMakeFiles/SDRead.dir/Users/thetragedyofdarthwise/pico/pico-sdk/src/rp2_common/pico_mem_ops/mem_ops_aeabi.S.obj
 .preinit_array.00010
                0x0000000020001884        0x4 CMakeFiles/SDRead.dir/Users/thetragedyofdarthwise/pico/pico-sdk/src/rp2_common/pico_bit_ops/bit_ops_aeabi.S.obj
 .preinit_array.00020
                0x0000000020001888        0x4 CMakeFiles/SDRead.dir/Users/thetragedyofdarthwise/pico/pico-sdk/src/rp2_common/pico_double/double_aeabi.S.obj
 .preinit_array.00020
                0x000000002000188c        0x4 CMakeFiles/SDRead.dir/Users/thetragedyofdarthwise/pico/pico-sdk/src/rp2_common/pico_float/float_aeabi.S.obj
 *(.preinit_array)
                0x0000000020001890                PROVIDE (__preinit_array_end = .)
                0x0000000020001890                . = ALIGN (0x4)
                0x0000000020001890                PROVIDE (__init_array_start = .)
 *(SORT_BY_NAME(.init_array.*))
 *(.init_array)
 .init_array    0x0000000020001890        0x4 /opt/homebrew/Cellar/arm-none-eabi-gcc/10.3-2021.07/gcc/bin/../lib/gcc/arm-none-eabi/10.3.1/thumb/v6-m/nofp/crtbegin.o
 .init_array    0x0000000020001894        0x4 CMakeFiles/SDRead.dir/Users/thetragedyofdarthwise/pico/pico-sdk/src/rp2_common/pico_unique_id/unique_id.c.obj
                0x0000000020001898                PROVIDE (__init_array_end = .)
                0x0000000020001898                . = ALIGN (0x4)
                [!provide]                        PROVIDE (__fini_array_start = .)
 *(SORT_BY_NAME(.fini_array.*))
 *(.fini_array)
                [!provide]                        PROVIDE (__fini_array_end = .)
 *(.jcr)
                0x0000000020001898                . = ALIGN (0x4)
                0x0000000020001898                __data_end__ = .

.igot.plt       0x0000000020001898        0x0 load address 0x000000001000a554
 .igot.plt      0x0000000020001898        0x0 /opt/homebrew/Cellar/arm-none-eabi-gcc/10.3-2021.07/gcc/bin/../lib/gcc/arm-none-eabi/10.3.1/thumb/v6-m/nofp/crtbegin.o

.uninitialized_data
                0x0000000020001898        0x0 load address 0x000000001000a554
                0x0000000020001898                . = ALIGN (0x4)
 *(.uninitialized_data*)

.scratch_x      0x0000000020040000        0x0 load address 0x000000001000a554
                0x0000000020040000                __scratch_x_start__ = .
 *(.scratch_x.*)
                0x0000000020040000                . = ALIGN (0x4)
                0x0000000020040000                __scratch_x_end__ = .
                0x000000001000a554                __scratch_x_source__ = LOADADDR (.scratch_x)

.scratch_y      0x0000000020041000        0x0 load address 0x000000001000a554
                0x0000000020041000                __scratch_y_start__ = .
 *(.scratch_y.*)
                0x0000000020041000                . = ALIGN (0x4)
                0x0000000020041000                __scratch_y_end__ = .
                0x000000001000a554                __scratch_y_source__ = LOADADDR (.scratch_y)

.bss            0x0000000020001898      0xde0
                0x0000000020001898                . = ALIGN (0x4)
                0x0000000020001898                __bss_start__ = .
 *(SORT_BY_ALIGNMENT(SORT_BY_NAME(.bss*)))
 .bss.default_alarm_pool_entries
                0x0000000020001898      0x100 CMakeFiles/SDRead.dir/Users/thetragedyofdarthwise/pico/pico-sdk/src/common/pico_time/time.c.obj
 .bss.last_avail_time.1
                0x0000000020001998        0x8 CMakeFiles/SDRead.dir/Users/thetragedyofdarthwise/pico/pico-sdk/src/rp2_common/pico_stdio_usb/stdio_usb.c.obj
 .bss.sd_table  0x00000000200019a0      0x100 CMakeFiles/SDRead.dir/Users/thetragedyofdarthwise/pico/pico-sdk/src/rp2_common/pico_double/double_init_rom.c.obj
                0x00000000200019a0                sd_table
 .bss.sf_table  0x0000000020001aa0      0x100 CMakeFiles/SDRead.dir/Users/thetragedyofdarthwise/pico/pico-sdk/src/rp2_common/pico_float/float_init_rom.c.obj
                0x0000000020001aa0                sf_table
 .bss           0x0000000020001ba0       0x1c /opt/homebrew/Cellar/arm-none-eabi-gcc/10.3-2021.07/gcc/bin/../lib/gcc/arm-none-eabi/10.3.1/thumb/v6-m/nofp/crtbegin.o
 .bss.__lock___malloc_recursive_mutex
                0x0000000020001bbc        0x1 /opt/homebrew/Cellar/arm-none-eabi-gcc/10.3-2021.07/gcc/bin/../lib/gcc/arm-none-eabi/10.3.1/../../../../arm-none-eabi/lib/thumb/v6-m/nofp/libc.a(lib_a-lock.o)
                0x0000000020001bbc                __lock___malloc_recursive_mutex
 *fill*         0x0000000020001bbd        0x3 
 .bss.__malloc_current_mallinfo
                0x0000000020001bc0       0x28 /opt/homebrew/Cellar/arm-none-eabi-gcc/10.3-2021.07/gcc/bin/../lib/gcc/arm-none-eabi/10.3.1/../../../../arm-none-eabi/lib/thumb/v6-m/nofp/libc.a(lib_a-mallocr.o)
                0x0000000020001bc0                __malloc_current_mallinfo
 .bss.__malloc_max_sbrked_mem
                0x0000000020001be8        0x4 /opt/homebrew/Cellar/arm-none-eabi-gcc/10.3-2021.07/gcc/bin/../lib/gcc/arm-none-eabi/10.3.1/../../../../arm-none-eabi/lib/thumb/v6-m/nofp/libc.a(lib_a-mallocr.o)
                0x0000000020001be8                __malloc_max_sbrked_mem
 .bss.__malloc_max_total_mem
                0x0000000020001bec        0x4 /opt/homebrew/Cellar/arm-none-eabi-gcc/10.3-2021.07/gcc/bin/../lib/gcc/arm-none-eabi/10.3.1/../../../../arm-none-eabi/lib/thumb/v6-m/nofp/libc.a(lib_a-mallocr.o)
                0x0000000020001bec                __malloc_max_total_mem
 .bss.__malloc_top_pad
                0x0000000020001bf0        0x4 /opt/homebrew/Cellar/arm-none-eabi-gcc/10.3-2021.07/gcc/bin/../lib/gcc/arm-none-eabi/10.3.1/../../../../arm-none-eabi/lib/thumb/v6-m/nofp/libc.a(lib_a-mallocr.o)
                0x0000000020001bf0                __malloc_top_pad
 .bss._app_driver
                0x0000000020001bf4        0x4 CMakeFiles/SDRead.dir/Users/thetragedyofdarthwise/pico/pico-sdk/lib/tinyusb/src/device/usbd.c.obj
 .bss._cdcd_itf
                0x0000000020001bf8      0x2c8 CMakeFiles/SDRead.dir/Users/thetragedyofdarthwise/pico/pico-sdk/lib/tinyusb/src/class/cdc/cdc_device.c.obj
 .bss._ctrl_xfer
                0x0000000020001ec0       0x14 CMakeFiles/SDRead.dir/Users/thetragedyofdarthwise/pico/pico-sdk/lib/tinyusb/src/device/usbd_control.c.obj
 .bss._ubsd_mutexdef
                0x0000000020001ed4        0x8 CMakeFiles/SDRead.dir/Users/thetragedyofdarthwise/pico/pico-sdk/lib/tinyusb/src/device/usbd.c.obj
 .bss._usbd_ctrl_buf
                0x0000000020001edc       0x40 CMakeFiles/SDRead.dir/Users/thetragedyofdarthwise/pico/pico-sdk/lib/tinyusb/src/device/usbd_control.c.obj
 .bss._usbd_dev
                0x0000000020001f1c       0x53 CMakeFiles/SDRead.dir/Users/thetragedyofdarthwise/pico/pico-sdk/lib/tinyusb/src/device/usbd.c.obj
 *fill*         0x0000000020001f6f        0x1 
 .bss._usbd_mutex
                0x0000000020001f70        0x4 CMakeFiles/SDRead.dir/Users/thetragedyofdarthwise/pico/pico-sdk/lib/tinyusb/src/device/usbd.c.obj
 .bss._usbd_q   0x0000000020001f74        0x4 CMakeFiles/SDRead.dir/Users/thetragedyofdarthwise/pico/pico-sdk/lib/tinyusb/src/device/usbd.c.obj
 .bss._usbd_qdef_buf
                0x0000000020001f78       0xc0 CMakeFiles/SDRead.dir/Users/thetragedyofdarthwise/pico/pico-sdk/lib/tinyusb/src/device/usbd.c.obj
                0x0000000020001f78                _usbd_qdef_buf
 .bss.alarm_callbacks
                0x0000000020002038       0x10 CMakeFiles/SDRead.dir/Users/thetragedyofdarthwise/pico/pico-sdk/src/rp2_common/hardware_timer/timer.c.obj
 .bss.boot2_copyout
                0x0000000020002048      0x100 CMakeFiles/SDRead.dir/Users/thetragedyofdarthwise/pico/pico-sdk/src/rp2_common/hardware_flash/flash.c.obj
 .bss.chars_available_callback
                0x0000000020002148        0x4 CMakeFiles/SDRead.dir/Users/thetragedyofdarthwise/pico/pico-sdk/src/rp2_common/pico_stdio_usb/stdio_usb.c.obj
 .bss.chars_available_param